Component: ARM Compiler 5.06 update 7 (build 960) Tool: armlink [4d3601]

==============================================================================

Section Cross References

    main.o(i.main) refers to board.o(i.board_init) for board_init
    main.o(i.main) refers to usart.o(i.usart_init) for usart_init
    main.o(i.main) refers to myringbuffer.o(i.myringbuffer_init) for myringbuffer_init
    main.o(i.main) refers to myshell.o(i.myshell_init) for myshell_init
    main.o(i.main) refers to mytlsf.o(i.mytlsf_init) for mytlsf_init
    main.o(i.main) refers to shell.o(i.shellTask) for shellTask
    main.o(i.main) refers to myshell.o(.bss) for shell
    board.o(i.board_init) refers to misc.o(i.NVIC_PriorityGroupConfig) for NVIC_PriorityGroupConfig
    mymalloc.o(i.free) refers to mytlsf.o(i.mytlsf_free) for mytlsf_free
    mymalloc.o(i.malloc) refers to mytlsf.o(i.mytlsf_malloc) for mytlsf_malloc
    cmd_helloworld.o(i.cmd_helloworld) refers to shell.o(i.shellGetCurrent) for shellGetCurrent
    cmd_helloworld.o(i.cmd_helloworld) refers to shell.o(i.shellWriteString) for shellWriteString
    cmd_helloworld.o(i.cmd_helloworld) refers to shell.o(i.shellPrint) for shellPrint
    cmd_helloworld.o(i.func) refers to shell.o(i.shellGetCurrent) for shellGetCurrent
    cmd_helloworld.o(i.func) refers to shell.o(i.shellPrint) for shellPrint
    cmd_helloworld.o(shellCommand) refers to cmd_helloworld.o(.constdata) for shellCmdhelloworld
    cmd_helloworld.o(shellCommand) refers to cmd_helloworld.o(i.cmd_helloworld) for cmd_helloworld
    cmd_helloworld.o(shellCommand) refers to cmd_helloworld.o(i.func) for func
    cmd_malloc_override.o(i.cmd_malloc_override) refers to mymalloc.o(i.malloc) for malloc
    cmd_malloc_override.o(i.cmd_malloc_override) refers to shell.o(i.shellGetCurrent) for shellGetCurrent
    cmd_malloc_override.o(i.cmd_malloc_override) refers to shell.o(i.shellPrint) for shellPrint
    cmd_malloc_override.o(i.cmd_malloc_override) refers to mymalloc.o(i.free) for free
    cmd_malloc_override.o(shellCommand) refers to cmd_malloc_override.o(.constdata) for shellCmdmallocoveride
    cmd_malloc_override.o(shellCommand) refers to cmd_malloc_override.o(i.cmd_malloc_override) for cmd_malloc_override
    cmd_tlsf.o(i.cmd_tlsf_malloc) refers to atoi.o(.text) for atoi
    cmd_tlsf.o(i.cmd_tlsf_malloc) refers to tlsf.o(i.tlsf_malloc) for tlsf_malloc
    cmd_tlsf.o(i.cmd_tlsf_malloc) refers to shell.o(i.shellGetCurrent) for shellGetCurrent
    cmd_tlsf.o(i.cmd_tlsf_malloc) refers to shell.o(i.shellWriteString) for shellWriteString
    cmd_tlsf.o(i.cmd_tlsf_malloc) refers to shell.o(i.shellPrint) for shellPrint
    cmd_tlsf.o(i.cmd_tlsf_malloc) refers to mytlsf.o(.data) for tlsf
    cmd_tlsf.o(shellCommand) refers to cmd_tlsf.o(.constdata) for shellCmdtlsfmalloc
    cmd_tlsf.o(shellCommand) refers to cmd_tlsf.o(i.cmd_tlsf_malloc) for cmd_tlsf_malloc
    usart.o(i.USART1_IRQHandler) refers to stm32f4xx_usart.o(i.USART_GetITStatus) for USART_GetITStatus
    usart.o(i.USART1_IRQHandler) refers to stm32f4xx_usart.o(i.USART_ReceiveData) for USART_ReceiveData
    usart.o(i.USART1_IRQHandler) refers to ringbuffer8.o(i.rb8_put) for rb8_put
    usart.o(i.USART1_IRQHandler) refers to stm32f4xx_usart.o(i.USART_ClearITPendingBit) for USART_ClearITPendingBit
    usart.o(i.USART1_IRQHandler) refers to myringbuffer.o(.data) for rb
    usart.o(i._usart_conf_init) refers to stm32f4xx_rcc.o(i.RCC_APB2PeriphClockCmd) for RCC_APB2PeriphClockCmd
    usart.o(i._usart_conf_init) refers to stm32f4xx_usart.o(i.USART_Init) for USART_Init
    usart.o(i._usart_conf_init) refers to stm32f4xx_usart.o(i.USART_Cmd) for USART_Cmd
    usart.o(i._usart_it_init) refers to misc.o(i.NVIC_Init) for NVIC_Init
    usart.o(i._usart_it_init) refers to stm32f4xx_usart.o(i.USART_ITConfig) for USART_ITConfig
    usart.o(i._usart_pin_init) refers to stm32f4xx_rcc.o(i.RCC_AHB1PeriphClockCmd) for RCC_AHB1PeriphClockCmd
    usart.o(i._usart_pin_init) refers to stm32f4xx_gpio.o(i.GPIO_PinAFConfig) for GPIO_PinAFConfig
    usart.o(i._usart_pin_init) refers to stm32f4xx_gpio.o(i.GPIO_Init) for GPIO_Init
    usart.o(i.usart_init) refers to usart.o(i._usart_pin_init) for _usart_pin_init
    usart.o(i.usart_init) refers to usart.o(i._usart_conf_init) for _usart_conf_init
    usart.o(i.usart_init) refers to usart.o(i._usart_it_init) for _usart_it_init
    usart.o(i.usart_send) refers to stm32f4xx_usart.o(i.USART_SendData) for USART_SendData
    usart.o(i.usart_send) refers to stm32f4xx_usart.o(i.USART_GetFlagStatus) for USART_GetFlagStatus
    myshell.o(i._shell_read_implement) refers to ringbuffer8.o(i.rb8_empty) for rb8_empty
    myshell.o(i._shell_read_implement) refers to ringbuffer8.o(i.rb8_get) for rb8_get
    myshell.o(i._shell_read_implement) refers to myringbuffer.o(.data) for rb
    myshell.o(i._shell_write_implement) refers to usart.o(i.usart_send) for usart_send
    myshell.o(i.myshell_init) refers to shell.o(i.shellInit) for shellInit
[...]
    _fp_digits                               0x08000f49   Thumb Code   366  printfa.o(i._fp_digits)
    i._printf_core                           0x080010cc   Section        0  printfa.o(i._printf_core)
    _printf_core                             0x080010cd   Thumb Code  1704  printfa.o(i._printf_core)
    i._printf_post_padding                   0x08001780   Section        0  printfa.o(i._printf_post_padding)
    _printf_post_padding                     0x08001781   Thumb Code    36  printfa.o(i._printf_post_padding)
    i._printf_pre_padding                    0x080017a4   Section        0  printfa.o(i._printf_pre_padding)
    _printf_pre_padding                      0x080017a5   Thumb Code    46  printfa.o(i._printf_pre_padding)
    i._shell_read_implement                  0x080017d4   Section        0  myshell.o(i._shell_read_implement)
    i._shell_write_implement                 0x080017fc   Section        0  myshell.o(i._shell_write_implement)
    i._snputc                                0x08001818   Section        0  printfa.o(i._snputc)
    _snputc                                  0x08001819   Thumb Code    22  printfa.o(i._snputc)
    i._usart_conf_init                       0x08001830   Section        0  usart.o(i._usart_conf_init)
    i._usart_it_init                         0x08001870   Section        0  usart.o(i._usart_it_init)
    i._usart_pin_init                        0x080018a0   Section        0  usart.o(i._usart_pin_init)
    i.adjust_request_size                    0x080018ec   Section        0  tlsf.o(i.adjust_request_size)
    adjust_request_size                      0x080018ed   Thumb Code    48  tlsf.o(i.adjust_request_size)
    i.align_down                             0x0800191c   Section        0  tlsf.o(i.align_down)
    align_down                               0x0800191d   Thumb Code    10  tlsf.o(i.align_down)
    i.align_up                               0x08001926   Section        0  tlsf.o(i.align_up)
    align_up                                 0x08001927   Thumb Code    12  tlsf.o(i.align_up)
    i.block_absorb                           0x08001932   Section        0  tlsf.o(i.block_absorb)
    block_absorb                             0x08001933   Thumb Code    30  tlsf.o(i.block_absorb)
    i.block_can_split                        0x08001950   Section        0  tlsf.o(i.block_can_split)
    block_can_split                          0x08001951   Thumb Code    28  tlsf.o(i.block_can_split)
    i.block_from_ptr                         0x0800196c   Section        0  tlsf.o(i.block_from_ptr)
    block_from_ptr                           0x0800196d   Thumb Code     8  tlsf.o(i.block_from_ptr)
    i.block_insert                           0x08001974   Section        0  tlsf.o(i.block_insert)
    block_insert                             0x08001975   Thumb Code    36  tlsf.o(i.block_insert)
    i.block_is_free                          0x08001998   Section        0  tlsf.o(i.block_is_free)
    block_is_free                            0x08001999   Thumb Code    10  tlsf.o(i.block_is_free)
    i.block_is_prev_free                     0x080019a2   Section        0  tlsf.o(i.block_is_prev_free)
    block_is_prev_free                       0x080019a3   Thumb Code    10  tlsf.o(i.block_is_prev_free)
    i.block_link_next                        0x080019ac   Section        0  tlsf.o(i.block_link_next)
    block_link_next                          0x080019ad   Thumb Code    18  tlsf.o(i.block_link_next)
    i.block_locate_free                      0x080019be   Section        0  tlsf.o(i.block_locate_free)
    block_locate_free                        0x080019bf   Thumb Code    62  tlsf.o(i.block_locate_free)
    i.block_mark_as_free                     0x080019fc   Section        0  tlsf.o(i.block_mark_as_free)
    block_mark_as_free                       0x080019fd   Thumb Code    26  tlsf.o(i.block_mark_as_free)
    i.block_mark_as_used                     0x08001a16   Section        0  tlsf.o(i.block_mark_as_used)
    block_mark_as_used                       0x08001a17   Thumb Code    26  tlsf.o(i.block_mark_as_used)
    i.block_merge_next                       0x08001a30   Section        0  tlsf.o(i.block_merge_next)
    block_merge_next                         0x08001a31   Thumb Code    44  tlsf.o(i.block_merge_next)
    i.block_merge_prev                       0x08001a5c   Section        0  tlsf.o(i.block_merge_prev)
    block_merge_prev                         0x08001a5d   Thumb Code    46  tlsf.o(i.block_merge_prev)
    i.block_next                             0x08001a8a   Section        0  tlsf.o(i.block_next)
    block_next                               0x08001a8b   Thumb Code    36  tlsf.o(i.block_next)
    i.block_prepare_used                     0x08001aae   Section        0  tlsf.o(i.block_prepare_used)
    block_prepare_used                       0x08001aaf   Thumb Code    44  tlsf.o(i.block_prepare_used)
    i.block_prev                             0x08001ada   Section        0  tlsf.o(i.block_prev)
    block_prev                               0x08001adb   Thumb Code     6  tlsf.o(i.block_prev)
    i.block_remove                           0x08001ae0   Section        0  tlsf.o(i.block_remove)
    block_remove                             0x08001ae1   Thumb Code    36  tlsf.o(i.block_remove)
    i.block_set_free                         0x08001b04   Section        0  tlsf.o(i.block_set_free)
    block_set_free                           0x08001b05   Thumb Code    10  tlsf.o(i.block_set_free)
    i.block_set_prev_free                    0x08001b0e   Section        0  tlsf.o(i.block_set_prev_free)
    block_set_prev_free                      0x08001b0f   Thumb Code    10  tlsf.o(i.block_set_prev_free)
    i.block_set_prev_used                    0x08001b18   Section        0  tlsf.o(i.block_set_prev_used)
    block_set_prev_used                      0x08001b19   Thumb Code    10  tlsf.o(i.block_set_prev_used)
    i.block_set_size                         0x08001b22   Section        0  tlsf.o(i.block_set_size)
    block_set_size                           0x08001b23   Thumb Code    12  tlsf.o(i.block_set_size)
    i.block_set_used                         0x08001b2e   Section        0  tlsf.o(i.block_set_used)
    block_set_used                           0x08001b2f   Thumb Code    10  tlsf.o(i.block_set_used)
    i.block_size                             0x08001b38   Section        0  tlsf.o(i.block_size)
    block_size                               0x08001b39   Thumb Code    10  tlsf.o(i.block_size)
    i.block_split                            0x08001b42   Section        0  tlsf.o(i.block_split)
    block_split                              0x08001b43   Thumb Code    62  tlsf.o(i.block_split)
    i.block_to_ptr                           0x08001b80   Section        0  tlsf.o(i.block_to_ptr)
    block_to_ptr                             0x08001b81   Thumb Code     8  tlsf.o(i.block_to_ptr)
    i.block_trim_free                        0x08001b88   Section        0  tlsf.o(i.block_trim_free)
    block_trim_free                          0x08001b89   Thumb Code    56  tlsf.o(i.block_trim_free)
    i.board_init                             0x08001bc0   Section        0  board.o(i.board_init)
    i.cmd_helloworld                         0x08001bcc   Section        0  cmd_helloworld.o(i.cmd_helloworld)
    i.cmd_malloc_override                    0x08001c50   Section        0  cmd_malloc_override.o(i.cmd_malloc_override)
    i.cmd_tlsf_malloc                        0x08001cc4   Section        0  cmd_tlsf.o(i.cmd_tlsf_malloc)
    i.control_construct                      0x08001d58   Section        0  tlsf.o(i.control_construct)
    control_construct                        0x08001d59   Thumb Code    54  tlsf.o(i.control_construct)
    i.fputc                                  0x08001d8e   Section        0  fputc.o(i.fputc)
    i.free                                   0x08001da0   Section        0  mymalloc.o(i.free)
    i.func                                   0x08001dac   Section        0  cmd_helloworld.o(i.func)
    i.insert_free_block                      0x08001df4   Section        0  tlsf.o(i.insert_free_block)
    insert_free_block                        0x08001df5   Thumb Code    66  tlsf.o(i.insert_free_block)
    i.main                                   0x08001e38   Section        0  main.o(i.main)
    i.malloc                                 0x08001e60   Section        0  mymalloc.o(i.malloc)
    i.mapping_insert                         0x08001e6c   Section        0  tlsf.o(i.mapping_insert)
    mapping_insert                           0x08001e6d   Thumb Code    58  tlsf.o(i.mapping_insert)
    i.mapping_search                         0x08001ea6   Section        0  tlsf.o(i.mapping_search)
    mapping_search                           0x08001ea7   Thumb Code    48  tlsf.o(i.mapping_search)
    i.myringbuffer_init                      0x08001ed8   Section        0  myringbuffer.o(i.myringbuffer_init)
    i.myshell_init                           0x08001ef4   Section        0  myshell.o(i.myshell_init)
    i.mytlsf_free                            0x08001f20   Section        0  mytlsf.o(i.mytlsf_free)
    i.mytlsf_init                            0x08001f40   Section        0  mytlsf.o(i.mytlsf_init)
    i.mytlsf_malloc                          0x08001f5c   Section        0  mytlsf.o(i.mytlsf_malloc)
    i.next_head                              0x08001f7c   Section        0  ringbuffer8.o(i.next_head)
    next_head                                0x08001f7d   Thumb Code    24  ringbuffer8.o(i.next_head)
    i.offset_to_block                        0x08001f94   Section        0  tlsf.o(i.offset_to_block)
    offset_to_block                          0x08001f95   Thumb Code     6  tlsf.o(i.offset_to_block)
    i.rb8_empty                              0x08001f9a   Section        0  ringbuffer8.o(i.rb8_empty)
    i.rb8_get                                0x08001fac   Section        0  ringbuffer8.o(i.rb8_get)
    i.rb8_new                                0x08001fe0   Section        0  ringbuffer8.o(i.rb8_new)
    i.rb8_put                                0x08001fec   Section        0  ringbuffer8.o(i.rb8_put)
    i.remove_free_block                      0x08002016   Section        0  tlsf.o(i.remove_free_block)
    remove_free_block                        0x08002017   Thumb Code    84  tlsf.o(i.remove_free_block)
    i.search_suitable_block                  0x0800206a   Section        0  tlsf.o(i.search_suitable_block)
    search_suitable_block                    0x0800206b   Thumb Code   114  tlsf.o(i.search_suitable_block)
    i.shellAdd                               0x080020dc   Section        0  shell.o(i.shellAdd)
    shellAdd                                 0x080020dd   Thumb Code    34  shell.o(i.shellAdd)
    i.shellBackspace                         0x08002104   Section        0  shell.o(i.shellBackspace)
    i.shellCheckPassword                     0x08002114   Section        0  shell.o(i.shellCheckPassword)
    shellCheckPassword                       0x08002115   Thumb Code    62  shell.o(i.shellCheckPassword)
    i.shellCheckPermission                   0x08002158   Section        0  shell.o(i.shellCheckPermission)
    i.shellClear                             0x08002190   Section        0  shell.o(i.shellClear)
    i.shellClearCommandLine                  0x080021ac   Section        0  shell.o(i.shellClearCommandLine)
    i.shellCmds                              0x080021d4   Section        0  shell.o(i.shellCmds)
    i.shellDelete                            0x080021e6   Section        0  shell.o(i.shellDelete)
    i.shellDeleteByte                        0x080021f6   Section        0  shell.o(i.shellDeleteByte)
    i.shellDeleteCommandLine                 0x080022d0   Section        0  shell.o(i.shellDeleteCommandLine)
    i.shellDown                              0x080022f0   Section        0  shell.o(i.shellDown)
    i.shellEnter                             0x08002300   Section        0  shell.o(i.shellEnter)
    i.shellExec                              0x08002314   Section        0  shell.o(i.shellExec)
    i.shellExtNumType                        0x08002388   Section        0  shell_ext.o(i.shellExtNumType)
    shellExtNumType                          0x08002389   Thumb Code    88  shell_ext.o(i.shellExtNumType)
    i.shellExtParseChar                      0x080023e0   Section        0  shell_ext.o(i.shellExtParseChar)
    shellExtParseChar                        0x080023e1   Thumb Code    70  shell_ext.o(i.shellExtParseChar)
    i.shellExtParseNumber                    0x08002428   Section        0  shell_ext.o(i.shellExtParseNumber)
    shellExtParseNumber                      0x08002429   Thumb Code   232  shell_ext.o(i.shellExtParseNumber)
    i.shellExtParsePara                      0x08002514   Section        0  shell_ext.o(i.shellExtParsePara)
    i.shellExtParseString                    0x0800256a   Section        0  shell_ext.o(i.shellExtParseString)
    shellExtParseString                      0x0800256b   Thumb Code    74  shell_ext.o(i.shellExtParseString)
    i.shellExtParseVar                       0x080025b4   Section        0  shell_ext.o(i.shellExtParseVar)
    shellExtParseVar                         0x080025b5   Thumb Code    36  shell_ext.o(i.shellExtParseVar)
    i.shellExtRun                            0x080025d8   Section        0  shell_ext.o(i.shellExtRun)
    i.shellExtToNum                          0x080026a2   Section        0  shell_ext.o(i.shellExtToNum)
    shellExtToNum                            0x080026a3   Thumb Code    54  shell_ext.o(i.shellExtToNum)
    i.shellGetCommandDesc                    0x080026d8   Section        0  shell.o(i.shellGetCommandDesc)
    shellGetCommandDesc                      0x080026d9   Thumb Code    48  shell.o(i.shellGetCommandDesc)
    i.shellGetCommandName                    0x08002708   Section        0  shell.o(i.shellGetCommandName)
    shellGetCommandName                      0x08002709   Thumb Code    76  shell.o(i.shellGetCommandName)
    i.shellGetCurrent                        0x08002758   Section        0  shell.o(i.shellGetCurrent)
    i.shellGetVarValue                       0x0800278c   Section        0  shell.o(i.shellGetVarValue)
    i.shellHandler                           0x080027e0   Section        0  shell.o(i.shellHandler)
    i.shellHelp                              0x080028cc   Section        0  shell.o(i.shellHelp)
    i.shellHistory                           0x080028f8   Section        0  shell.o(i.shellHistory)
    shellHistory                             0x080028f9   Thumb Code   194  shell.o(i.shellHistory)
    i.shellHistoryAdd                        0x080029ba   Section        0  shell.o(i.shellHistoryAdd)
    shellHistoryAdd                          0x080029bb   Thumb Code   122  shell.o(i.shellHistoryAdd)
    i.shellInit                              0x08002a34   Section        0  shell.o(i.shellInit)
    i.shellInsertByte                        0x08002adc   Section        0  shell.o(i.shellInsertByte)
    i.shellKeys                              0x08002bb4   Section        0  shell.o(i.shellKeys)
    i.shellLeft                              0x08002bc6   Section        0  shell.o(i.shellLeft)
    i.shellListAll                           0x08002be0   Section        0  shell.o(i.shellListAll)
    i.shellListCommand                       0x08002bec   Section        0  shell.o(i.shellListCommand)
    i.shellListItem                          0x08002c38   Section        0  shell.o(i.shellListItem)
    i.shellListKey                           0x08002d34   Section        0  shell.o(i.shellListKey)
    i.shellListUser                          0x08002d8c   Section        0  shell.o(i.shellListUser)
    i.shellListVar                           0x08002de4   Section        0  shell.o(i.shellListVar)
    i.shellNormalInput                       0x08002e3c   Section        0  shell.o(i.shellNormalInput)
    i.shellParserParam                       0x08002e58   Section        0  shell.o(i.shellParserParam)
    shellParserParam                         0x08002e59   Thumb Code   142  shell.o(i.shellParserParam)
    i.shellPrint                             0x08002ee6   Section        0  shell.o(i.shellPrint)
    i.shellRemoveParamQuotes                 0x08002f18   Section        0  shell.o(i.shellRemoveParamQuotes)
    shellRemoveParamQuotes                   0x08002f19   Thumb Code   104  shell.o(i.shellRemoveParamQuotes)
    i.shellRight                             0x08002f80   Section        0  shell.o(i.shellRight)
    i.shellRunCommand                        0x08002f9e   Section        0  shell.o(i.shellRunCommand)
    i.shellSeekCommand                       0x0800304c   Section        0  shell.o(i.shellSeekCommand)
    i.shellSetUser                           0x080030c8   Section        0  shell.o(i.shellSetUser)
    shellSetUser                             0x080030c9   Thumb Code    74  shell.o(i.shellSetUser)
    i.shellSetVar                            0x08003118   Section        0  shell.o(i.shellSetVar)
    i.shellSetVarValue                       0x08003188   Section        0  shell.o(i.shellSetVarValue)
    i.shellShowVar                           0x08003218   Section        0  shell.o(i.shellShowVar)
    shellShowVar                             0x08003219   Thumb Code   158  shell.o(i.shellShowVar)
    i.shellStringCompare                     0x080032d8   Section        0  shell.o(i.shellStringCompare)
    shellStringCompare                       0x080032d9   Thumb Code    44  shell.o(i.shellStringCompare)
    i.shellStringCopy                        0x08003304   Section        0  shell.o(i.shellStringCopy)
    shellStringCopy                          0x08003305   Thumb Code    24  shell.o(i.shellStringCopy)
    i.shellTab                               0x0800331c   Section        0  shell.o(i.shellTab)
    i.shellTask                              0x0800342c   Section        0  shell.o(i.shellTask)
    i.shellToDec                             0x0800344e   Section        0  shell.o(i.shellToDec)
    i.shellToHex                             0x080034a4   Section        0  shell.o(i.shellToHex)
    i.shellUp                                0x080034dc   Section        0  shell.o(i.shellUp)
    i.shellUsers                             0x080034ea   Section        0  shell.o(i.shellUsers)
    i.shellVars                              0x080034fc   Section        0  shell.o(i.shellVars)
    i.shellWriteByte                         0x0800350e   Section        0  shell.o(i.shellWriteByte)
    shellWriteByte                           0x0800350f   Thumb Code    14  shell.o(i.shellWriteByte)
    i.shellWriteCommandDesc                  0x0800351c   Section        0  shell.o(i.shellWriteCommandDesc)
    shellWriteCommandDesc                    0x0800351d   Thumb Code    88  shell.o(i.shellWriteCommandDesc)
    i.shellWriteCommandHelp                  0x08003578   Section        0  shell.o(i.shellWriteCommandHelp)
    shellWriteCommandHelp                    0x08003579   Thumb Code    98  shell.o(i.shellWriteCommandHelp)
    i.shellWritePrompt                       0x080035e4   Section        0  shell.o(i.shellWritePrompt)
    shellWritePrompt                         0x080035e5   Thumb Code    84  shell.o(i.shellWritePrompt)
    i.shellWriteReturnValue                  0x0800364c   Section        0  shell.o(i.shellWriteReturnValue)
    shellWriteReturnValue                    0x0800364d   Thumb Code   104  shell.o(i.shellWriteReturnValue)
    i.shellWriteString                       0x080036d8   Section        0  shell.o(i.shellWriteString)
    i.tlsf_add_pool                          0x08003708   Section        0  tlsf.o(i.tlsf_add_pool)
    i.tlsf_create                            0x08003818   Section        0  tlsf.o(i.tlsf_create)
    i.tlsf_create_with_pool                  0x08003874   Section        0  tlsf.o(i.tlsf_create_with_pool)
    i.tlsf_ffs                               0x080038a2   Section        0  tlsf.o(i.tlsf_ffs)
    tlsf_ffs                                 0x080038a3   Thumb Code    24  tlsf.o(i.tlsf_ffs)
    i.tlsf_fls                               0x080038ba   Section        0  tlsf.o(i.tlsf_fls)
    tlsf_fls                                 0x080038bb   Thumb Code    22  tlsf.o(i.tlsf_fls)
    i.tlsf_free                              0x080038d0   Section        0  tlsf.o(i.tlsf_free)
    i.tlsf_malloc                            0x0800390c   Section        0  tlsf.o(i.tlsf_malloc)
    i.tlsf_pool_overhead                     0x08003938   Section        0  tlsf.o(i.tlsf_pool_overhead)
    i.tlsf_size                              0x0800393c   Section        0  tlsf.o(i.tlsf_size)
    i.usart_init                             0x08003942   Section        0  usart.o(i.usart_init)
    i.usart_send                             0x08003958   Section        0  usart.o(i.usart_send)
    .constdata                               0x08003978   Section       52  cmd_helloworld.o(.constdata)
    .constdata                               0x080039ac   Section       33  cmd_malloc_override.o(.constdata)
    .constdata                               0x080039cd   Section       28  cmd_tlsf.o(.constdata)
    .constdata                               0x080039e9   Section      227  shell.o(.constdata)
    .constdata                               0x08003acc   Section      129  ctype_o.o(.constdata)
    .constdata                               0x08003b50   Section        4  ctype_o.o(.constdata)
    table                                    0x08003b50   Data           4  ctype_o.o(.constdata)
    .conststring                             0x08003b54   Section      677  shell.o(.conststring)
    shellCommand                             0x08003e1c   Section       32  cmd_helloworld.o(shellCommand)
    __tagsym$$used                           0x08003e1c   Number         0  cmd_helloworld.o(shellCommand)
    __tagsym$$used                           0x08003e2c   Number         0  cmd_helloworld.o(shellCommand)
    shellCommand                             0x08003e3c   Section       16  cmd_malloc_override.o(shellCommand)
    __tagsym$$used                           0x08003e3c   Number         0  cmd_malloc_override.o(shellCommand)
    shellCommand                             0x08003e4c   Section       16  cmd_tlsf.o(shellCommand)
    __tagsym$$used                           0x08003e4c   Number         0  cmd_tlsf.o(shellCommand)
    shellCommand                             0x08003e5c   Section      288  shell.o(shellCommand)
    __tagsym$$used                           0x08003e5c   Number         0  shell.o(shellCommand)
    __tagsym$$used                           0x08003e6c   Number         0  shell.o(shellCommand)
    __tagsym$$used                           0x08003e7c   Number         0  shell.o(shellCommand)
    __tagsym$$used                           0x08003e8c   Number         0  shell.o(shellCommand)
    __tagsym$$used                           0x08003e9c   Number         0  shell.o(shellCommand)
    __tagsym$$used                           0x08003eac   Number         0  shell.o(shellCommand)
    __tagsym$$used                           0x08003ebc   Number         0  shell.o(shellCommand)
    __tagsym$$used                           0x08003ecc   Number         0  shell.o(shellCommand)
    __tagsym$$used                           0x08003edc   Number         0  shell.o(shellCommand)
    __tagsym$$used                           0x08003eec   Number         0  shell.o(shellCommand)
    __tagsym$$used                           0x08003efc   Number         0  shell.o(shellCommand)
    __tagsym$$used                           0x08003f0c   Number         0  shell.o(shellCommand)
    __tagsym$$used                           0x08003f1c   Number         0  shell.o(shellCommand)
    __tagsym$$used                           0x08003f2c   Number         0  shell.o(shellCommand)
    __tagsym$$used                           0x08003f3c   Number         0  shell.o(shellCommand)
    __tagsym$$used                           0x08003f4c   Number         0  shell.o(shellCommand)
    __tagsym$$used                           0x08003f5c   Number         0  shell.o(shellCommand)
    __tagsym$$used                           0x08003f6c   Number         0  shell.o(shellCommand)
    .data                                    0x20000000   Section        4  myringbuffer.o(.data)
    .data                                    0x20000004   Section        4  mytlsf.o(.data)
    .data                                    0x20000008   Section       16  stm32f4xx_rcc.o(.data)
    APBAHBPrescTable                         0x20000008   Data          16  stm32f4xx_rcc.o(.data)
    .data                                    0x20000018   Section       84  shell.o(.data)
    shellText                                0x20000018   Data          84  shell.o(.data)
    .data                                    0x2000006c   Section        4  stdout.o(.data)
    .data                                    0x20000070   Section        4  errno.o(.data)
    _errno                                   0x20000070   Data           4  errno.o(.data)
    .bss                                     0x20000074   Section      620  myshell.o(.bss)
    .bss                                     0x200002e0   Section      512  myringbuffer.o(.bss)
    .bss                                     0x200004e0   Section    65536  mytlsf.o(.bss)
    .bss                                     0x200104e0   Section       29  shell.o(.bss)
    shellList                                0x200104e0   Data          20  shell.o(.bss)
    buffer                                   0x200104f4   Data           9  shell.o(.bss)
    STACK                                    0x20010500   Section     1024  startup_stm32f40xx.o(STACK)

    Global Symbols

    Symbol Name                              Value     Ov Type        Size  Object(Section)

    BuildAttributes$$THM_ISAv4$E$P$D$K$B$S$7EM$VFPi3$EXTD16$VFPS$VFMA$PE$A:L22UL41UL21$X:L11$S22US41US21$IEEE1$IW$USESV6$~STKCKD$USESV7$~SHL$OSPACE$ROPI$EBA8$MICROLIB$REQ8$PRES8$EABIv2 0x00000000   Number         0  anon$$obj.o ABSOLUTE
    __ARM_use_no_argv                        0x00000000   Number         0  main.o ABSOLUTE
    _printf_a                                0x00000000   Number         0  stubs.o ABSOLUTE
    _printf_c                                0x00000000   Number         0  stubs.o ABSOLUTE
    _printf_charcount                        0x00000000   Number         0  stubs.o ABSOLUTE
    _printf_d                                0x00000000   Number         0  stubs.o ABSOLUTE
    _printf_e                                0x00000000   Number         0  stubs.o ABSOLUTE
    _printf_f                                0x00000000   Number         0  stubs.o ABSOLUTE
    _printf_flags                            0x00000000   Number         0  stubs.o ABSOLUTE
    _printf_fp_dec                           0x00000000   Number         0  stubs.o ABSOLUTE
    _printf_fp_hex                           0x00000000   Number         0  stubs.o ABSOLUTE
    _printf_g                                0x00000000   Number         0  stubs.o ABSOLUTE
    _printf_i                                0x00000000   Number         0  stubs.o ABSOLUTE
    _printf_int_dec                          0x00000000   Number         0  stubs.o ABSOLUTE
    _printf_l                                0x00000000   Number         0  stubs.o ABSOLUTE
    _printf_lc                               0x00000000   Number         0  stubs.o ABSOLUTE
    _printf_ll                               0x00000000   Number         0  stubs.o ABSOLUTE
    _printf_lld                              0x00000000   Number         0  stubs.o ABSOLUTE
    _printf_lli                              0x00000000   Number         0  stubs.o ABSOLUTE
    _printf_llo                              0x00000000   Number         0  stubs.o ABSOLUTE
    _printf_llu                              0x00000000   Number         0  stubs.o ABSOLUTE
    _printf_llx                              0x00000000   Number         0  stubs.o ABSOLUTE
    _printf_longlong_dec                     0x00000000   Number         0  stubs.o ABSOLUTE
    _printf_longlong_hex                     0x00000000   Number         0  stubs.o ABSOLUTE
    _printf_longlong_oct                     0x00000000   Number         0  stubs.o ABSOLUTE
    _printf_ls                               0x00000000   Number         0  stubs.o ABSOLUTE
    _printf_mbtowc                           0x00000000   Number         0  stubs.o ABSOLUTE
    _printf_n                                0x00000000   Number         0  stubs.o ABSOLUTE
    _printf_o                                0x00000000   Number         0  stubs.o ABSOLUTE
    _printf_p                                0x00000000   Number         0  stubs.o ABSOLUTE
    _printf_percent                          0x00000000   Number         0  stubs.o ABSOLUTE
    _printf_pre_padding                      0x00000000   Number         0  stubs.o ABSOLUTE
    _printf_return_value                     0x00000000   Number         0  stubs.o ABSOLUTE
    _printf_s                                0x00000000   Number         0  stubs.o ABSOLUTE
    _printf_sizespec                         0x00000000   Number         0  stubs.o ABSOLUTE
    _printf_str                              0x00000000   Number         0  stubs.o ABSOLUTE
    _printf_truncate_signed                  0x00000000   Number         0  stubs.o ABSOLUTE
    _printf_truncate_unsigned                0x00000000   Number         0  stubs.o ABSOLUTE
    _printf_u                                0x00000000   Number         0  stubs.o ABSOLUTE
    _printf_wc                               0x00000000   Number         0  stubs.o ABSOLUTE
    _printf_wctomb                           0x00000000   Number         0  stubs.o ABSOLUTE
    _printf_widthprec                        0x00000000   Number         0  stubs.o ABSOLUTE
    _printf_x                                0x00000000   Number         0  stubs.o ABSOLUTE
    __arm_fini_                               - Undefined Weak Reference
    __cpp_initialize__aeabi_                  - Undefined Weak Reference
    __cxa_finalize                            - Undefined Weak Reference
    __decompress                              - Undefined Weak Reference
    _clock_init                               - Undefined Weak Reference
    _microlib_exit                            - Undefined Weak Reference
    __Vectors_Size                           0x00000188   Number         0  startup_stm32f40xx.o ABSOLUTE
    __Vectors                                0x08000000   Data           4  startup_stm32f40xx.o(RESET)
    __Vectors_End                            0x08000188   Data           0  startup_stm32f40xx.o(RESET)
    __main                                   0x08000189   Thumb Code     0  entry.o(.ARM.Collect$$$$00000000)
    _main_stk                                0x08000189   Thumb Code     0  entry2.o(.ARM.Collect$$$$00000001)
    _main_scatterload                        0x0800018d   Thumb Code     0  entry5.o(.ARM.Collect$$$$00000004)
    __main_after_scatterload                 0x08000191   Thumb Code     0  entry5.o(.ARM.Collect$$$$00000004)
    _main_clock                              0x08000191   Thumb Code     0  entry7b.o(.ARM.Collect$$$$00000008)
    _main_cpp_init                           0x08000191   Thumb Code     0  entry8b.o(.ARM.Collect$$$$0000000A)
    _main_init                               0x08000191   Thumb Code     0  entry9a.o(.ARM.Collect$$$$0000000B)
    __rt_lib_shutdown_fini                   0x08000199   Thumb Code     0  entry12b.o(.ARM.Collect$$$$0000000E)
    __rt_final_cpp                           0x0800019d   Thumb Code     0  entry10a.o(.ARM.Collect$$$$0000000F)
    __rt_final_exit                          0x0800019d   Thumb Code     0  entry11a.o(.ARM.Collect$$$$00000011)
    Reset_Handler                            0x080001a1   Thumb Code     8  startup_stm32f40xx.o(.text)
    ADC_IRQHandler                           0x080001bb   Thumb Code     0  startup_stm32f40xx.o(.text)
    CAN1_RX0_IRQHandler                      0x080001bb   Thumb Code     0  startup_stm32f40xx.o(.text)
    CAN1_RX1_IRQHandler                      0x080001bb   Thumb Code     0  startup_stm32f40xx.o(.text)
    CAN1_SCE_IRQHandler                      0x080001bb   Thumb Code     0  startup_stm32f40xx.o(.text)
    CAN1_TX_IRQHandler                       0x080001bb   Thumb Code     0  startup_stm32f40xx.o(.text)
    CAN2_RX0_IRQHandler                      0x080001bb   Thumb Code     0  startup_stm32f40xx.o(.text)
    CAN2_RX1_IRQHandler                      0x080001bb   Thumb Code     0  startup_stm32f40xx.o(.text)
    CAN2_SCE_IRQHandler                      0x080001bb   Thumb Code     0  startup_stm32f40xx.o(.text)
    CAN2_TX_IRQHandler                       0x080001bb   Thumb Code     0  startup_stm32f40xx.o(.text)
    CRYP_IRQHandler                          0x080001bb   Thumb Code     0  startup_stm32f40xx.o(.text)
    DCMI_IRQHandler                          0x080001bb   Thumb Code     0  startup_stm32f40xx.o(.text)
    DMA1_Stream0_IRQHandler                  0x080001bb   Thumb Code     0  startup_stm32f40xx.o(.text)
    DMA1_Stream1_IRQHandler                  0x080001bb   Thumb Code     0  startup_stm32f40xx.o(.text)
    DMA1_Stream2_IRQHandler                  0x080001bb   Thumb Code     0  startup_stm32f40xx.o(.text)
    DMA1_Stream3_IRQHandler                  0x080001bb   Thumb Code     0  startup_stm32f40xx.o(.text)
    DMA1_Stream4_IRQHandler                  0x080001bb   Thumb Code     0  startup_stm32f40xx.o(.text)
    DMA1_Stream5_IRQHandler                  0x080001bb   Thumb Code     0  startup_stm32f40xx.o(.text)
    DMA1_Stream6_IRQHandler                  0x080001bb   Thumb Code     0  startup_stm32f40xx.o(.text)
    DMA1_Stream7_IRQHandler                  0x080001bb   Thumb Code     0  startup_stm32f40xx.o(.text)
    DMA2_Stream0_IRQHandler                  0x080001bb   Thumb Code     0  startup_stm32f40xx.o(.text)
    DMA2_Stream1_IRQHandler                  0x080001bb   Thumb Code     0  startup_stm32f40xx.o(.text)
    DMA2_Stream2_IRQHandler                  0x080001bb   Thumb Code     0  startup_stm32f40xx.o(.text)
    DMA2_Stream3_IRQHandler                  0x080001bb   Thumb Code     0  startup_stm32f40xx.o(.text)
    DMA2_Stream4_IRQHandler                  0x080001bb   Thumb Code     0  startup_stm32f40xx.o(.text)
    DMA2_Stream5_IRQHandler                  0x080001bb   Thumb Code     0  startup_stm32f40xx.o(.text)
    DMA2_Stream6_IRQHandler                  0x080001bb   Thumb Code     0  startup_stm32f40xx.o(.text)
    DMA2_Stream7_IRQHandler                  0x080001bb   Thumb Code     0  startup_stm32f40xx.o(.text)
    ETH_IRQHandler                           0x080001bb   Thumb Code     0  startup_stm32f40xx.o(.text)
    ETH_WKUP_IRQHandler                      0x080001bb   Thumb Code     0  startup_stm32f40xx.o(.text)
    EXTI0_IRQHandler                         0x080001bb   Thumb Code     0  startup_stm32f40xx.o(.text)
    EXTI15_10_IRQHandler                     0x080001bb   Thumb Code     0  startup_stm32f40xx.o(.text)
    EXTI1_IRQHandler                         0x080001bb   Thumb Code     0  startup_stm32f40xx.o(.text)
    EXTI2_IRQHandler                         0x080001bb   Thumb Code     0  startup_stm32f40xx.o(.text)
    EXTI3_IRQHandler                         0x080001bb   Thumb Code     0  startup_stm32f40xx.o(.text)
    EXTI4_IRQHandler                         0x080001bb   Thumb Code     0  startup_stm32f40xx.o(.text)
    EXTI9_5_IRQHandler                       0x080001bb   Thumb Code     0  startup_stm32f40xx.o(.text)
    FLASH_IRQHandler                         0x080001bb   Thumb Code     0  startup_stm32f40xx.o(.text)
    FPU_IRQHandler                           0x080001bb   Thumb Code     0  startup_stm32f40xx.o(.text)
    FSMC_IRQHandler                          0x080001bb   Thumb Code     0  startup_stm32f40xx.o(.text)
    HASH_RNG_IRQHandler                      0x080001bb   Thumb Code     0  startup_stm32f40xx.o(.text)
    I2C1_ER_IRQHandler                       0x080001bb   Thumb Code     0  startup_stm32f40xx.o(.text)
    I2C1_EV_IRQHandler                       0x080001bb   Thumb Code     0  startup_stm32f40xx.o(.text)
    I2C2_ER_IRQHandler                       0x080001bb   Thumb Code     0  startup_stm32f40xx.o(.text)
    I2C2_EV_IRQHandler                       0x080001bb   Thumb Code     0  startup_stm32f40xx.o(.text)
    I2C3_ER_IRQHandler                       0x080001bb   Thumb Code     0  startup_stm32f40xx.o(.text)
    I2C3_EV_IRQHandler                       0x080001bb   Thumb Code     0  startup_stm32f40xx.o(.text)
    OTG_FS_IRQHandler                        0x080001bb   Thumb Code     0  startup_stm32f40xx.o(.text)
    OTG_FS_WKUP_IRQHandler                   0x080001bb   Thumb Code     0  startup_stm32f40xx.o(.text)
    OTG_HS_EP1_IN_IRQHandler                 0x080001bb   Thumb Code     0  startup_stm32f40xx.o(.text)
    OTG_HS_EP1_OUT_IRQHandler                0x080001bb   Thumb Code     0  startup_stm32f40xx.o(.text)
    OTG_HS_IRQHandler                        0x080001bb   Thumb Code     0  startup_stm32f40xx.o(.text)
    OTG_HS_WKUP_IRQHandler                   0x080001bb   Thumb Code     0  startup_stm32f40xx.o(.text)
    PVD_IRQHandler                           0x080001bb   Thumb Code     0  startup_stm32f40xx.o(.text)
    RCC_IRQHandler                           0x080001bb   Thumb Code     0  startup_stm32f40xx.o(.text)
    RTC_Alarm_IRQHandler                     0x080001bb   Thumb Code     0  startup_stm32f40xx.o(.text)
    RTC_WKUP_IRQHandler                      0x080001bb   Thumb Code     0  startup_stm32f40xx.o(.text)
    SDIO_IRQHandler                          0x080001bb   Thumb Code     0  startup_stm32f40xx.o(.text)
    SPI1_IRQHandler                          0x080001bb   Thumb Code     0  startup_stm32f40xx.o(.text)
    SPI2_IRQHandler                          0x080001bb   Thumb Code     0  startup_stm32f40xx.o(.text)
    SPI3_IRQHandler                          0x080001bb   Thumb Code     0  startup_stm32f40xx.o(.text)
    TAMP_STAMP_IRQHandler                    0x080001bb   Thumb Code     0  startup_stm32f40xx.o(.text)
    TIM1_BRK_TIM9_IRQHandler                 0x080001bb   Thumb Code     0  startup_stm32f40xx.o(.text)
    TIM1_CC_IRQHandler                       0x080001bb   Thumb Code     0  startup_stm32f40xx.o(.text)
    TIM1_TRG_COM_TIM11_IRQHandler            0x080001bb   Thumb Code     0  startup_stm32f40xx.o(.text)
    TIM1_UP_TIM10_IRQHandler                 0x080001bb   Thumb Code     0  startup_stm32f40xx.o(.text)
    TIM2_IRQHandler                          0x080001bb   Thumb Code     0  startup_stm32f40xx.o(.text)
    TIM3_IRQHandler                          0x080001bb   Thumb Code     0  startup_stm32f40xx.o(.text)
    TIM4_IRQHandler                          0x080001bb   Thumb Code     0  startup_stm32f40xx.o(.text)
    TIM5_IRQHandler                          0x080001bb   Thumb Code     0  startup_stm32f40xx.o(.text)
    TIM6_DAC_IRQHandler                      0x080001bb   Thumb Code     0  startup_stm32f40xx.o(.text)
    TIM7_IRQHandler                          0x080001bb   Thumb Code     0  startup_stm32f40xx.o(.text)
    TIM8_BRK_TIM12_IRQHandler                0x080001bb   Thumb Code     0  startup_stm32f40xx.o(.text)
    TIM8_CC_IRQHandler                       0x080001bb   Thumb Code     0  startup_stm32f40xx.o(.text)
    TIM8_TRG_COM_TIM14_IRQHandler            0x080001bb   Thumb Code     0  startup_stm32f40xx.o(.text)
    TIM8_UP_TIM13_IRQHandler                 0x080001bb   Thumb Code     0  startup_stm32f40xx.o(.text)
    UART4_IRQHandler                         0x080001bb   Thumb Code     0  startup_stm32f40xx.o(.text)
    UART5_IRQHandler                         0x080001bb   Thumb Code     0  startup_stm32f40xx.o(.text)
    USART2_IRQHandler                        0x080001bb   Thumb Code     0  startup_stm32f40xx.o(.text)
    USART3_IRQHandler                        0x080001bb   Thumb Code     0  startup_stm32f40xx.o(.text)
    USART6_IRQHandler                        0x080001bb   Thumb Code     0  startup_stm32f40xx.o(.text)
    WWDG_IRQHandler                          0x080001bb   Thumb Code     0  startup_stm32f40xx.o(.text)
    __aeabi_memset                           0x080001c5   Thumb Code    14  memseta.o(.text)
    __aeabi_memset4                          0x080001c5   Thumb Code     0  memseta.o(.text)
    __aeabi_memset8                          0x080001c5   Thumb Code     0  memseta.o(.text)
    __aeabi_memclr                           0x080001d3   Thumb Code     4  memseta.o(.text)
    __aeabi_memclr4                          0x080001d3   Thumb Code     0  memseta.o(.text)
    __aeabi_memclr8                          0x080001d3   Thumb Code     0  memseta.o(.text)
    _memset$wrapper                          0x080001d7   Thumb Code    18  memseta.o(.text)
    strlen                                   0x080001e9   Thumb Code    14  strlen.o(.text)
    strcmp                                   0x080001f7   Thumb Code    28  strcmp.o(.text)
    strncmp                                  0x08000213   Thumb Code    30  strncmp.o(.text)
    atoi                                     0x08000231   Thumb Code    26  atoi.o(.text)
    __aeabi_uidiv                            0x0800024b   Thumb Code     0  uidiv.o(.text)
    __aeabi_uidivmod                         0x0800024b   Thumb Code    44  uidiv.o(.text)
    __aeabi_uldivmod                         0x08000277   Thumb Code    98  uldiv.o(.text)
    strtol                                   0x080002d9   Thumb Code   112  strtol.o(.text)
    __I$use$fp                               0x08000349   Thumb Code     0  iusefp.o(.text)
    __aeabi_dadd                             0x08000349   Thumb Code   322  dadd.o(.text)
    __aeabi_dsub                             0x0800048b   Thumb Code     6  dadd.o(.text)
    __aeabi_drsub                            0x08000491   Thumb Code     6  dadd.o(.text)
    __aeabi_dmul                             0x08000497   Thumb Code   228  dmul.o(.text)
    __aeabi_ddiv                             0x0800057b   Thumb Code   222  ddiv.o(.text)
    __aeabi_d2ulz                            0x08000659   Thumb Code    48  dfixul.o(.text)
    __aeabi_cdrcmple                         0x08000689   Thumb Code    48  cdrcmple.o(.text)
    __scatterload                            0x080006b9   Thumb Code    28  init.o(.text)
    __scatterload_rt2                        0x080006b9   Thumb Code     0  init.o(.text)
    __aeabi_llsl                             0x080006dd   Thumb Code    30  llshl.o(.text)
    __semihosting_library_function           0x080006dd   Thumb Code     0  semi.o(.text)
    _ll_shift_l                              0x080006dd   Thumb Code     0  llshl.o(.text)
    __aeabi_llsr                             0x080006fb   Thumb Code    32  llushr.o(.text)
    _ll_ushift_r                             0x080006fb   Thumb Code     0  llushr.o(.text)
    __aeabi_lasr                             0x0800071b   Thumb Code    36  llsshr.o(.text)
    _ll_sshift_r                             0x0800071b   Thumb Code     0  llsshr.o(.text)
    __rt_ctype_table                         0x08000741   Thumb Code     4  ctype_o.o(.text)
    _strtoul                                 0x08000749   Thumb Code   158  _strtoul.o(.text)
    __I$use$semihosting$fputc                0x080007e7   Thumb Code     0  iusesemip.o(.text)
    _double_round                            0x080007e7   Thumb Code    30  depilogue.o(.text)
    _double_epilogue                         0x08000805   Thumb Code   156  depilogue.o(.text)
    _chval                                   0x080008a1   Thumb Code    28  _chval.o(.text)
    BusFault_Handler                         0x080008bd   Thumb Code     4  stm32f4xx_it.o(i.BusFault_Handler)
    DebugMon_Handler                         0x080008c1   Thumb Code     2  stm32f4xx_it.o(i.DebugMon_Handler)
    GPIO_Init                                0x080008c3   Thumb Code   144  stm32f4xx_gpio.o(i.GPIO_Init)
    GPIO_PinAFConfig                         0x08000953   Thumb Code    70  stm32f4xx_gpio.o(i.GPIO_PinAFConfig)
    HardFault_Handler                        0x08000999   Thumb Code     4  stm32f4xx_it.o(i.HardFault_Handler)
    MemManage_Handler                        0x0800099d   Thumb Code     4  stm32f4xx_it.o(i.MemManage_Handler)
    NMI_Handler                              0x080009a1   Thumb Code     2  stm32f4xx_it.o(i.NMI_Handler)
    NVIC_Init                                0x080009a5   Thumb Code   106  misc.o(i.NVIC_Init)
    NVIC_PriorityGroupConfig                 0x08000a1d   Thumb Code    10  misc.o(i.NVIC_PriorityGroupConfig)
    PendSV_Handler                           0x08000a31   Thumb Code     2  stm32f4xx_it.o(i.PendSV_Handler)
    RCC_AHB1PeriphClockCmd                   0x08000a35   Thumb Code    26  stm32f4xx_rcc.o(i.RCC_AHB1PeriphClockCmd)
    RCC_APB2PeriphClockCmd                   0x08000a55   Thumb Code    26  stm32f4xx_rcc.o(i.RCC_APB2PeriphClockCmd)
    RCC_GetClocksFreq                        0x08000a75   Thumb Code   214  stm32f4xx_rcc.o(i.RCC_GetClocksFreq)
    SVC_Handler                              0x08000b5d   Thumb Code     2  stm32f4xx_it.o(i.SVC_Handler)
    SysTick_Handler                          0x08000c4d   Thumb Code     2  stm32f4xx_it.o(i.SysTick_Handler)
    SystemInit                               0x08000c51   Thumb Code    88  system_stm32f4xx.o(i.SystemInit)
    USART1_IRQHandler                        0x08000cb9   Thumb Code    46  usart.o(i.USART1_IRQHandler)
    USART_ClearITPendingBit                  0x08000cf1   Thumb Code    30  stm32f4xx_usart.o(i.USART_ClearITPendingBit)
    USART_Cmd                                0x08000d0f   Thumb Code    24  stm32f4xx_usart.o(i.USART_Cmd)
    USART_GetFlagStatus                      0x08000d27   Thumb Code    26  stm32f4xx_usart.o(i.USART_GetFlagStatus)
    USART_GetITStatus                        0x08000d41   Thumb Code    84  stm32f4xx_usart.o(i.USART_GetITStatus)
    USART_ITConfig                           0x08000d95   Thumb Code    74  stm32f4xx_usart.o(i.USART_ITConfig)
    USART_Init                               0x08000de1   Thumb Code   204  stm32f4xx_usart.o(i.USART_Init)
    USART_ReceiveData                        0x08000eb5   Thumb Code    10  stm32f4xx_usart.o(i.USART_ReceiveData)
    USART_SendData                           0x08000ebf   Thumb Code     8  stm32f4xx_usart.o(i.USART_SendData)
    UsageFault_Handler                       0x08000ec7   Thumb Code     4  stm32f4xx_it.o(i.UsageFault_Handler)
    __0printf                                0x08000ecd   Thumb Code    22  printfa.o(i.__0printf)
    __1printf                                0x08000ecd   Thumb Code     0  printfa.o(i.__0printf)
    __2printf                                0x08000ecd   Thumb Code     0  printfa.o(i.__0printf)
    __c89printf                              0x08000ecd   Thumb Code     0  printfa.o(i.__0printf)
    printf                                   0x08000ecd   Thumb Code     0  printfa.o(i.__0printf)
    __0vsnprintf                             0x08000eed   Thumb Code    46  printfa.o(i.__0vsnprintf)
    __1vsnprintf                             0x08000eed   Thumb Code     0  printfa.o(i.__0vsnprintf)
    __2vsnprintf                             0x08000eed   Thumb Code     0  printfa.o(i.__0vsnprintf)
    __c89vsnprintf                           0x08000eed   Thumb Code     0  printfa.o(i.__0vsnprintf)
    vsnprintf                                0x08000eed   Thumb Code     0  printfa.o(i.__0vsnprintf)
    __aeabi_errno_addr                       0x08000f21   Thumb Code     4  errno.o(i.__aeabi_errno_addr)
    __rt_errno_addr                          0x08000f21   Thumb Code     0  errno.o(i.__aeabi_errno_addr)
    __scatterload_copy                       0x08000f29   Thumb Code    14  handlers.o(i.__scatterload_copy)
    __scatterload_null                       0x08000f37   Thumb Code     2  handlers.o(i.__scatterload_null)
    __scatterload_zeroinit                   0x08000f39   Thumb Code    14  handlers.o(i.__scatterload_zeroinit)
    _shell_read_implement                    0x080017d5   Thumb Code    34  myshell.o(i._shell_read_implement)
    _shell_write_implement                   0x080017fd   Thumb Code    28  myshell.o(i._shell_write_implement)
    _usart_conf_init                         0x08001831   Thumb Code    58  usart.o(i._usart_conf_init)
    _usart_it_init                           0x08001871   Thumb Code    44  usart.o(i._usart_it_init)
    _usart_pin_init                          0x080018a1   Thumb Code    70  usart.o(i._usart_pin_init)
    board_init                               0x08001bc1   Thumb Code    12  board.o(i.board_init)
    cmd_helloworld                           0x08001bcd   Thumb Code    68  cmd_helloworld.o(i.cmd_helloworld)
    cmd_malloc_override                      0x08001c51   Thumb Code    60  cmd_malloc_override.o(i.cmd_malloc_override)
    cmd_tlsf_malloc                          0x08001cc5   Thumb Code    70  cmd_tlsf.o(i.cmd_tlsf_malloc)
    fputc                                    0x08001d8f   Thumb Code    18  fputc.o(i.fputc)
    free                                     0x08001da1   Thumb Code    12  mymalloc.o(i.free)
    func                                     0x08001dad   Thumb Code    30  cmd_helloworld.o(i.func)
    main                                     0x08001e39   Thumb Code    34  main.o(i.main)
    malloc                                   0x08001e61   Thumb Code    12  mymalloc.o(i.malloc)
    myringbuffer_init                        0x08001ed9   Thumb Code    18  myringbuffer.o(i.myringbuffer_init)
    myshell_init                             0x08001ef5   Thumb Code    26  myshell.o(i.myshell_init)
    mytlsf_free                              0x08001f21   Thumb Code    26  mytlsf.o(i.mytlsf_free)
    mytlsf_init                              0x08001f41   Thumb Code    18  mytlsf.o(i.mytlsf_init)
    mytlsf_malloc                            0x08001f5d   Thumb Code    26  mytlsf.o(i.mytlsf_malloc)
    rb8_empty                                0x08001f9b   Thumb Code    18  ringbuffer8.o(i.rb8_empty)
    rb8_get                                  0x08001fad   Thumb Code    52  ringbuffer8.o(i.rb8_get)
    rb8_new                                  0x08001fe1   Thumb Code    12  ringbuffer8.o(i.rb8_new)
    rb8_put                                  0x08001fed   Thumb Code    42  ringbuffer8.o(i.rb8_put)
    shellBackspace                           0x08002105   Thumb Code    14  shell.o(i.shellBackspace)
    shellCheckPermission                     0x08002159   Thumb Code    54  shell.o(i.shellCheckPermission)
    shellClear                               0x08002191   Thumb Code    22  shell.o(i.shellClear)
    shellClearCommandLine                    0x080021ad   Thumb Code    40  shell.o(i.shellClearCommandLine)
    shellCmds                                0x080021d5   Thumb Code    18  shell.o(i.shellCmds)
    shellDelete                              0x080021e7   Thumb Code    16  shell.o(i.shellDelete)
    shellDeleteByte                          0x080021f7   Thumb Code   218  shell.o(i.shellDeleteByte)
    shellDeleteCommandLine                   0x080022d1   Thumb Code    28  shell.o(i.shellDeleteCommandLine)
    shellDown                                0x080022f1   Thumb Code    16  shell.o(i.shellDown)
    shellEnter                               0x08002301   Thumb Code    20  shell.o(i.shellEnter)
    shellExec                                0x08002315   Thumb Code   108  shell.o(i.shellExec)
    shellExtParsePara                        0x08002515   Thumb Code    86  shell_ext.o(i.shellExtParsePara)
    shellExtRun                              0x080025d9   Thumb Code   202  shell_ext.o(i.shellExtRun)
    shellGetCurrent                          0x08002759   Thumb Code    48  shell.o(i.shellGetCurrent)
    shellGetVarValue                         0x0800278d   Thumb Code    84  shell.o(i.shellGetVarValue)
    shellHandler                             0x080027e1   Thumb Code   232  shell.o(i.shellHandler)
    shellHelp                                0x080028cd   Thumb Code    44  shell.o(i.shellHelp)
    shellInit                                0x08002a35   Thumb Code   150  shell.o(i.shellInit)
    shellInsertByte                          0x08002add   Thumb Code   212  shell.o(i.shellInsertByte)
    shellKeys                                0x08002bb5   Thumb Code    18  shell.o(i.shellKeys)
    shellLeft                                0x08002bc7   Thumb Code    26  shell.o(i.shellLeft)
    shellListAll                             0x08002be1   Thumb Code    12  shell.o(i.shellListAll)
    shellListCommand                         0x08002bed   Thumb Code    70  shell.o(i.shellListCommand)
    shellListItem                            0x08002c39   Thumb Code   238  shell.o(i.shellListItem)
    shellListKey                             0x08002d35   Thumb Code    84  shell.o(i.shellListKey)
    shellListUser                            0x08002d8d   Thumb Code    84  shell.o(i.shellListUser)
    shellListVar                             0x08002de5   Thumb Code    84  shell.o(i.shellListVar)
    shellNormalInput                         0x08002e3d   Thumb Code    28  shell.o(i.shellNormalInput)
    shellPrint                               0x08002ee7   Thumb Code    50  shell.o(i.shellPrint)
    shellRight                               0x08002f81   Thumb Code    30  shell.o(i.shellRight)
    shellRunCommand                          0x08002f9f   Thumb Code   174  shell.o(i.shellRunCommand)
    shellSeekCommand                         0x0800304d   Thumb Code   122  shell.o(i.shellSeekCommand)
    shellSetVar                              0x08003119   Thumb Code   106  shell.o(i.shellSetVar)
    shellSetVarValue                         0x08003189   Thumb Code   140  shell.o(i.shellSetVarValue)
    shellTab                                 0x0800331d   Thumb Code   266  shell.o(i.shellTab)
    shellTask                                0x0800342d   Thumb Code    34  shell.o(i.shellTask)
    shellToDec                               0x0800344f   Thumb Code    86  shell.o(i.shellToDec)
    shellToHex                               0x080034a5   Thumb Code    56  shell.o(i.shellToHex)
    shellUp                                  0x080034dd   Thumb Code    14  shell.o(i.shellUp)
    shellUsers                               0x080034eb   Thumb Code    18  shell.o(i.shellUsers)
    shellVars                                0x080034fd   Thumb Code    18  shell.o(i.shellVars)
    shellWriteString                         0x080036d9   Thumb Code    48  shell.o(i.shellWriteString)
    tlsf_add_pool                            0x08003709   Thumb Code   154  tlsf.o(i.tlsf_add_pool)
    tlsf_create                              0x08003819   Thumb Code    40  tlsf.o(i.tlsf_create)
    tlsf_create_with_pool                    0x08003875   Thumb Code    46  tlsf.o(i.tlsf_create_with_pool)
    tlsf_free                                0x080038d1   Thumb Code    60  tlsf.o(i.tlsf_free)
    tlsf_malloc                              0x0800390d   Thumb Code    44  tlsf.o(i.tlsf_malloc)
    tlsf_pool_overhead                       0x08003939   Thumb Code     4  tlsf.o(i.tlsf_pool_overhead)
    tlsf_size                                0x0800393d   Thumb Code     6  tlsf.o(i.tlsf_size)
    usart_init                               0x08003943   Thumb Code    20  usart.o(i.usart_init)
    usart_send                               0x08003959   Thumb Code    28  usart.o(i.usart_send)
    shellCmdhelloworld                       0x08003978   Data          11  cmd_helloworld.o(.constdata)
    shellDeschelloworld                      0x08003983   Data          31  cmd_helloworld.o(.constdata)
    shellCmdfunc                             0x080039a2   Data           5  cmd_helloworld.o(.constdata)
    shellDescfunc                            0x080039a7   Data           5  cmd_helloworld.o(.constdata)
    shellCmdmallocoveride                    0x080039ac   Data          14  cmd_malloc_override.o(.constdata)
    shellDescmallocoveride                   0x080039ba   Data          19  cmd_malloc_override.o(.constdata)
    shellCmdtlsfmalloc                       0x080039cd   Data          11  cmd_tlsf.o(.constdata)
    shellDesctlsfmalloc                      0x080039d8   Data          17  cmd_tlsf.o(.constdata)
    shellCmdDefaultUser                      0x080039e9   Data           7  shell.o(.constdata)
    shellPasswordDefaultUser                 0x080039f0   Data           1  shell.o(.constdata)
    shellDesDefaultUser                      0x080039f1   Data          13  shell.o(.constdata)
    shellCmdsetVar                           0x080039fe   Data           7  shell.o(.constdata)
    shellDescsetVar                          0x08003a05   Data           8  shell.o(.constdata)
    shellDesc0x1B5B4100                      0x08003a0d   Data           3  shell.o(.constdata)
    shellDesc0x1B5B4200                      0x08003a10   Data           5  shell.o(.constdata)
    shellDesc0x1B5B4300                      0x08003a15   Data           6  shell.o(.constdata)
    shellDesc0x1B5B4400                      0x08003a1b   Data           5  shell.o(.constdata)
    shellDesc0x09000000                      0x08003a20   Data           4  shell.o(.constdata)
    shellDesc0x08000000                      0x08003a24   Data          10  shell.o(.constdata)
    shellDesc0x7F000000                      0x08003a2e   Data          10  shell.o(.constdata)
    shellDesc0x1B5B337E                      0x08003a38   Data           7  shell.o(.constdata)
    shellDesc0x0A000000                      0x08003a3f   Data           6  shell.o(.constdata)
    shellDesc0x0D000000                      0x08003a45   Data           6  shell.o(.constdata)
    shellCmdhelp                             0x08003a4b   Data           5  shell.o(.constdata)
    shellDeschelp                            0x08003a50   Data          30  shell.o(.constdata)
    shellCmdusers                            0x08003a6e   Data           6  shell.o(.constdata)
    shellDescusers                           0x08003a74   Data          14  shell.o(.constdata)
    shellCmdcmds                             0x08003a82   Data           5  shell.o(.constdata)
    shellDesccmds                            0x08003a87   Data          13  shell.o(.constdata)
    shellCmdvars                             0x08003a94   Data           5  shell.o(.constdata)
    shellDescvars                            0x08003a99   Data          13  shell.o(.constdata)
    shellCmdkeys                             0x08003aa6   Data           5  shell.o(.constdata)
    shellDesckeys                            0x08003aab   Data          13  shell.o(.constdata)
    shellCmdclear                            0x08003ab8   Data           6  shell.o(.constdata)
    shellDescclear                           0x08003abe   Data          14  shell.o(.constdata)
    __ctype_table                            0x08003acc   Data         129  ctype_o.o(.constdata)
    Region$$Table$$Base                      0x08003dfc   Number         0  anon$$obj.o(Region$$Table)
    Region$$Table$$Limit                     0x08003e1c   Number         0  anon$$obj.o(Region$$Table)
    shellCommand$$Base                       0x08003e1c   Number         0  cmd_helloworld.o(shellCommand)
    shellCommandhelloworld                   0x08003e1c   Data          16  cmd_helloworld.o(shellCommand)
    shellCommandfunc                         0x08003e2c   Data          16  cmd_helloworld.o(shellCommand)
    shellCommandmallocoveride                0x08003e3c   Data          16  cmd_malloc_override.o(shellCommand)
    shellCommandtlsfmalloc                   0x08003e4c   Data          16  cmd_tlsf.o(shellCommand)
    shellUserDefault                         0x08003e5c   Data          16  shell.o(shellCommand)
    shellCommandsetVar                       0x08003e6c   Data          16  shell.o(shellCommand)
    shellKey0x1B5B4100                       0x08003e7c   Data          16  shell.o(shellCommand)
    shellKey0x1B5B4200                       0x08003e8c   Data          16  shell.o(shellCommand)
    shellKey0x1B5B4300                       0x08003e9c   Data          16  shell.o(shellCommand)
    shellKey0x1B5B4400                       0x08003eac   Data          16  shell.o(shellCommand)
    shellKey0x09000000                       0x08003ebc   Data          16  shell.o(shellCommand)
    shellKey0x08000000                       0x08003ecc   Data          16  shell.o(shellCommand)
    shellKey0x7F000000                       0x08003edc   Data          16  shell.o(shellCommand)
    shellKey0x1B5B337E                       0x08003eec   Data          16  shell.o(shellCommand)
    shellKey0x0A000000                       0x08003efc   Data          16  shell.o(shellCommand)
    shellKey0x0D000000                       0x08003f0c   Data          16  shell.o(shellCommand)
    shellCommandhelp                         0x08003f1c   Data          16  shell.o(shellCommand)
    shellCommandusers                        0x08003f2c   Data          16  shell.o(shellCommand)
    shellCommandcmds                         0x08003f3c   Data          16  shell.o(shellCommand)
    shellCommandvars                         0x08003f4c   Data          16  shell.o(shellCommand)
    shellCommandkeys                         0x08003f5c   Data          16  shell.o(shellCommand)
    shellCommandclear                        0x08003f6c   Data          16  shell.o(shellCommand)
    shellCommand$$Limit                      0x08003f7c   Number         0  shell.o(shellCommand)
    rb                                       0x20000000   Data           4  myringbuffer.o(.data)
    tlsf                                     0x20000004   Data           4  mytlsf.o(.data)
    __stdout                                 0x2000006c   Data           4  stdout.o(.data)
    shell                                    0x20000074   Data         108  myshell.o(.bss)
    shellBuffer                              0x200000e0   Data         512  myshell.o(.bss)
    rx_buff                                  0x200002e0   Data         512  myringbuffer.o(.bss)
    arena                                    0x200004e0   Data       65536  mytlsf.o(.bss)
    __initial_sp                             0x20010900   Data           0  startup_stm32f40xx.o(STACK)



==============================================================================

Memory Map of the image

  Image Entry point : 0x08000189

  Load Region LR_IROM1 (Base: 0x08000000, Size: 0x00003ff0, Max: 0x00080000, ABSOLUTE)

    Execution Region ER_IROM1 (Exec base: 0x08000000, Load base: 0x08000000, Size: 0x00003f7c, Max: 0x00080000, ABSOLUTE)

    Exec Addr    Load Addr    Size         Type   Attr      Idx    E Section Name        Object

    0x08000000   0x08000000   0x00000188   Data   RO          446    RESET               startup_stm32f40xx.o
    0x08000188   0x08000188   0x00000000   Code   RO         6441  * .ARM.Collect$$$$00000000  mc_w.l(entry.o)
    0x08000188   0x08000188   0x00000004   Code   RO         6719    .ARM.Collect$$$$00000001  mc_w.l(entry2.o)
    0x0800018c   0x0800018c   0x00000004   Code   RO         6722    .ARM.Collect$$$$00000004  mc_w.l(entry5.o)
    0x08000190   0x08000190   0x00000000   Code   RO         6724    .ARM.Collect$$$$00000008  mc_w.l(entry7b.o)
    0x08000190   0x08000190   0x00000000   Code   RO         6726    .ARM.Collect$$$$0000000A  mc_w.l(entry8b.o)
    0x08000190   0x08000190   0x00000008   Code   RO         6727    .ARM.Collect$$$$0000000B  mc_w.l(entry9a.o)
    0x08000198   0x08000198   0x00000004   Code   RO         6734    .ARM.Collect$$$$0000000E  mc_w.l(entry12b.o)
    0x0800019c   0x0800019c   0x00000000   Code   RO         6729    .ARM.Collect$$$$0000000F  mc_w.l(entry10a.o)
    0x0800019c   0x0800019c   0x00000000   Code   RO         6731    .ARM.Collect$$$$00000011  mc_w.l(entry11a.o)
    0x0800019c   0x0800019c   0x00000004   Code   RO         6720    .ARM.Collect$$$$00002712  mc_w.l(entry2.o)
    0x080001a0   0x080001a0   0x00000024   Code   RO          447    .text               startup_stm32f40xx.o
    0x080001c4   0x080001c4   0x00000024   Code   RO         6446    .text               mc_w.l(memseta.o)
    0x080001e8   0x080001e8   0x0000000e   Code   RO         6448    .text               mc_w.l(strlen.o)
    0x080001f6   0x080001f6   0x0000001c   Code   RO         6450    .text               mc_w.l(strcmp.o)
    0x08000212   0x08000212   0x0000001e   Code   RO         6452    .text               mc_w.l(strncmp.o)
    0x08000230   0x08000230   0x0000001a   Code   RO         6717    .text               mc_w.l(atoi.o)
    0x0800024a   0x0800024a   0x0000002c   Code   RO         6738    .text               mc_w.l(uidiv.o)
    0x08000276   0x08000276   0x00000062   Code   RO         6740    .text               mc_w.l(uldiv.o)
    0x080002d8   0x080002d8   0x00000070   Code   RO         6749    .text               mc_w.l(strtol.o)
    0x08000348   0x08000348   0x00000000   Code   RO         6751    .text               mc_w.l(iusefp.o)
    0x08000348   0x08000348   0x0000014e   Code   RO         6752    .text               mf_w.l(dadd.o)
    0x08000496   0x08000496   0x000000e4   Code   RO         6754    .text               mf_w.l(dmul.o)
    0x0800057a   0x0800057a   0x000000de   Code   RO         6756    .text               mf_w.l(ddiv.o)
    0x08000658   0x08000658   0x00000030   Code   RO         6758    .text               mf_w.l(dfixul.o)
    0x08000688   0x08000688   0x00000030   Code   RO         6760    .text               mf_w.l(cdrcmple.o)
    0x080006b8   0x080006b8   0x00000024   Code   RO         6762    .text               mc_w.l(init.o)
    0x080006dc   0x080006dc   0x00000000   Code   RO         6764    .text               mc_w.l(semi.o)
    0x080006dc   0x080006dc   0x0000001e   Code   RO         6765    .text               mc_w.l(llshl.o)
    0x080006fa   0x080006fa   0x00000020   Code   RO         6767    .text               mc_w.l(llushr.o)
    0x0800071a   0x0800071a   0x00000024   Code   RO         6769    .text               mc_w.l(llsshr.o)
    0x0800073e   0x0800073e   0x00000002   PAD
    0x08000740   0x08000740   0x00000008   Code   RO         6771    .text               mc_w.l(ctype_o.o)
    0x08000748   0x08000748   0x0000009e   Code   RO         6799    .text               mc_w.l(_strtoul.o)
    0x080007e6   0x080007e6   0x00000000   Code   RO         6801    .text               mc_w.l(iusesemip.o)
    0x080007e6   0x080007e6   0x000000ba   Code   RO         6802    .text               mf_w.l(depilogue.o)
    0x080008a0   0x080008a0   0x0000001c   Code   RO         6804    .text               mc_w.l(_chval.o)
    0x080008bc   0x080008bc   0x00000004   Code   RO          454    i.BusFault_Handler  stm32f4xx_it.o
    0x080008c0   0x080008c0   0x00000002   Code   RO          455    i.DebugMon_Handler  stm32f4xx_it.o
    0x080008c2   0x080008c2   0x00000090   Code   RO         2471    i.GPIO_Init         stm32f4xx_gpio.o
    0x08000952   0x08000952   0x00000046   Code   RO         2472    i.GPIO_PinAFConfig  stm32f4xx_gpio.o
    0x08000998   0x08000998   0x00000004   Code   RO          456    i.HardFault_Handler  stm32f4xx_it.o
    0x0800099c   0x0800099c   0x00000004   Code   RO          457    i.MemManage_Handler  stm32f4xx_it.o
    0x080009a0   0x080009a0   0x00000002   Code   RO          458    i.NMI_Handler       stm32f4xx_it.o
    0x080009a2   0x080009a2   0x00000002   PAD
    0x080009a4   0x080009a4   0x00000078   Code   RO          596    i.NVIC_Init         misc.o
    0x08000a1c   0x08000a1c   0x00000014   Code   RO          597    i.NVIC_PriorityGroupConfig  misc.o
    0x08000a30   0x08000a30   0x00000002   Code   RO          459    i.PendSV_Handler    stm32f4xx_it.o
    0x08000a32   0x08000a32   0x00000002   PAD
    0x08000a34   0x08000a34   0x00000020   Code   RO         3397    i.RCC_AHB1PeriphClockCmd  stm32f4xx_rcc.o
    0x08000a54   0x08000a54   0x00000020   Code   RO         3409    i.RCC_APB2PeriphClockCmd  stm32f4xx_rcc.o
    0x08000a74   0x08000a74   0x000000e8   Code   RO         3418    i.RCC_GetClocksFreq  stm32f4xx_rcc.o
    0x08000b5c   0x08000b5c   0x00000002   Code   RO          460    i.SVC_Handler       stm32f4xx_it.o
    0x08000b5e   0x08000b5e   0x00000002   PAD
    0x08000b60   0x08000b60   0x000000ec   Code   RO          555    i.SetSysClock       system_stm32f4xx.o
    0x08000c4c   0x08000c4c   0x00000002   Code   RO          461    i.SysTick_Handler   stm32f4xx_it.o
    0x08000c4e   0x08000c4e   0x00000002   PAD
    0x08000c50   0x08000c50   0x00000068   Code   RO          557    i.SystemInit        system_stm32f4xx.o
    0x08000cb8   0x08000cb8   0x00000038   Code   RO          283    i.USART1_IRQHandler  usart.o
    0x08000cf0   0x08000cf0   0x0000001e   Code   RO         5344    i.USART_ClearITPendingBit  stm32f4xx_usart.o
    0x08000d0e   0x08000d0e   0x00000018   Code   RO         5347    i.USART_Cmd         stm32f4xx_usart.o
    0x08000d26   0x08000d26   0x0000001a   Code   RO         5350    i.USART_GetFlagStatus  stm32f4xx_usart.o
    0x08000d40   0x08000d40   0x00000054   Code   RO         5351    i.USART_GetITStatus  stm32f4xx_usart.o
    0x08000d94   0x08000d94   0x0000004a   Code   RO         5353    i.USART_ITConfig    stm32f4xx_usart.o
    0x08000dde   0x08000dde   0x00000002   PAD
    0x08000de0   0x08000de0   0x000000d4   Code   RO         5354    i.USART_Init        stm32f4xx_usart.o
    0x08000eb4   0x08000eb4   0x0000000a   Code   RO         5361    i.USART_ReceiveData  stm32f4xx_usart.o
    0x08000ebe   0x08000ebe   0x00000008   Code   RO         5364    i.USART_SendData    stm32f4xx_usart.o
    0x08000ec6   0x08000ec6   0x00000004   Code   RO          462    i.UsageFault_Handler  stm32f4xx_it.o
    0x08000eca   0x08000eca   0x00000002   PAD
    0x08000ecc   0x08000ecc   0x00000020   Code   RO         6689    i.__0printf         mc_w.l(printfa.o)
    0x08000eec   0x08000eec   0x00000034   Code   RO         6694    i.__0vsnprintf      mc_w.l(printfa.o)
    0x08000f20   0x08000f20   0x00000008   Code   RO         6742    i.__aeabi_errno_addr  mc_w.l(errno.o)
    0x08000f28   0x08000f28   0x0000000e   Code   RO         6808    i.__scatterload_copy  mc_w.l(handlers.o)
    0x08000f36   0x08000f36   0x00000002   Code   RO         6809    i.__scatterload_null  mc_w.l(handlers.o)
    0x08000f38   0x08000f38   0x0000000e   Code   RO         6810    i.__scatterload_zeroinit  mc_w.l(handlers.o)
    0x08000f46   0x08000f46   0x00000002   PAD
    0x08000f48   0x08000f48   0x00000184   Code   RO         6696    i._fp_digits        mc_w.l(printfa.o)
    0x080010cc   0x080010cc   0x000006b4   Code   RO         6697    i._printf_core      mc_w.l(printfa.o)
    0x08001780   0x08001780   0x00000024   Code   RO         6698    i._printf_post_padding  mc_w.l(printfa.o)
    0x080017a4   0x080017a4   0x0000002e   Code   RO         6699    i._printf_pre_padding  mc_w.l(printfa.o)
    0x080017d2   0x080017d2   0x00000002   PAD
    0x080017d4   0x080017d4   0x00000028   Code   RO          337    i._shell_read_implement  myshell.o
    0x080017fc   0x080017fc   0x0000001c   Code   RO          338    i._shell_write_implement  myshell.o
    0x08001818   0x08001818   0x00000016   Code   RO         6700    i._snputc           mc_w.l(printfa.o)
    0x0800182e   0x0800182e   0x00000002   PAD
    0x08001830   0x08001830   0x00000040   Code   RO          284    i._usart_conf_init  usart.o
    0x08001870   0x08001870   0x00000030   Code   RO          285    i._usart_it_init    usart.o
    0x080018a0   0x080018a0   0x0000004c   Code   RO          286    i._usart_pin_init   usart.o
    0x080018ec   0x080018ec   0x00000030   Code   RO         6081    i.adjust_request_size  tlsf.o
    0x0800191c   0x0800191c   0x0000000a   Code   RO         6082    i.align_down        tlsf.o
    0x08001926   0x08001926   0x0000000c   Code   RO         6084    i.align_up          tlsf.o
    0x08001932   0x08001932   0x0000001e   Code   RO         6085    i.block_absorb      tlsf.o
    0x08001950   0x08001950   0x0000001c   Code   RO         6086    i.block_can_split   tlsf.o
    0x0800196c   0x0800196c   0x00000008   Code   RO         6087    i.block_from_ptr    tlsf.o
    0x08001974   0x08001974   0x00000024   Code   RO         6088    i.block_insert      tlsf.o
    0x08001998   0x08001998   0x0000000a   Code   RO         6089    i.block_is_free     tlsf.o
    0x080019a2   0x080019a2   0x0000000a   Code   RO         6091    i.block_is_prev_free  tlsf.o
    0x080019ac   0x080019ac   0x00000012   Code   RO         6092    i.block_link_next   tlsf.o
    0x080019be   0x080019be   0x0000003e   Code   RO         6093    i.block_locate_free  tlsf.o
    0x080019fc   0x080019fc   0x0000001a   Code   RO         6094    i.block_mark_as_free  tlsf.o
    0x08001a16   0x08001a16   0x0000001a   Code   RO         6095    i.block_mark_as_used  tlsf.o
    0x08001a30   0x08001a30   0x0000002c   Code   RO         6096    i.block_merge_next  tlsf.o
    0x08001a5c   0x08001a5c   0x0000002e   Code   RO         6097    i.block_merge_prev  tlsf.o
    0x08001a8a   0x08001a8a   0x00000024   Code   RO         6098    i.block_next        tlsf.o
    0x08001aae   0x08001aae   0x0000002c   Code   RO         6099    i.block_prepare_used  tlsf.o
    0x08001ada   0x08001ada   0x00000006   Code   RO         6100    i.block_prev        tlsf.o
    0x08001ae0   0x08001ae0   0x00000024   Code   RO         6101    i.block_remove      tlsf.o
    0x08001b04   0x08001b04   0x0000000a   Code   RO         6102    i.block_set_free    tlsf.o
    0x08001b0e   0x08001b0e   0x0000000a   Code   RO         6103    i.block_set_prev_free  tlsf.o
    0x08001b18   0x08001b18   0x0000000a   Code   RO         6104    i.block_set_prev_used  tlsf.o
    0x08001b22   0x08001b22   0x0000000c   Code   RO         6105    i.block_set_size    tlsf.o
    0x08001b2e   0x08001b2e   0x0000000a   Code   RO         6106    i.block_set_used    tlsf.o
    0x08001b38   0x08001b38   0x0000000a   Code   RO         6107    i.block_size        tlsf.o
    0x08001b42   0x08001b42   0x0000003e   Code   RO         6108    i.block_split       tlsf.o
    0x08001b80   0x08001b80   0x00000008   Code   RO         6109    i.block_to_ptr      tlsf.o
    0x08001b88   0x08001b88   0x00000038   Code   RO         6110    i.block_trim_free   tlsf.o
    0x08001bc0   0x08001bc0   0x0000000c   Code   RO          174    i.board_init        board.o
    0x08001bcc   0x08001bcc   0x00000084   Code   RO          213    i.cmd_helloworld    cmd_helloworld.o
    0x08001c50   0x08001c50   0x00000074   Code   RO          235    i.cmd_malloc_override  cmd_malloc_override.o
    0x08001cc4   0x08001cc4   0x00000094   Code   RO          254    i.cmd_tlsf_malloc   cmd_tlsf.o
    0x08001d58   0x08001d58   0x00000036   Code   RO         6113    i.control_construct  tlsf.o
    0x08001d8e   0x08001d8e   0x00000012   Code   RO         6735    i.fputc             mc_w.l(fputc.o)
    0x08001da0   0x08001da0   0x0000000c   Code   RO          195    i.free              mymalloc.o
    0x08001dac   0x08001dac   0x00000048   Code   RO          214    i.func              cmd_helloworld.o
    0x08001df4   0x08001df4   0x00000042   Code   RO         6115    i.insert_free_block  tlsf.o
    0x08001e36   0x08001e36   0x00000002   PAD
    0x08001e38   0x08001e38   0x00000028   Code   RO            4    i.main              main.o
    0x08001e60   0x08001e60   0x0000000c   Code   RO          196    i.malloc            mymalloc.o
    0x08001e6c   0x08001e6c   0x0000003a   Code   RO         6117    i.mapping_insert    tlsf.o
    0x08001ea6   0x08001ea6   0x00000030   Code   RO         6118    i.mapping_search    tlsf.o
    0x08001ed6   0x08001ed6   0x00000002   PAD
    0x08001ed8   0x08001ed8   0x0000001c   Code   RO          376    i.myringbuffer_init  myringbuffer.o
    0x08001ef4   0x08001ef4   0x0000002c   Code   RO          339    i.myshell_init      myshell.o
    0x08001f20   0x08001f20   0x00000020   Code   RO          399    i.mytlsf_free       mytlsf.o
    0x08001f40   0x08001f40   0x0000001c   Code   RO          400    i.mytlsf_init       mytlsf.o
    0x08001f5c   0x08001f5c   0x00000020   Code   RO          401    i.mytlsf_malloc     mytlsf.o
    0x08001f7c   0x08001f7c   0x00000018   Code   RO         6022    i.next_head         ringbuffer8.o
    0x08001f94   0x08001f94   0x00000006   Code   RO         6119    i.offset_to_block   tlsf.o
    0x08001f9a   0x08001f9a   0x00000012   Code   RO         6023    i.rb8_empty         ringbuffer8.o
    0x08001fac   0x08001fac   0x00000034   Code   RO         6025    i.rb8_get           ringbuffer8.o
    0x08001fe0   0x08001fe0   0x0000000c   Code   RO         6027    i.rb8_new           ringbuffer8.o
    0x08001fec   0x08001fec   0x0000002a   Code   RO         6028    i.rb8_put           ringbuffer8.o
    0x08002016   0x08002016   0x00000054   Code   RO         6120    i.remove_free_block  tlsf.o
    0x0800206a   0x0800206a   0x00000072   Code   RO         6121    i.search_suitable_block  tlsf.o
    0x080020dc   0x080020dc   0x00000028   Code   RO         5598    i.shellAdd          shell.o
    0x08002104   0x08002104   0x0000000e   Code   RO         5599    i.shellBackspace    shell.o
    0x08002112   0x08002112   0x00000002   PAD
    0x08002114   0x08002114   0x00000044   Code   RO         5600    i.shellCheckPassword  shell.o
    0x08002158   0x08002158   0x00000036   Code   RO         5601    i.shellCheckPermission  shell.o
    0x0800218e   0x0800218e   0x00000002   PAD
    0x08002190   0x08002190   0x0000001c   Code   RO         5602    i.shellClear        shell.o
    0x080021ac   0x080021ac   0x00000028   Code   RO         5603    i.shellClearCommandLine  shell.o
    0x080021d4   0x080021d4   0x00000012   Code   RO         5604    i.shellCmds         shell.o
    0x080021e6   0x080021e6   0x00000010   Code   RO         5605    i.shellDelete       shell.o
    0x080021f6   0x080021f6   0x000000da   Code   RO         5606    i.shellDeleteByte   shell.o
    0x080022d0   0x080022d0   0x00000020   Code   RO         5607    i.shellDeleteCommandLine  shell.o
    0x080022f0   0x080022f0   0x00000010   Code   RO         5608    i.shellDown         shell.o
    0x08002300   0x08002300   0x00000014   Code   RO         5609    i.shellEnter        shell.o
    0x08002314   0x08002314   0x00000074   Code   RO         5610    i.shellExec         shell.o
    0x08002388   0x08002388   0x00000058   Code   RO         5974    i.shellExtNumType   shell_ext.o
    0x080023e0   0x080023e0   0x00000046   Code   RO         5975    i.shellExtParseChar  shell_ext.o
    0x08002426   0x08002426   0x00000002   PAD
    0x08002428   0x08002428   0x000000ec   Code   RO         5976    i.shellExtParseNumber  shell_ext.o
    0x08002514   0x08002514   0x00000056   Code   RO         5977    i.shellExtParsePara  shell_ext.o
    0x0800256a   0x0800256a   0x0000004a   Code   RO         5978    i.shellExtParseString  shell_ext.o
    0x080025b4   0x080025b4   0x00000024   Code   RO         5979    i.shellExtParseVar  shell_ext.o
    0x080025d8   0x080025d8   0x000000ca   Code   RO         5980    i.shellExtRun       shell_ext.o
    0x080026a2   0x080026a2   0x00000036   Code   RO         5981    i.shellExtToNum     shell_ext.o
    0x080026d8   0x080026d8   0x00000030   Code   RO         5611    i.shellGetCommandDesc  shell.o
    0x08002708   0x08002708   0x00000050   Code   RO         5612    i.shellGetCommandName  shell.o
    0x08002758   0x08002758   0x00000034   Code   RO         5613    i.shellGetCurrent   shell.o
    0x0800278c   0x0800278c   0x00000054   Code   RO         5614    i.shellGetVarValue  shell.o
    0x080027e0   0x080027e0   0x000000ec   Code   RO         5615    i.shellHandler      shell.o
    0x080028cc   0x080028cc   0x0000002c   Code   RO         5616    i.shellHelp         shell.o
    0x080028f8   0x080028f8   0x000000c2   Code   RO         5617    i.shellHistory      shell.o
    0x080029ba   0x080029ba   0x0000007a   Code   RO         5618    i.shellHistoryAdd   shell.o
    0x08002a34   0x08002a34   0x000000a8   Code   RO         5619    i.shellInit         shell.o
    0x08002adc   0x08002adc   0x000000d8   Code   RO         5620    i.shellInsertByte   shell.o
    0x08002bb4   0x08002bb4   0x00000012   Code   RO         5621    i.shellKeys         shell.o
    0x08002bc6   0x08002bc6   0x0000001a   Code   RO         5622    i.shellLeft         shell.o
    0x08002be0   0x08002be0   0x0000000c   Code   RO         5623    i.shellListAll      shell.o
    0x08002bec   0x08002bec   0x0000004c   Code   RO         5624    i.shellListCommand  shell.o
    0x08002c38   0x08002c38   0x000000fc   Code   RO         5625    i.shellListItem     shell.o
    0x08002d34   0x08002d34   0x00000058   Code   RO         5626    i.shellListKey      shell.o
    0x08002d8c   0x08002d8c   0x00000058   Code   RO         5627    i.shellListUser     shell.o
    0x08002de4   0x08002de4   0x00000058   Code   RO         5628    i.shellListVar      shell.o
    0x08002e3c   0x08002e3c   0x0000001c   Code   RO         5629    i.shellNormalInput  shell.o
    0x08002e58   0x08002e58   0x0000008e   Code   RO         5630    i.shellParserParam  shell.o
    0x08002ee6   0x08002ee6   0x00000032   Code   RO         5631    i.shellPrint        shell.o
    0x08002f18   0x08002f18   0x00000068   Code   RO         5633    i.shellRemoveParamQuotes  shell.o
    0x08002f80   0x08002f80   0x0000001e   Code   RO         5634    i.shellRight        shell.o
    0x08002f9e   0x08002f9e   0x000000ae   Code   RO         5636    i.shellRunCommand   shell.o
    0x0800304c   0x0800304c   0x0000007a   Code   RO         5637    i.shellSeekCommand  shell.o
    0x080030c6   0x080030c6   0x00000002   PAD
    0x080030c8   0x080030c8   0x00000050   Code   RO         5638    i.shellSetUser      shell.o
    0x08003118   0x08003118   0x00000070   Code   RO         5639    i.shellSetVar       shell.o
    0x08003188   0x08003188   0x00000090   Code   RO         5640    i.shellSetVarValue  shell.o
    0x08003218   0x08003218   0x000000c0   Code   RO         5641    i.shellShowVar      shell.o
    0x080032d8   0x080032d8   0x0000002c   Code   RO         5642    i.shellStringCompare  shell.o
    0x08003304   0x08003304   0x00000018   Code   RO         5643    i.shellStringCopy   shell.o
    0x0800331c   0x0800331c   0x00000110   Code   RO         5644    i.shellTab          shell.o
    0x0800342c   0x0800342c   0x00000022   Code   RO         5645    i.shellTask         shell.o
    0x0800344e   0x0800344e   0x00000056   Code   RO         5646    i.shellToDec        shell.o
    0x080034a4   0x080034a4   0x00000038   Code   RO         5647    i.shellToHex        shell.o
    0x080034dc   0x080034dc   0x0000000e   Code   RO         5648    i.shellUp           shell.o
    0x080034ea   0x080034ea   0x00000012   Code   RO         5649    i.shellUsers        shell.o
    0x080034fc   0x080034fc   0x00000012   Code   RO         5650    i.shellVars         shell.o
    0x0800350e   0x0800350e   0x0000000e   Code   RO         5651    i.shellWriteByte    shell.o
    0x0800351c   0x0800351c   0x0000005c   Code   RO         5652    i.shellWriteCommandDesc  shell.o
    0x08003578   0x08003578   0x0000006c   Code   RO         5653    i.shellWriteCommandHelp  shell.o
    0x080035e4   0x080035e4   0x00000068   Code   RO         5654    i.shellWritePrompt  shell.o
    0x0800364c   0x0800364c   0x0000008c   Code   RO         5655    i.shellWriteReturnValue  shell.o
    0x080036d8   0x080036d8   0x00000030   Code   RO         5656    i.shellWriteString  shell.o
    0x08003708   0x08003708   0x00000110   Code   RO         6122    i.tlsf_add_pool     tlsf.o
    0x08003818   0x08003818   0x0000005c   Code   RO         6130    i.tlsf_create       tlsf.o
    0x08003874   0x08003874   0x0000002e   Code   RO         6131    i.tlsf_create_with_pool  tlsf.o
    0x080038a2   0x080038a2   0x00000018   Code   RO         6133    i.tlsf_ffs          tlsf.o
    0x080038ba   0x080038ba   0x00000016   Code   RO         6134    i.tlsf_fls          tlsf.o
    0x080038d0   0x080038d0   0x0000003c   Code   RO         6135    i.tlsf_free         tlsf.o
    0x0800390c   0x0800390c   0x0000002c   Code   RO         6137    i.tlsf_malloc       tlsf.o
    0x08003938   0x08003938   0x00000004   Code   RO         6139    i.tlsf_pool_overhead  tlsf.o
    0x0800393c   0x0800393c   0x00000006   Code   RO         6142    i.tlsf_size         tlsf.o
    0x08003942   0x08003942   0x00000014   Code   RO          287    i.usart_init        usart.o
    0x08003956   0x08003956   0x00000002   PAD
    0x08003958   0x08003958   0x00000020   Code   RO          288    i.usart_send        usart.o
    0x08003978   0x08003978   0x00000034   Data   RO          215    .constdata          cmd_helloworld.o
    0x080039ac   0x080039ac   0x00000021   Data   RO          236    .constdata          cmd_malloc_override.o
    0x080039cd   0x080039cd   0x0000001c   Data   RO          255    .constdata          cmd_tlsf.o
    0x080039e9   0x080039e9   0x000000e3   Data   RO         5658    .constdata          shell.o
    0x08003acc   0x08003acc   0x00000081   Data   RO         6772    .constdata          mc_w.l(ctype_o.o)
    0x08003b4d   0x08003b4d   0x00000003   PAD
    0x08003b50   0x08003b50   0x00000004   Data   RO         6773    .constdata          mc_w.l(ctype_o.o)
    0x08003b54   0x08003b54   0x000002a5   Data   RO         5659    .conststring        shell.o
    0x08003df9   0x08003df9   0x00000003   PAD
    0x08003dfc   0x08003dfc   0x00000020   Data   RO         6806    Region$$Table       anon$$obj.o
    0x08003e1c   0x08003e1c   0x00000020   Data   RO          216    shellCommand        cmd_helloworld.o
    0x08003e3c   0x08003e3c   0x00000010   Data   RO          237    shellCommand        cmd_malloc_override.o
    0x08003e4c   0x08003e4c   0x00000010   Data   RO          256    shellCommand        cmd_tlsf.o
    0x08003e5c   0x08003e5c   0x00000120   Data   RO         5661    shellCommand        shell.o


    Execution Region RW_IRAM1 (Exec base: 0x20000000, Load base: 0x08003f7c, Size: 0x00010900, Max: 0x00020000, ABSOLUTE)

    Exec Addr    Load Addr    Size         Type   Attr      Idx    E Section Name        Object

    0x20000000   0x08003f7c   0x00000004   Data   RW          378    .data               myringbuffer.o
    0x20000004   0x08003f80   0x00000004   Data   RW          403    .data               mytlsf.o
    0x20000008   0x08003f84   0x00000010   Data   RW         3450    .data               stm32f4xx_rcc.o
    0x20000018   0x08003f94   0x00000054   Data   RW         5660    .data               shell.o
    0x2000006c   0x08003fe8   0x00000004   Data   RW         6737    .data               mc_w.l(stdout.o)
    0x20000070   0x08003fec   0x00000004   Data   RW         6745    .data               mc_w.l(errno.o)
    0x20000074        -       0x0000026c   Zero   RW          340    .bss                myshell.o
    0x200002e0        -       0x00000200   Zero   RW          377    .bss                myringbuffer.o
    0x200004e0        -       0x00010000   Zero   RW          402    .bss                mytlsf.o
    0x200104e0        -       0x0000001d   Zero   RW         5657    .bss                shell.o
    0x200104fd   0x08003ff0   0x00000003   PAD
    0x20010500        -       0x00000400   Zero   RW          444    STACK               startup_stm32f40xx.o


==============================================================================

Image component sizes


      Code (inc. data)   RO Data    RW Data    ZI Data      Debug   Object Name

        12          0          0          0          0        489   board.o
       204        106         84          0          0       2480   cmd_helloworld.o
       116         56         49          0          0       1743   cmd_malloc_override.o
       148         78         44          0          0       1814   cmd_tlsf.o
        40          6          0          0          0     278007   main.o
       140         24          0          0          0       1791   misc.o
        24          0          0          0          0       1112   mymalloc.o
        28         10          0          4        512       1281   myringbuffer.o
       112         24          0          0        620       2764   myshell.o
        92         22          0          4      65536       2457   mytlsf.o
       148          0          0          0          0       4394   ringbuffer8.o
      4822        234       1192         84         29      49562   shell.o
       846         12          0          0          0       6862   shell_ext.o
        36          8        392          0       1024        880   startup_stm32f40xx.o
       214          0          0          0          0       2027   stm32f4xx_gpio.o
        26          0          0          0          0       4718   stm32f4xx_it.o
       296         30          0         16          0       4402   stm32f4xx_rcc.o
       468          8          0          0          0       6643   stm32f4xx_usart.o
       340         32          0          0          0       1849   system_stm32f4xx.o
      1724        170          0          0          0      29105   tlsf.o
       296         30          0          0          0       3476   usart.o

    ----------------------------------------------------------------------
     10158        850       1796        108      67724     407856   Object Totals
         0          0         32          0          0          0   (incl. Generated)
        26          0          3          0          3          0   (incl. Padding)

    ----------------------------------------------------------------------

      Code (inc. data)   RO Data    RW Data    ZI Data      Debug   Library Member Name

        28          0          0          0          0         68   _chval.o
       158          0          0          0          0         92   _strtoul.o
        26          0          0          0          0         80   atoi.o
         8          4        133          0          0         68   ctype_o.o
         0          0          0          0          0          0   entry.o
         0          0          0          0          0          0   entry10a.o
         0          0          0          0          0          0   entry11a.o
         4          0          0          0          0          0   entry12b.o
         8          4          0          0          0          0   entry2.o
         4          0          0          0          0          0   entry5.o
         0          0          0          0          0          0   entry7b.o
         0          0          0          0          0          0   entry8b.o
         8          4          0          0          0          0   entry9a.o
         8          4          0          4          0         68   errno.o
        18          0          0          0          0         80   fputc.o
        30          0          0          0          0          0   handlers.o
        36          8          0          0          0         68   init.o
         0          0          0          0          0          0   iusefp.o
         0          0          0          0          0          0   iusesemip.o
        30          0          0          0          0         68   llshl.o
        36          0          0          0          0         68   llsshr.o
        32          0          0          0          0         68   llushr.o
        36          0          0          0          0        108   memseta.o
      2292         96          0          0          0        612   printfa.o
         0          0          0          0          0          0   semi.o
         0          0          0          4          0          0   stdout.o
        28          0          0          0          0         76   strcmp.o
        14          0          0          0          0         68   strlen.o
        30          0          0          0          0         80   strncmp.o
       112          0          0          0          0         88   strtol.o
        44          0          0          0          0         80   uidiv.o
        98          0          0          0          0         92   uldiv.o
        48          0          0          0          0         68   cdrcmple.o
       334          0          0          0          0        148   dadd.o
       222          0          0          0          0        100   ddiv.o
       186          0          0          0          0        176   depilogue.o
        48          0          0          0          0         68   dfixul.o
       228          0          0          0          0         96   dmul.o

    ----------------------------------------------------------------------
      4162        120        136          8          0       2588   Library Totals
         8          0          3          0          0          0   (incl. Padding)

    ----------------------------------------------------------------------

      Code (inc. data)   RO Data    RW Data    ZI Data      Debug   Library Name

      3088        120        133          8          0       1932   mc_w.l
      1066          0          0          0          0        656   mf_w.l

    ----------------------------------------------------------------------
      4162        120        136          8          0       2588   Library Totals

    ----------------------------------------------------------------------

==============================================================================


      Code (inc. data)   RO Data    RW Data    ZI Data      Debug   

     14320        970       1932        116      67724     393796   Grand Totals
     14320        970       1932        116      67724     393796   ELF Image Totals
     14320        970       1932        116          0          0   ROM Totals

==============================================================================

    Total RO  Size (Code + RO Data)                16252 (  15.87kB)
    Total RW  Size (RW Data + ZI Data)             67840 (  66.25kB)
    Total ROM Size (Code + RO Data + RW Data)      16368 (  15.98kB)

==============================================================================

