Component: ARM Compiler 5.06 update 7 (build 960) Tool: armlink [4d3601]

==============================================================================

Section Cross References

    main.o(i.main) refers to board.o(i.board_init) for board_init
    main.o(i.main) refers to usart.o(i.usart_init) for usart_init
    main.o(i.main) refers to myshell.o(i.myshell_init) for myshell_init
    main.o(i.main) refers to shell.o(i.shellTask) for shellTask
    main.o(i.main) refers to myshell.o(.bss) for shell
    board.o(i.board_init) refers to misc.o(i.NVIC_PriorityGroupConfig) for NVIC_PriorityGroupConfig
    usart.o(i.USART1_IRQHandler) refers to stm32f4xx_usart.o(i.USART_GetITStatus) for USART_GetITStatus
    usart.o(i.USART1_IRQHandler) refers to stm32f4xx_usart.o(i.USART_ReceiveData) for USART_ReceiveData
    usart.o(i.USART1_IRQHandler) refers to stm32f4xx_usart.o(i.USART_ClearITPendingBit) for USART_ClearITPendingBit
    usart.o(i.USART1_IRQHandler) refers to usart.o(.data) for rx_data
    usart.o(i._usart_conf_init) refers to stm32f4xx_rcc.o(i.RCC_APB2PeriphClockCmd) for RCC_APB2PeriphClockCmd
    usart.o(i._usart_conf_init) refers to stm32f4xx_usart.o(i.USART_Init) for USART_Init
    usart.o(i._usart_conf_init) refers to stm32f4xx_usart.o(i.USART_Cmd) for USART_Cmd
    usart.o(i._usart_it_init) refers to misc.o(i.NVIC_Init) for NVIC_Init
    usart.o(i._usart_it_init) refers to stm32f4xx_usart.o(i.USART_ITConfig) for USART_ITConfig
    usart.o(i._usart_pin_init) refers to stm32f4xx_rcc.o(i.RCC_AHB1PeriphClockCmd) for RCC_AHB1PeriphClockCmd
    usart.o(i._usart_pin_init) refers to stm32f4xx_gpio.o(i.GPIO_PinAFConfig) for GPIO_PinAFConfig
    usart.o(i._usart_pin_init) refers to stm32f4xx_gpio.o(i.GPIO_Init) for GPIO_Init
    usart.o(i.usart_init) refers to usart.o(i._usart_pin_init) for _usart_pin_init
    usart.o(i.usart_init) refers to usart.o(i._usart_conf_init) for _usart_conf_init
    usart.o(i.usart_init) refers to usart.o(i._usart_it_init) for _usart_it_init
    usart.o(i.usart_send) refers to stm32f4xx_usart.o(i.USART_SendData) for USART_SendData
    usart.o(i.usart_send) refers to stm32f4xx_usart.o(i.USART_GetFlagStatus) for USART_GetFlagStatus
    myshell.o(i._shell_read_implement) refers to usart.o(.data) for rx_data
    myshell.o(i._shell_write_implement) refers to usart.o(i.usart_send) for usart_send
    myshell.o(i.myshell_init) refers to shell.o(i.shellInit) for shellInit
    myshell.o(i.myshell_init) refers to myshell.o(i._shell_read_implement) for _shell_read_implement
    myshell.o(i.myshell_init) refers to myshell.o(.bss) for shell
    myshell.o(i.myshell_init) refers to myshell.o(i._shell_write_implement) for _shell_write_implement
    startup_stm32f40xx.o(RESET) refers to startup_stm32f40xx.o(STACK) for __initial_sp
    startup_stm32f40xx.o(RESET) refers to startup_stm32f40xx.o(.text) for Reset_Handler
    startup_stm32f40xx.o(RESET) refers to stm32f4xx_it.o(i.NMI_Handler) for NMI_Handler
    startup_stm32f40xx.o(RESET) refers to stm32f4xx_it.o(i.HardFault_Handler) for HardFault_Handler
    startup_stm32f40xx.o(RESET) refers to stm32f4xx_it.o(i.MemManage_Handler) for MemManage_Handler
    startup_stm32f40xx.o(RESET) refers to stm32f4xx_it.o(i.BusFault_Handler) for BusFault_Handler
    startup_stm32f40xx.o(RESET) refers to stm32f4xx_it.o(i.UsageFault_Handler) for UsageFault_Handler
    startup_stm32f40xx.o(RESET) refers to stm32f4xx_it.o(i.SVC_Handler) for SVC_Handler
    startup_stm32f40xx.o(RESET) refers to stm32f4xx_it.o(i.DebugMon_Handler) for DebugMon_Handler
    startup_stm32f40xx.o(RESET) refers to stm32f4xx_it.o(i.PendSV_Handler) for PendSV_Handler
    startup_stm32f40xx.o(RESET) refers to stm32f4xx_it.o(i.SysTick_Handler) for SysTick_Handler
    startup_stm32f40xx.o(RESET) refers to usart.o(i.USART1_IRQHandler) for USART1_IRQHandler
    startup_stm32f40xx.o(.text) refers to system_stm32f4xx.o(i.SystemInit) for SystemInit
    startup_stm32f40xx.o(.text) refers to entry.o(.ARM.Collect$$$$00000000) for __main
    system_stm32f4xx.o(i.SystemCoreClockUpdate) refers to system_stm32f4xx.o(.data) for SystemCoreClock
    system_stm32f4xx.o(i.SystemInit) refers to system_stm32f4xx.o(i.SetSysClock) for SetSysClock
    stm32f4xx_adc.o(i.ADC_DeInit) refers to stm32f4xx_rcc.o(i.RCC_APB2PeriphResetCmd) for RCC_APB2PeriphResetCmd
    stm32f4xx_can.o(i.CAN_DeInit) refers to stm32f4xx_rcc.o(i.RCC_APB1PeriphResetCmd) for RCC_APB1PeriphResetCmd
    stm32f4xx_can.o(i.CAN_GetITStatus) refers to stm32f4xx_can.o(i.CheckITStatus) for CheckITStatus
    stm32f4xx_cryp.o(i.CRYP_DeInit) refers to stm32f4xx_rcc.o(i.RCC_AHB2PeriphResetCmd) for RCC_AHB2PeriphResetCmd
    stm32f4xx_cryp_aes.o(i.CRYP_AES_CBC) refers to stm32f4xx_cryp.o(i.CRYP_KeyStructInit) for CRYP_KeyStructInit
    stm32f4xx_cryp_aes.o(i.CRYP_AES_CBC) refers to stm32f4xx_cryp.o(i.CRYP_FIFOFlush) for CRYP_FIFOFlush
    stm32f4xx_cryp_aes.o(i.CRYP_AES_CBC) refers to stm32f4xx_cryp.o(i.CRYP_Init) for CRYP_Init
[...]
    Removing stm32f4xx_rtc.o(i.RTC_CoarseCalibCmd), (80 bytes).
    Removing stm32f4xx_rtc.o(i.RTC_CoarseCalibConfig), (56 bytes).
    Removing stm32f4xx_rtc.o(i.RTC_DateStructInit), (14 bytes).
    Removing stm32f4xx_rtc.o(i.RTC_DayLightSavingConfig), (56 bytes).
    Removing stm32f4xx_rtc.o(i.RTC_DeInit), (212 bytes).
    Removing stm32f4xx_rtc.o(i.RTC_EnterInitMode), (80 bytes).
    Removing stm32f4xx_rtc.o(i.RTC_ExitInitMode), (20 bytes).
    Removing stm32f4xx_rtc.o(i.RTC_GetAlarm), (116 bytes).
    Removing stm32f4xx_rtc.o(i.RTC_GetAlarmSubSecond), (36 bytes).
    Removing stm32f4xx_rtc.o(i.RTC_GetDate), (76 bytes).
    Removing stm32f4xx_rtc.o(i.RTC_GetFlagStatus), (40 bytes).
    Removing stm32f4xx_rtc.o(i.RTC_GetITStatus), (68 bytes).
    Removing stm32f4xx_rtc.o(i.RTC_GetStoreOperation), (16 bytes).
    Removing stm32f4xx_rtc.o(i.RTC_GetSubSecond), (20 bytes).
    Removing stm32f4xx_rtc.o(i.RTC_GetTime), (80 bytes).
    Removing stm32f4xx_rtc.o(i.RTC_GetTimeStamp), (156 bytes).
    Removing stm32f4xx_rtc.o(i.RTC_GetTimeStampSubSecond), (12 bytes).
    Removing stm32f4xx_rtc.o(i.RTC_GetWakeUpCounter), (12 bytes).
    Removing stm32f4xx_rtc.o(i.RTC_ITConfig), (100 bytes).
    Removing stm32f4xx_rtc.o(i.RTC_Init), (100 bytes).
    Removing stm32f4xx_rtc.o(i.RTC_OutputConfig), (56 bytes).
    Removing stm32f4xx_rtc.o(i.RTC_OutputTypeConfig), (28 bytes).
    Removing stm32f4xx_rtc.o(i.RTC_ReadBackupRegister), (32 bytes).
    Removing stm32f4xx_rtc.o(i.RTC_RefClockCmd), (80 bytes).
    Removing stm32f4xx_rtc.o(i.RTC_SetAlarm), (236 bytes).
    Removing stm32f4xx_rtc.o(i.RTC_SetDate), (200 bytes).
    Removing stm32f4xx_rtc.o(i.RTC_SetTime), (208 bytes).
    Removing stm32f4xx_rtc.o(i.RTC_SetWakeUpCounter), (28 bytes).
    Removing stm32f4xx_rtc.o(i.RTC_SmoothCalibConfig), (96 bytes).
    Removing stm32f4xx_rtc.o(i.RTC_StructInit), (14 bytes).
    Removing stm32f4xx_rtc.o(i.RTC_SynchroShiftConfig), (124 bytes).
    Removing stm32f4xx_rtc.o(i.RTC_TamperCmd), (32 bytes).
    Removing stm32f4xx_rtc.o(i.RTC_TamperFilterConfig), (28 bytes).
    Removing stm32f4xx_rtc.o(i.RTC_TamperPinSelection), (28 bytes).
    Removing stm32f4xx_rtc.o(i.RTC_TamperPinsPrechargeDuration), (28 bytes).
    Removing stm32f4xx_rtc.o(i.RTC_TamperPullUpCmd), (36 bytes).
    Removing stm32f4xx_rtc.o(i.RTC_TamperSamplingFreqConfig), (28 bytes).
    Removing stm32f4xx_rtc.o(i.RTC_TamperTriggerConfig), (36 bytes).
    Removing stm32f4xx_rtc.o(i.RTC_TimeStampCmd), (56 bytes).
    Removing stm32f4xx_rtc.o(i.RTC_TimeStampOnTamperDetectionCmd), (36 bytes).
    Removing stm32f4xx_rtc.o(i.RTC_TimeStampPinSelection), (28 bytes).
    Removing stm32f4xx_rtc.o(i.RTC_TimeStructInit), (12 bytes).
    Removing stm32f4xx_rtc.o(i.RTC_WaitForSynchro), (96 bytes).
    Removing stm32f4xx_rtc.o(i.RTC_WakeUpClockConfig), (48 bytes).
    Removing stm32f4xx_rtc.o(i.RTC_WakeUpCmd), (120 bytes).
    Removing stm32f4xx_rtc.o(i.RTC_WriteBackupRegister), (28 bytes).
    Removing stm32f4xx_rtc.o(i.RTC_WriteProtectionCmd), (28 bytes).
    Removing stm32f4xx_sai.o(.rev16_text), (4 bytes).
    Removing stm32f4xx_sai.o(.revsh_text), (4 bytes).
    Removing stm32f4xx_sai.o(.rrx_text), (6 bytes).
    Removing stm32f4xx_sai.o(i.SAI_ClearFlag), (8 bytes).
    Removing stm32f4xx_sai.o(i.SAI_ClearITPendingBit), (8 bytes).
    Removing stm32f4xx_sai.o(i.SAI_Cmd), (22 bytes).
    Removing stm32f4xx_sai.o(i.SAI_CompandingModeConfig), (16 bytes).
    Removing stm32f4xx_sai.o(i.SAI_DMACmd), (22 bytes).
    Removing stm32f4xx_sai.o(i.SAI_DeInit), (36 bytes).
    Removing stm32f4xx_sai.o(i.SAI_FlushFIFO), (10 bytes).
    Removing stm32f4xx_sai.o(i.SAI_FrameInit), (44 bytes).
    Removing stm32f4xx_sai.o(i.SAI_FrameStructInit), (18 bytes).
    Removing stm32f4xx_sai.o(i.SAI_GetCmdStatus), (20 bytes).
    Removing stm32f4xx_sai.o(i.SAI_GetFIFOStatus), (12 bytes).
    Removing stm32f4xx_sai.o(i.SAI_GetFlagStatus), (18 bytes).
    Removing stm32f4xx_sai.o(i.SAI_GetITStatus), (30 bytes).
    Removing stm32f4xx_sai.o(i.SAI_ITConfig), (18 bytes).
    Removing stm32f4xx_sai.o(i.SAI_Init), (76 bytes).
    Removing stm32f4xx_sai.o(i.SAI_MonoModeConfig), (18 bytes).
    Removing stm32f4xx_sai.o(i.SAI_MuteFrameCounterConfig), (18 bytes).
    Removing stm32f4xx_sai.o(i.SAI_MuteModeCmd), (22 bytes).
    Removing stm32f4xx_sai.o(i.SAI_MuteValueConfig), (16 bytes).
    Removing stm32f4xx_sai.o(i.SAI_ReceiveData), (6 bytes).
    Removing stm32f4xx_sai.o(i.SAI_SendData), (4 bytes).
    Removing stm32f4xx_sai.o(i.SAI_SlotInit), (36 bytes).
    Removing stm32f4xx_sai.o(i.SAI_SlotStructInit), (16 bytes).
    Removing stm32f4xx_sai.o(i.SAI_StructInit), (30 bytes).
    Removing stm32f4xx_sai.o(i.SAI_TRIStateConfig), (18 bytes).
    Removing stm32f4xx_sdio.o(.rev16_text), (4 bytes).
    Removing stm32f4xx_sdio.o(.revsh_text), (4 bytes).
    Removing stm32f4xx_sdio.o(.rrx_text), (6 bytes).
    Removing stm32f4xx_sdio.o(i.SDIO_CEATAITCmd), (16 bytes).
    Removing stm32f4xx_sdio.o(i.SDIO_ClearFlag), (12 bytes).
    Removing stm32f4xx_sdio.o(i.SDIO_ClearITPendingBit), (12 bytes).
    Removing stm32f4xx_sdio.o(i.SDIO_ClockCmd), (12 bytes).
    Removing stm32f4xx_sdio.o(i.SDIO_CmdStructInit), (14 bytes).
    Removing stm32f4xx_sdio.o(i.SDIO_CommandCompletionCmd), (12 bytes).
    Removing stm32f4xx_sdio.o(i.SDIO_DMACmd), (12 bytes).
    Removing stm32f4xx_sdio.o(i.SDIO_DataConfig), (52 bytes).
    Removing stm32f4xx_sdio.o(i.SDIO_DataStructInit), (20 bytes).
    Removing stm32f4xx_sdio.o(i.SDIO_DeInit), (22 bytes).
    Removing stm32f4xx_sdio.o(i.SDIO_GetCommandResponse), (12 bytes).
    Removing stm32f4xx_sdio.o(i.SDIO_GetDataCounter), (12 bytes).
    Removing stm32f4xx_sdio.o(i.SDIO_GetFIFOCount), (12 bytes).
    Removing stm32f4xx_sdio.o(i.SDIO_GetFlagStatus), (24 bytes).
    Removing stm32f4xx_sdio.o(i.SDIO_GetITStatus), (24 bytes).
    Removing stm32f4xx_sdio.o(i.SDIO_GetPowerState), (16 bytes).
    Removing stm32f4xx_sdio.o(i.SDIO_GetResponse), (24 bytes).
    Removing stm32f4xx_sdio.o(i.SDIO_ITConfig), (32 bytes).
    Removing stm32f4xx_sdio.o(i.SDIO_Init), (48 bytes).
    Removing stm32f4xx_sdio.o(i.SDIO_ReadData), (12 bytes).
    Removing stm32f4xx_sdio.o(i.SDIO_SendCEATACmd), (12 bytes).
    Removing stm32f4xx_sdio.o(i.SDIO_SendCommand), (44 bytes).
    Removing stm32f4xx_sdio.o(i.SDIO_SendSDIOSuspendCmd), (12 bytes).
    Removing stm32f4xx_sdio.o(i.SDIO_SetPowerState), (12 bytes).
    Removing stm32f4xx_sdio.o(i.SDIO_SetSDIOOperation), (12 bytes).
    Removing stm32f4xx_sdio.o(i.SDIO_SetSDIOReadWaitMode), (12 bytes).
    Removing stm32f4xx_sdio.o(i.SDIO_StartSDIOReadWait), (12 bytes).
    Removing stm32f4xx_sdio.o(i.SDIO_StopSDIOReadWait), (12 bytes).
    Removing stm32f4xx_sdio.o(i.SDIO_StructInit), (16 bytes).
    Removing stm32f4xx_sdio.o(i.SDIO_WriteData), (12 bytes).
    Removing stm32f4xx_spdifrx.o(.rev16_text), (4 bytes).
    Removing stm32f4xx_spdifrx.o(.revsh_text), (4 bytes).
    Removing stm32f4xx_spdifrx.o(.rrx_text), (6 bytes).
    Removing stm32f4xx_spi.o(.rev16_text), (4 bytes).
    Removing stm32f4xx_spi.o(.revsh_text), (4 bytes).
    Removing stm32f4xx_spi.o(.rrx_text), (6 bytes).
    Removing stm32f4xx_spi.o(i.I2S_Cmd), (24 bytes).
    Removing stm32f4xx_spi.o(i.I2S_FullDuplexConfig), (80 bytes).
    Removing stm32f4xx_spi.o(i.I2S_Init), (420 bytes).
    Removing stm32f4xx_spi.o(i.I2S_StructInit), (20 bytes).
    Removing stm32f4xx_spi.o(i.SPI_BiDirectionalLineConfig), (28 bytes).
    Removing stm32f4xx_spi.o(i.SPI_CalculateCRC), (24 bytes).
    Removing stm32f4xx_spi.o(i.SPI_Cmd), (24 bytes).
    Removing stm32f4xx_spi.o(i.SPI_DataSizeConfig), (18 bytes).
    Removing stm32f4xx_spi.o(i.SPI_GetCRC), (16 bytes).
    Removing stm32f4xx_spi.o(i.SPI_GetCRCPolynomial), (6 bytes).
    Removing stm32f4xx_spi.o(i.SPI_I2S_ClearFlag), (6 bytes).
    Removing stm32f4xx_spi.o(i.SPI_I2S_ClearITPendingBit), (20 bytes).
    Removing stm32f4xx_spi.o(i.SPI_I2S_DMACmd), (18 bytes).
    Removing stm32f4xx_spi.o(i.SPI_I2S_DeInit), (176 bytes).
    Removing stm32f4xx_spi.o(i.SPI_I2S_GetFlagStatus), (18 bytes).
    Removing stm32f4xx_spi.o(i.SPI_I2S_GetITStatus), (52 bytes).
    Removing stm32f4xx_spi.o(i.SPI_I2S_ITConfig), (32 bytes).
    Removing stm32f4xx_spi.o(i.SPI_I2S_ReceiveData), (6 bytes).
    Removing stm32f4xx_spi.o(i.SPI_I2S_SendData), (4 bytes).
    Removing stm32f4xx_spi.o(i.SPI_Init), (60 bytes).
    Removing stm32f4xx_spi.o(i.SPI_NSSInternalSoftwareConfig), (30 bytes).
    Removing stm32f4xx_spi.o(i.SPI_SSOutputCmd), (24 bytes).
    Removing stm32f4xx_spi.o(i.SPI_StructInit), (24 bytes).
    Removing stm32f4xx_spi.o(i.SPI_TIModeCmd), (24 bytes).
    Removing stm32f4xx_spi.o(i.SPI_TransmitCRC), (10 bytes).
    Removing stm32f4xx_syscfg.o(.rev16_text), (4 bytes).
    Removing stm32f4xx_syscfg.o(.revsh_text), (4 bytes).
    Removing stm32f4xx_syscfg.o(.rrx_text), (6 bytes).
    Removing stm32f4xx_syscfg.o(i.SYSCFG_CompensationCellCmd), (12 bytes).
    Removing stm32f4xx_syscfg.o(i.SYSCFG_DeInit), (22 bytes).
    Removing stm32f4xx_syscfg.o(i.SYSCFG_ETH_MediaInterfaceConfig), (12 bytes).
    Removing stm32f4xx_syscfg.o(i.SYSCFG_EXTILineConfig), (64 bytes).
    Removing stm32f4xx_syscfg.o(i.SYSCFG_GetCompensationCellStatus), (24 bytes).
    Removing stm32f4xx_syscfg.o(i.SYSCFG_MemoryRemapConfig), (12 bytes).
    Removing stm32f4xx_syscfg.o(i.SYSCFG_MemorySwappingBank), (12 bytes).
    Removing stm32f4xx_tim.o(.rev16_text), (4 bytes).
    Removing stm32f4xx_tim.o(.revsh_text), (4 bytes).
    Removing stm32f4xx_tim.o(.rrx_text), (6 bytes).
    Removing stm32f4xx_tim.o(i.TI1_Config), (58 bytes).
    Removing stm32f4xx_tim.o(i.TI2_Config), (80 bytes).
    Removing stm32f4xx_tim.o(i.TI3_Config), (72 bytes).
    Removing stm32f4xx_tim.o(i.TI4_Config), (80 bytes).
    Removing stm32f4xx_tim.o(i.TIM_ARRPreloadConfig), (24 bytes).
    Removing stm32f4xx_tim.o(i.TIM_BDTRConfig), (32 bytes).
    Removing stm32f4xx_tim.o(i.TIM_BDTRStructInit), (18 bytes).
    Removing stm32f4xx_tim.o(i.TIM_CCPreloadControl), (24 bytes).
    Removing stm32f4xx_tim.o(i.TIM_CCxCmd), (30 bytes).
    Removing stm32f4xx_tim.o(i.TIM_CCxNCmd), (30 bytes).
    Removing stm32f4xx_tim.o(i.TIM_ClearFlag), (6 bytes).
    Removing stm32f4xx_tim.o(i.TIM_ClearITPendingBit), (6 bytes).
    Removing stm32f4xx_tim.o(i.TIM_ClearOC1Ref), (18 bytes).
    Removing stm32f4xx_tim.o(i.TIM_ClearOC2Ref), (24 bytes).
    Removing stm32f4xx_tim.o(i.TIM_ClearOC3Ref), (18 bytes).
    Removing stm32f4xx_tim.o(i.TIM_ClearOC4Ref), (24 bytes).
    Removing stm32f4xx_tim.o(i.TIM_Cmd), (24 bytes).
    Removing stm32f4xx_tim.o(i.TIM_CounterModeConfig), (18 bytes).
    Removing stm32f4xx_tim.o(i.TIM_CtrlPWMOutputs), (30 bytes).
    Removing stm32f4xx_tim.o(i.TIM_DMACmd), (18 bytes).
    Removing stm32f4xx_tim.o(i.TIM_DMAConfig), (10 bytes).
    Removing stm32f4xx_tim.o(i.TIM_DeInit), (400 bytes).
    Removing stm32f4xx_tim.o(i.TIM_ETRClockMode1Config), (54 bytes).
    Removing stm32f4xx_tim.o(i.TIM_ETRClockMode2Config), (32 bytes).
    Removing stm32f4xx_tim.o(i.TIM_ETRConfig), (28 bytes).
    Removing stm32f4xx_tim.o(i.TIM_EncoderInterfaceConfig), (66 bytes).
    Removing stm32f4xx_tim.o(i.TIM_ForcedOC1Config), (18 bytes).
    Removing stm32f4xx_tim.o(i.TIM_ForcedOC2Config), (26 bytes).
    Removing stm32f4xx_tim.o(i.TIM_ForcedOC3Config), (18 bytes).
    Removing stm32f4xx_tim.o(i.TIM_ForcedOC4Config), (26 bytes).
    Removing stm32f4xx_tim.o(i.TIM_GenerateEvent), (4 bytes).
    Removing stm32f4xx_tim.o(i.TIM_GetCapture1), (6 bytes).
    Removing stm32f4xx_tim.o(i.TIM_GetCapture2), (6 bytes).
    Removing stm32f4xx_tim.o(i.TIM_GetCapture3), (6 bytes).
    Removing stm32f4xx_tim.o(i.TIM_GetCapture4), (6 bytes).
    Removing stm32f4xx_tim.o(i.TIM_GetCounter), (6 bytes).
    Removing stm32f4xx_tim.o(i.TIM_GetFlagStatus), (18 bytes).
    Removing stm32f4xx_tim.o(i.TIM_GetITStatus), (34 bytes).
    Removing stm32f4xx_tim.o(i.TIM_GetPrescaler), (6 bytes).
    Removing stm32f4xx_tim.o(i.TIM_ICInit), (110 bytes).
    Removing stm32f4xx_tim.o(i.TIM_ICStructInit), (18 bytes).
    Removing stm32f4xx_tim.o(i.TIM_ITConfig), (18 bytes).
    Removing stm32f4xx_tim.o(i.TIM_ITRxExternalClockConfig), (24 bytes).
    Removing stm32f4xx_tim.o(i.TIM_InternalClockConfig), (12 bytes).
    Removing stm32f4xx_tim.o(i.TIM_OC1FastConfig), (18 bytes).
    Removing stm32f4xx_tim.o(i.TIM_OC1Init), (124 bytes).
    Removing stm32f4xx_tim.o(i.TIM_OC1NPolarityConfig), (18 bytes).
    Removing stm32f4xx_tim.o(i.TIM_OC1PolarityConfig), (18 bytes).
    Removing stm32f4xx_tim.o(i.TIM_OC1PreloadConfig), (18 bytes).
    Removing stm32f4xx_tim.o(i.TIM_OC2FastConfig), (26 bytes).
    Removing stm32f4xx_tim.o(i.TIM_OC2Init), (164 bytes).
    Removing stm32f4xx_tim.o(i.TIM_OC2NPolarityConfig), (26 bytes).
    Removing stm32f4xx_tim.o(i.TIM_OC2PolarityConfig), (26 bytes).
    Removing stm32f4xx_tim.o(i.TIM_OC2PreloadConfig), (26 bytes).
    Removing stm32f4xx_tim.o(i.TIM_OC3FastConfig), (18 bytes).
    Removing stm32f4xx_tim.o(i.TIM_OC3Init), (160 bytes).
    Removing stm32f4xx_tim.o(i.TIM_OC3NPolarityConfig), (26 bytes).
    Removing stm32f4xx_tim.o(i.TIM_OC3PolarityConfig), (26 bytes).
    Removing stm32f4xx_tim.o(i.TIM_OC3PreloadConfig), (18 bytes).
    Removing stm32f4xx_tim.o(i.TIM_OC4FastConfig), (26 bytes).
    Removing stm32f4xx_tim.o(i.TIM_OC4Init), (120 bytes).
    Removing stm32f4xx_tim.o(i.TIM_OC4PolarityConfig), (26 bytes).
    Removing stm32f4xx_tim.o(i.TIM_OC4PreloadConfig), (26 bytes).
    Removing stm32f4xx_tim.o(i.TIM_OCStructInit), (20 bytes).
    Removing stm32f4xx_tim.o(i.TIM_PWMIConfig), (124 bytes).
    Removing stm32f4xx_tim.o(i.TIM_PrescalerConfig), (6 bytes).
    Removing stm32f4xx_tim.o(i.TIM_RemapConfig), (6 bytes).
    Removing stm32f4xx_tim.o(i.TIM_SelectCCDMA), (24 bytes).
    Removing stm32f4xx_tim.o(i.TIM_SelectCOM), (24 bytes).
    Removing stm32f4xx_tim.o(i.TIM_SelectHallSensor), (24 bytes).
    Removing stm32f4xx_tim.o(i.TIM_SelectInputTrigger), (18 bytes).
    Removing stm32f4xx_tim.o(i.TIM_SelectMasterSlaveMode), (18 bytes).
    Removing stm32f4xx_tim.o(i.TIM_SelectOCxM), (86 bytes).
    Removing stm32f4xx_tim.o(i.TIM_SelectOnePulseMode), (18 bytes).
    Removing stm32f4xx_tim.o(i.TIM_SelectOutputTrigger), (18 bytes).
    Removing stm32f4xx_tim.o(i.TIM_SelectSlaveMode), (18 bytes).
    Removing stm32f4xx_tim.o(i.TIM_SetAutoreload), (4 bytes).
    Removing stm32f4xx_tim.o(i.TIM_SetClockDivision), (18 bytes).
    Removing stm32f4xx_tim.o(i.TIM_SetCompare1), (4 bytes).
    Removing stm32f4xx_tim.o(i.TIM_SetCompare2), (4 bytes).
    Removing stm32f4xx_tim.o(i.TIM_SetCompare3), (4 bytes).
    Removing stm32f4xx_tim.o(i.TIM_SetCompare4), (4 bytes).
    Removing stm32f4xx_tim.o(i.TIM_SetCounter), (4 bytes).
    Removing stm32f4xx_tim.o(i.TIM_SetIC1Prescaler), (18 bytes).
    Removing stm32f4xx_tim.o(i.TIM_SetIC2Prescaler), (26 bytes).
    Removing stm32f4xx_tim.o(i.TIM_SetIC3Prescaler), (18 bytes).
    Removing stm32f4xx_tim.o(i.TIM_SetIC4Prescaler), (26 bytes).
    Removing stm32f4xx_tim.o(i.TIM_TIxExternalClockConfig), (62 bytes).
    Removing stm32f4xx_tim.o(i.TIM_TimeBaseInit), (132 bytes).
    Removing stm32f4xx_tim.o(i.TIM_TimeBaseStructInit), (18 bytes).
    Removing stm32f4xx_tim.o(i.TIM_UpdateDisableConfig), (24 bytes).
    Removing stm32f4xx_tim.o(i.TIM_UpdateRequestConfig), (24 bytes).
    Removing stm32f4xx_usart.o(.rev16_text), (4 bytes).
    Removing stm32f4xx_usart.o(.revsh_text), (4 bytes).
    Removing stm32f4xx_usart.o(.rrx_text), (6 bytes).
    Removing stm32f4xx_usart.o(i.USART_ClearFlag), (18 bytes).
    Removing stm32f4xx_usart.o(i.USART_ClockInit), (32 bytes).
    Removing stm32f4xx_usart.o(i.USART_ClockStructInit), (12 bytes).
    Removing stm32f4xx_usart.o(i.USART_DMACmd), (18 bytes).
    Removing stm32f4xx_usart.o(i.USART_DeInit), (240 bytes).
    Removing stm32f4xx_usart.o(i.USART_HalfDuplexCmd), (24 bytes).
    Removing stm32f4xx_usart.o(i.USART_IrDACmd), (24 bytes).
    Removing stm32f4xx_usart.o(i.USART_IrDAConfig), (18 bytes).
    Removing stm32f4xx_usart.o(i.USART_LINBreakDetectLengthConfig), (18 bytes).
    Removing stm32f4xx_usart.o(i.USART_LINCmd), (24 bytes).
    Removing stm32f4xx_usart.o(i.USART_OneBitMethodCmd), (24 bytes).
    Removing stm32f4xx_usart.o(i.USART_OverSampling8Cmd), (22 bytes).
    Removing stm32f4xx_usart.o(i.USART_ReceiverWakeUpCmd), (24 bytes).
    Removing stm32f4xx_usart.o(i.USART_SendBreak), (10 bytes).
    Removing stm32f4xx_usart.o(i.USART_SetAddress), (18 bytes).
    Removing stm32f4xx_usart.o(i.USART_SetGuardTime), (16 bytes).
    Removing stm32f4xx_usart.o(i.USART_SetPrescaler), (16 bytes).
    Removing stm32f4xx_usart.o(i.USART_SmartCardCmd), (24 bytes).
    Removing stm32f4xx_usart.o(i.USART_SmartCardNACKCmd), (24 bytes).
    Removing stm32f4xx_usart.o(i.USART_StructInit), (24 bytes).
    Removing stm32f4xx_usart.o(i.USART_WakeUpConfig), (18 bytes).
    Removing stm32f4xx_wwdg.o(.rev16_text), (4 bytes).
    Removing stm32f4xx_wwdg.o(.revsh_text), (4 bytes).
    Removing stm32f4xx_wwdg.o(.rrx_text), (6 bytes).
    Removing stm32f4xx_wwdg.o(i.WWDG_ClearFlag), (12 bytes).
    Removing stm32f4xx_wwdg.o(i.WWDG_DeInit), (22 bytes).
    Removing stm32f4xx_wwdg.o(i.WWDG_Enable), (16 bytes).
    Removing stm32f4xx_wwdg.o(i.WWDG_EnableIT), (12 bytes).
    Removing stm32f4xx_wwdg.o(i.WWDG_GetFlagStatus), (20 bytes).
    Removing stm32f4xx_wwdg.o(i.WWDG_SetCounter), (16 bytes).
    Removing stm32f4xx_wwdg.o(i.WWDG_SetPrescaler), (24 bytes).
    Removing stm32f4xx_wwdg.o(i.WWDG_SetWindowValue), (40 bytes).
    Removing shell.o(i.shellPrint), (50 bytes).
    Removing shell.o(i.shellRemove), (44 bytes).
    Removing shell.o(i.shellRun), (92 bytes).
    Removing dadd.o(.text), (334 bytes).
    Removing dmul.o(.text), (228 bytes).
    Removing ddiv.o(.text), (222 bytes).
    Removing dfixul.o(.text), (48 bytes).
    Removing cdrcmple.o(.text), (48 bytes).
    Removing depilogue.o(.text), (186 bytes).

845 unused section(s) (total 37276 bytes) removed from the image.

==============================================================================

Image Symbol Table

    Local Symbols

    Symbol Name                              Value     Ov Type        Size  Object(Section)

    ../clib/microlib/division.c              0x00000000   Number         0  uidiv.o ABSOLUTE
    ../clib/microlib/division.c              0x00000000   Number         0  uldiv.o ABSOLUTE
    ../clib/microlib/init/entry.s            0x00000000   Number         0  entry7b.o ABSOLUTE
    ../clib/microlib/init/entry.s            0x00000000   Number         0  entry2.o ABSOLUTE
    ../clib/microlib/init/entry.s            0x00000000   Number         0  entry9b.o ABSOLUTE
    ../clib/microlib/init/entry.s            0x00000000   Number         0  entry10a.o ABSOLUTE
    ../clib/microlib/init/entry.s            0x00000000   Number         0  entry5.o ABSOLUTE
    ../clib/microlib/init/entry.s            0x00000000   Number         0  entry7a.o ABSOLUTE
    ../clib/microlib/init/entry.s            0x00000000   Number         0  entry12a.o ABSOLUTE
    ../clib/microlib/init/entry.s            0x00000000   Number         0  entry12b.o ABSOLUTE
    ../clib/microlib/init/entry.s            0x00000000   Number         0  entry.o ABSOLUTE
    ../clib/microlib/init/entry.s            0x00000000   Number         0  entry9a.o ABSOLUTE
    ../clib/microlib/init/entry.s            0x00000000   Number         0  entry11b.o ABSOLUTE
    ../clib/microlib/init/entry.s            0x00000000   Number         0  entry8b.o ABSOLUTE
    ../clib/microlib/init/entry.s            0x00000000   Number         0  entry8a.o ABSOLUTE
    ../clib/microlib/init/entry.s            0x00000000   Number         0  entry11a.o ABSOLUTE
    ../clib/microlib/init/entry.s            0x00000000   Number         0  entry10b.o ABSOLUTE
    ../clib/microlib/longlong.c              0x00000000   Number         0  llsshr.o ABSOLUTE
    ../clib/microlib/longlong.c              0x00000000   Number         0  llushr.o ABSOLUTE
    ../clib/microlib/longlong.c              0x00000000   Number         0  llshl.o ABSOLUTE
    ../clib/microlib/printf/printf.c         0x00000000   Number         0  printfa.o ABSOLUTE
    ../clib/microlib/stdio/fputc.c           0x00000000   Number         0  fputc.o ABSOLUTE
    ../clib/microlib/stdio/semi.s            0x00000000   Number         0  semi.o ABSOLUTE
    ../clib/microlib/stdio/streams.c         0x00000000   Number         0  stdout.o ABSOLUTE
    ../clib/microlib/string/memset.c         0x00000000   Number         0  memseta.o ABSOLUTE
    ../clib/microlib/string/strcmp.c         0x00000000   Number         0  strcmp.o ABSOLUTE
    ../clib/microlib/string/strlen.c         0x00000000   Number         0  strlen.o ABSOLUTE
    ../clib/microlib/string/strncmp.c        0x00000000   Number         0  strncmp.o ABSOLUTE
    ../clib/microlib/stubs.s                 0x00000000   Number         0  iusesemip.o ABSOLUTE
    ../clib/microlib/stubs.s                 0x00000000   Number         0  iusefp.o ABSOLUTE
    ../fplib/microlib/fpadd.c                0x00000000   Number         0  dadd.o ABSOLUTE
    ../fplib/microlib/fpdiv.c                0x00000000   Number         0  ddiv.o ABSOLUTE
    ../fplib/microlib/fpepilogue.c           0x00000000   Number         0  depilogue.o ABSOLUTE
    ../fplib/microlib/fpfix.c                0x00000000   Number         0  dfixul.o ABSOLUTE
    ../fplib/microlib/fpmul.c                0x00000000   Number         0  dmul.o ABSOLUTE
    APP\\board.c                             0x00000000   Number         0  board.o ABSOLUTE
    APP\\main.c                              0x00000000   Number         0  main.o ABSOLUTE
    APP\board.c                              0x00000000   Number         0  board.o ABSOLUTE
    APP\main.c                               0x00000000   Number         0  main.o ABSOLUTE
    Driver\\src\\myshell.c                   0x00000000   Number         0  myshell.o ABSOLUTE
    Driver\\src\\usart.c                     0x00000000   Number         0  usart.o ABSOLUTE
    Driver\src\myshell.c                     0x00000000   Number         0  myshell.o ABSOLUTE
    Driver\src\usart.c                       0x00000000   Number         0  usart.o ABSOLUTE
    Firmware\CMSIS\Device\startup_stm32f40xx.s 0x00000000   Number         0  startup_stm32f40xx.o ABSOLUTE
    Firmware\CMSIS\Device\stm32f4xx_it.c     0x00000000   Number         0  stm32f4xx_it.o ABSOLUTE
    Firmware\CMSIS\Device\system_stm32f4xx.c 0x00000000   Number         0  system_stm32f4xx.o ABSOLUTE
    Firmware\Driver\src\misc.c               0x00000000   Number         0  misc.o ABSOLUTE
    Firmware\Driver\src\stm32f4xx_adc.c      0x00000000   Number         0  stm32f4xx_adc.o ABSOLUTE
    Firmware\Driver\src\stm32f4xx_can.c      0x00000000   Number         0  stm32f4xx_can.o ABSOLUTE
    Firmware\Driver\src\stm32f4xx_cec.c      0x00000000   Number         0  stm32f4xx_cec.o ABSOLUTE
    Firmware\Driver\src\stm32f4xx_crc.c      0x00000000   Number         0  stm32f4xx_crc.o ABSOLUTE
    Firmware\Driver\src\stm32f4xx_cryp.c     0x00000000   Number         0  stm32f4xx_cryp.o ABSOLUTE
    Firmware\Driver\src\stm32f4xx_cryp_aes.c 0x00000000   Number         0  stm32f4xx_cryp_aes.o ABSOLUTE
    Firmware\Driver\src\stm32f4xx_cryp_des.c 0x00000000   Number         0  stm32f4xx_cryp_des.o ABSOLUTE
    Firmware\Driver\src\stm32f4xx_cryp_tdes.c 0x00000000   Number         0  stm32f4xx_cryp_tdes.o ABSOLUTE
    Firmware\Driver\src\stm32f4xx_dac.c      0x00000000   Number         0  stm32f4xx_dac.o ABSOLUTE
    Firmware\Driver\src\stm32f4xx_dbgmcu.c   0x00000000   Number         0  stm32f4xx_dbgmcu.o ABSOLUTE
    Firmware\Driver\src\stm32f4xx_dcmi.c     0x00000000   Number         0  stm32f4xx_dcmi.o ABSOLUTE
    Firmware\Driver\src\stm32f4xx_dfsdm.c    0x00000000   Number         0  stm32f4xx_dfsdm.o ABSOLUTE
    Firmware\Driver\src\stm32f4xx_dma.c      0x00000000   Number         0  stm32f4xx_dma.o ABSOLUTE
    Firmware\Driver\src\stm32f4xx_dma2d.c    0x00000000   Number         0  stm32f4xx_dma2d.o ABSOLUTE
    Firmware\Driver\src\stm32f4xx_dsi.c      0x00000000   Number         0  stm32f4xx_dsi.o ABSOLUTE
    Firmware\Driver\src\stm32f4xx_exti.c     0x00000000   Number         0  stm32f4xx_exti.o ABSOLUTE
    Firmware\Driver\src\stm32f4xx_flash.c    0x00000000   Number         0  stm32f4xx_flash.o ABSOLUTE
    Firmware\Driver\src\stm32f4xx_flash_ramfunc.c 0x00000000   Number         0  stm32f4xx_flash_ramfunc.o ABSOLUTE
    Firmware\Driver\src\stm32f4xx_fmpi2c.c   0x00000000   Number         0  stm32f4xx_fmpi2c.o ABSOLUTE
    Firmware\Driver\src\stm32f4xx_fsmc.c     0x00000000   Number         0  stm32f4xx_fsmc.o ABSOLUTE
    Firmware\Driver\src\stm32f4xx_gpio.c     0x00000000   Number         0  stm32f4xx_gpio.o ABSOLUTE
    Firmware\Driver\src\stm32f4xx_hash.c     0x00000000   Number         0  stm32f4xx_hash.o ABSOLUTE
    Firmware\Driver\src\stm32f4xx_hash_md5.c 0x00000000   Number         0  stm32f4xx_hash_md5.o ABSOLUTE
    Firmware\Driver\src\stm32f4xx_hash_sha1.c 0x00000000   Number         0  stm32f4xx_hash_sha1.o ABSOLUTE
    Firmware\Driver\src\stm32f4xx_i2c.c      0x00000000   Number         0  stm32f4xx_i2c.o ABSOLUTE
    Firmware\Driver\src\stm32f4xx_iwdg.c     0x00000000   Number         0  stm32f4xx_iwdg.o ABSOLUTE
    Firmware\Driver\src\stm32f4xx_lptim.c    0x00000000   Number         0  stm32f4xx_lptim.o ABSOLUTE
    Firmware\Driver\src\stm32f4xx_ltdc.c     0x00000000   Number         0  stm32f4xx_ltdc.o ABSOLUTE
    Firmware\Driver\src\stm32f4xx_pwr.c      0x00000000   Number         0  stm32f4xx_pwr.o ABSOLUTE
    Firmware\Driver\src\stm32f4xx_qspi.c     0x00000000   Number         0  stm32f4xx_qspi.o ABSOLUTE
    Firmware\Driver\src\stm32f4xx_rcc.c      0x00000000   Number         0  stm32f4xx_rcc.o ABSOLUTE
    Firmware\Driver\src\stm32f4xx_rng.c      0x00000000   Number         0  stm32f4xx_rng.o ABSOLUTE
    Firmware\Driver\src\stm32f4xx_rtc.c      0x00000000   Number         0  stm32f4xx_rtc.o ABSOLUTE
    Firmware\Driver\src\stm32f4xx_sai.c      0x00000000   Number         0  stm32f4xx_sai.o ABSOLUTE
    Firmware\Driver\src\stm32f4xx_sdio.c     0x00000000   Number         0  stm32f4xx_sdio.o ABSOLUTE
    Firmware\Driver\src\stm32f4xx_spdifrx.c  0x00000000   Number         0  stm32f4xx_spdifrx.o ABSOLUTE
    Firmware\Driver\src\stm32f4xx_spi.c      0x00000000   Number         0  stm32f4xx_spi.o ABSOLUTE
    Firmware\Driver\src\stm32f4xx_syscfg.c   0x00000000   Number         0  stm32f4xx_syscfg.o ABSOLUTE
    Firmware\Driver\src\stm32f4xx_tim.c      0x00000000   Number         0  stm32f4xx_tim.o ABSOLUTE
    Firmware\Driver\src\stm32f4xx_usart.c    0x00000000   Number         0  stm32f4xx_usart.o ABSOLUTE
    Firmware\Driver\src\stm32f4xx_wwdg.c     0x00000000   Number         0  stm32f4xx_wwdg.o ABSOLUTE
    Firmware\\CMSIS\\Device\\stm32f4xx_it.c  0x00000000   Number         0  stm32f4xx_it.o ABSOLUTE
    Firmware\\CMSIS\\Device\\system_stm32f4xx.c 0x00000000   Number         0  system_stm32f4xx.o ABSOLUTE
    Firmware\\Driver\\src\\misc.c            0x00000000   Number         0  misc.o ABSOLUTE
    Firmware\\Driver\\src\\stm32f4xx_adc.c   0x00000000   Number         0  stm32f4xx_adc.o ABSOLUTE
    Firmware\\Driver\\src\\stm32f4xx_can.c   0x00000000   Number         0  stm32f4xx_can.o ABSOLUTE
    Firmware\\Driver\\src\\stm32f4xx_cec.c   0x00000000   Number         0  stm32f4xx_cec.o ABSOLUTE
    Firmware\\Driver\\src\\stm32f4xx_crc.c   0x00000000   Number         0  stm32f4xx_crc.o ABSOLUTE
    Firmware\\Driver\\src\\stm32f4xx_cryp.c  0x00000000   Number         0  stm32f4xx_cryp.o ABSOLUTE
    Firmware\\Driver\\src\\stm32f4xx_cryp_aes.c 0x00000000   Number         0  stm32f4xx_cryp_aes.o ABSOLUTE
    Firmware\\Driver\\src\\stm32f4xx_cryp_des.c 0x00000000   Number         0  stm32f4xx_cryp_des.o ABSOLUTE
    Firmware\\Driver\\src\\stm32f4xx_cryp_tdes.c 0x00000000   Number         0  stm32f4xx_cryp_tdes.o ABSOLUTE
    Firmware\\Driver\\src\\stm32f4xx_dac.c   0x00000000   Number         0  stm32f4xx_dac.o ABSOLUTE
    Firmware\\Driver\\src\\stm32f4xx_dbgmcu.c 0x00000000   Number         0  stm32f4xx_dbgmcu.o ABSOLUTE
    Firmware\\Driver\\src\\stm32f4xx_dcmi.c  0x00000000   Number         0  stm32f4xx_dcmi.o ABSOLUTE
    Firmware\\Driver\\src\\stm32f4xx_dfsdm.c 0x00000000   Number         0  stm32f4xx_dfsdm.o ABSOLUTE
    Firmware\\Driver\\src\\stm32f4xx_dma.c   0x00000000   Number         0  stm32f4xx_dma.o ABSOLUTE
    Firmware\\Driver\\src\\stm32f4xx_dma2d.c 0x00000000   Number         0  stm32f4xx_dma2d.o ABSOLUTE
    Firmware\\Driver\\src\\stm32f4xx_dsi.c   0x00000000   Number         0  stm32f4xx_dsi.o ABSOLUTE
    Firmware\\Driver\\src\\stm32f4xx_exti.c  0x00000000   Number         0  stm32f4xx_exti.o ABSOLUTE
    Firmware\\Driver\\src\\stm32f4xx_flash.c 0x00000000   Number         0  stm32f4xx_flash.o ABSOLUTE
    Firmware\\Driver\\src\\stm32f4xx_flash_ramfunc.c 0x00000000   Number         0  stm32f4xx_flash_ramfunc.o ABSOLUTE
    Firmware\\Driver\\src\\stm32f4xx_fmpi2c.c 0x00000000   Number         0  stm32f4xx_fmpi2c.o ABSOLUTE
    Firmware\\Driver\\src\\stm32f4xx_fsmc.c  0x00000000   Number         0  stm32f4xx_fsmc.o ABSOLUTE
    Firmware\\Driver\\src\\stm32f4xx_gpio.c  0x00000000   Number         0  stm32f4xx_gpio.o ABSOLUTE
    Firmware\\Driver\\src\\stm32f4xx_hash.c  0x00000000   Number         0  stm32f4xx_hash.o ABSOLUTE
    Firmware\\Driver\\src\\stm32f4xx_hash_md5.c 0x00000000   Number         0  stm32f4xx_hash_md5.o ABSOLUTE
    Firmware\\Driver\\src\\stm32f4xx_hash_sha1.c 0x00000000   Number         0  stm32f4xx_hash_sha1.o ABSOLUTE
    Firmware\\Driver\\src\\stm32f4xx_i2c.c   0x00000000   Number         0  stm32f4xx_i2c.o ABSOLUTE
    Firmware\\Driver\\src\\stm32f4xx_iwdg.c  0x00000000   Number         0  stm32f4xx_iwdg.o ABSOLUTE
    Firmware\\Driver\\src\\stm32f4xx_lptim.c 0x00000000   Number         0  stm32f4xx_lptim.o ABSOLUTE
    Firmware\\Driver\\src\\stm32f4xx_ltdc.c  0x00000000   Number         0  stm32f4xx_ltdc.o ABSOLUTE
    Firmware\\Driver\\src\\stm32f4xx_pwr.c   0x00000000   Number         0  stm32f4xx_pwr.o ABSOLUTE
    Firmware\\Driver\\src\\stm32f4xx_qspi.c  0x00000000   Number         0  stm32f4xx_qspi.o ABSOLUTE
    Firmware\\Driver\\src\\stm32f4xx_rcc.c   0x00000000   Number         0  stm32f4xx_rcc.o ABSOLUTE
    Firmware\\Driver\\src\\stm32f4xx_rng.c   0x00000000   Number         0  stm32f4xx_rng.o ABSOLUTE
    Firmware\\Driver\\src\\stm32f4xx_rtc.c   0x00000000   Number         0  stm32f4xx_rtc.o ABSOLUTE
    Firmware\\Driver\\src\\stm32f4xx_sai.c   0x00000000   Number         0  stm32f4xx_sai.o ABSOLUTE
    Firmware\\Driver\\src\\stm32f4xx_sdio.c  0x00000000   Number         0  stm32f4xx_sdio.o ABSOLUTE
    Firmware\\Driver\\src\\stm32f4xx_spdifrx.c 0x00000000   Number         0  stm32f4xx_spdifrx.o ABSOLUTE
    Firmware\\Driver\\src\\stm32f4xx_spi.c   0x00000000   Number         0  stm32f4xx_spi.o ABSOLUTE
    Firmware\\Driver\\src\\stm32f4xx_syscfg.c 0x00000000   Number         0  stm32f4xx_syscfg.o ABSOLUTE
    Firmware\\Driver\\src\\stm32f4xx_tim.c   0x00000000   Number         0  stm32f4xx_tim.o ABSOLUTE
    Firmware\\Driver\\src\\stm32f4xx_usart.c 0x00000000   Number         0  stm32f4xx_usart.o ABSOLUTE
    Firmware\\Driver\\src\\stm32f4xx_wwdg.c  0x00000000   Number         0  stm32f4xx_wwdg.o ABSOLUTE
    Lib\Letter-Shell\shell.c                 0x00000000   Number         0  shell.o ABSOLUTE
    Lib\Letter-Shell\shell_cmd_list.c        0x00000000   Number         0  shell_cmd_list.o ABSOLUTE
    Lib\Letter-Shell\shell_ext.c             0x00000000   Number         0  shell_ext.o ABSOLUTE
    cdrcmple.s                               0x00000000   Number         0  cdrcmple.o ABSOLUTE
    dc.s                                     0x00000000   Number         0  dc.o ABSOLUTE
    handlers.s                               0x00000000   Number         0  handlers.o ABSOLUTE
    init.s                                   0x00000000   Number         0  init.o ABSOLUTE
    RESET                                    0x08000000   Section      392  startup_stm32f40xx.o(RESET)
    .ARM.Collect$$$$00000000                 0x08000188   Section        0  entry.o(.ARM.Collect$$$$00000000)
    .ARM.Collect$$$$00000001                 0x08000188   Section        4  entry2.o(.ARM.Collect$$$$00000001)
    .ARM.Collect$$$$00000004                 0x0800018c   Section        4  entry5.o(.ARM.Collect$$$$00000004)
    .ARM.Collect$$$$00000008                 0x08000190   Section        0  entry7b.o(.ARM.Collect$$$$00000008)
    .ARM.Collect$$$$0000000A                 0x08000190   Section        0  entry8b.o(.ARM.Collect$$$$0000000A)
    .ARM.Collect$$$$0000000B                 0x08000190   Section        8  entry9a.o(.ARM.Collect$$$$0000000B)
    .ARM.Collect$$$$0000000E                 0x08000198   Section        4  entry12b.o(.ARM.Collect$$$$0000000E)
    .ARM.Collect$$$$0000000F                 0x0800019c   Section        0  entry10a.o(.ARM.Collect$$$$0000000F)
    .ARM.Collect$$$$00000011                 0x0800019c   Section        0  entry11a.o(.ARM.Collect$$$$00000011)
    .ARM.Collect$$$$00002712                 0x0800019c   Section        4  entry2.o(.ARM.Collect$$$$00002712)
    __lit__00000000                          0x0800019c   Data           4  entry2.o(.ARM.Collect$$$$00002712)
    .text                                    0x080001a0   Section       36  startup_stm32f40xx.o(.text)
    $v0                                      0x080001a0   Number         0  startup_stm32f40xx.o(.text)
    .text                                    0x080001c4   Section        0  memseta.o(.text)
    .text                                    0x080001e8   Section        0  strlen.o(.text)
    .text                                    0x080001f6   Section        0  strcmp.o(.text)
    .text                                    0x08000212   Section        0  strncmp.o(.text)
    .text                                    0x08000230   Section       36  init.o(.text)
    i.BusFault_Handler                       0x08000254   Section        0  stm32f4xx_it.o(i.BusFault_Handler)
    i.DebugMon_Handler                       0x08000258   Section        0  stm32f4xx_it.o(i.DebugMon_Handler)
    i.GPIO_Init                              0x0800025a   Section        0  stm32f4xx_gpio.o(i.GPIO_Init)
    i.GPIO_PinAFConfig                       0x080002ea   Section        0  stm32f4xx_gpio.o(i.GPIO_PinAFConfig)
    i.HardFault_Handler                      0x08000330   Section        0  stm32f4xx_it.o(i.HardFault_Handler)
    i.MemManage_Handler                      0x08000334   Section        0  stm32f4xx_it.o(i.MemManage_Handler)
    i.NMI_Handler                            0x08000338   Section        0  stm32f4xx_it.o(i.NMI_Handler)
    i.NVIC_Init                              0x0800033c   Section        0  misc.o(i.NVIC_Init)
    i.NVIC_PriorityGroupConfig               0x080003b4   Section        0  misc.o(i.NVIC_PriorityGroupConfig)
    i.PendSV_Handler                         0x080003c8   Section        0  stm32f4xx_it.o(i.PendSV_Handler)
    i.RCC_AHB1PeriphClockCmd                 0x080003cc   Section        0  stm32f4xx_rcc.o(i.RCC_AHB1PeriphClockCmd)
    i.RCC_APB2PeriphClockCmd                 0x080003ec   Section        0  stm32f4xx_rcc.o(i.RCC_APB2PeriphClockCmd)
    i.RCC_GetClocksFreq                      0x0800040c   Section        0  stm32f4xx_rcc.o(i.RCC_GetClocksFreq)
    i.SVC_Handler                            0x080004f4   Section        0  stm32f4xx_it.o(i.SVC_Handler)
    i.SetSysClock                            0x080004f8   Section        0  system_stm32f4xx.o(i.SetSysClock)
    SetSysClock                              0x080004f9   Thumb Code   220  system_stm32f4xx.o(i.SetSysClock)
    i.SysTick_Handler                        0x080005e4   Section        0  stm32f4xx_it.o(i.SysTick_Handler)
    i.SystemInit                             0x080005e8   Section        0  system_stm32f4xx.o(i.SystemInit)
    i.USART1_IRQHandler                      0x08000650   Section        0  usart.o(i.USART1_IRQHandler)
    i.USART_ClearITPendingBit                0x0800067c   Section        0  stm32f4xx_usart.o(i.USART_ClearITPendingBit)
    i.USART_Cmd                              0x0800069a   Section        0  stm32f4xx_usart.o(i.USART_Cmd)
    i.USART_GetFlagStatus                    0x080006b2   Section        0  stm32f4xx_usart.o(i.USART_GetFlagStatus)
    i.USART_GetITStatus                      0x080006cc   Section        0  stm32f4xx_usart.o(i.USART_GetITStatus)
    i.USART_ITConfig                         0x08000720   Section        0  stm32f4xx_usart.o(i.USART_ITConfig)
    i.USART_Init                             0x0800076c   Section        0  stm32f4xx_usart.o(i.USART_Init)
    i.USART_ReceiveData                      0x08000840   Section        0  stm32f4xx_usart.o(i.USART_ReceiveData)
    i.USART_SendData                         0x0800084a   Section        0  stm32f4xx_usart.o(i.USART_SendData)
    i.UsageFault_Handler                     0x08000852   Section        0  stm32f4xx_it.o(i.UsageFault_Handler)
    i.__scatterload_copy                     0x08000856   Section       14  handlers.o(i.__scatterload_copy)
    i.__scatterload_null                     0x08000864   Section        2  handlers.o(i.__scatterload_null)
    i.__scatterload_zeroinit                 0x08000866   Section       14  handlers.o(i.__scatterload_zeroinit)
    i._shell_read_implement                  0x08000874   Section        0  myshell.o(i._shell_read_implement)
    i._shell_write_implement                 0x08000894   Section        0  myshell.o(i._shell_write_implement)
    i._usart_conf_init                       0x080008b0   Section        0  usart.o(i._usart_conf_init)
    i._usart_it_init                         0x080008f0   Section        0  usart.o(i._usart_it_init)
    i._usart_pin_init                        0x08000920   Section        0  usart.o(i._usart_pin_init)
    i.board_init                             0x0800096c   Section        0  board.o(i.board_init)
    i.main                                   0x08000978   Section        0  main.o(i.main)
    i.myshell_init                           0x08000998   Section        0  myshell.o(i.myshell_init)
    i.shellAdd                               0x080009c4   Section        0  shell.o(i.shellAdd)
    shellAdd                                 0x080009c5   Thumb Code    34  shell.o(i.shellAdd)
    i.shellBackspace                         0x080009ec   Section        0  shell.o(i.shellBackspace)
    i.shellCheckPassword                     0x080009fc   Section        0  shell.o(i.shellCheckPassword)
    shellCheckPassword                       0x080009fd   Thumb Code    62  shell.o(i.shellCheckPassword)
    i.shellCheckPermission                   0x08000a40   Section        0  shell.o(i.shellCheckPermission)
    i.shellClear                             0x08000a78   Section        0  shell.o(i.shellClear)
    i.shellClearCommandLine                  0x08000a94   Section        0  shell.o(i.shellClearCommandLine)
    i.shellCmds                              0x08000abc   Section        0  shell.o(i.shellCmds)
    i.shellDelete                            0x08000ace   Section        0  shell.o(i.shellDelete)
    i.shellDeleteByte                        0x08000ade   Section        0  shell.o(i.shellDeleteByte)
    i.shellDeleteCommandLine                 0x08000bb8   Section        0  shell.o(i.shellDeleteCommandLine)
    i.shellDown                              0x08000bd8   Section        0  shell.o(i.shellDown)
    i.shellEnter                             0x08000be8   Section        0  shell.o(i.shellEnter)
    i.shellExec                              0x08000bfc   Section        0  shell.o(i.shellExec)
    i.shellExtNumType                        0x08000c70   Section        0  shell_ext.o(i.shellExtNumType)
    shellExtNumType                          0x08000c71   Thumb Code    88  shell_ext.o(i.shellExtNumType)
    i.shellExtParseChar                      0x08000cc8   Section        0  shell_ext.o(i.shellExtParseChar)
    shellExtParseChar                        0x08000cc9   Thumb Code    70  shell_ext.o(i.shellExtParseChar)
    i.shellExtParseNumber                    0x08000d10   Section        0  shell_ext.o(i.shellExtParseNumber)
    shellExtParseNumber                      0x08000d11   Thumb Code   232  shell_ext.o(i.shellExtParseNumber)
    i.shellExtParsePara                      0x08000dfc   Section        0  shell_ext.o(i.shellExtParsePara)
    i.shellExtParseString                    0x08000e52   Section        0  shell_ext.o(i.shellExtParseString)
    shellExtParseString                      0x08000e53   Thumb Code    74  shell_ext.o(i.shellExtParseString)
    i.shellExtParseVar                       0x08000e9c   Section        0  shell_ext.o(i.shellExtParseVar)
    shellExtParseVar                         0x08000e9d   Thumb Code    36  shell_ext.o(i.shellExtParseVar)
    i.shellExtRun                            0x08000ec0   Section        0  shell_ext.o(i.shellExtRun)
    i.shellExtToNum                          0x08000f8a   Section        0  shell_ext.o(i.shellExtToNum)
    shellExtToNum                            0x08000f8b   Thumb Code    54  shell_ext.o(i.shellExtToNum)
    i.shellGetCommandDesc                    0x08000fc0   Section        0  shell.o(i.shellGetCommandDesc)
    shellGetCommandDesc                      0x08000fc1   Thumb Code    48  shell.o(i.shellGetCommandDesc)
    i.shellGetCommandName                    0x08000ff0   Section        0  shell.o(i.shellGetCommandName)
    shellGetCommandName                      0x08000ff1   Thumb Code    76  shell.o(i.shellGetCommandName)
    i.shellGetCurrent                        0x08001040   Section        0  shell.o(i.shellGetCurrent)
    i.shellGetVarValue                       0x08001074   Section        0  shell.o(i.shellGetVarValue)
    i.shellHandler                           0x080010c8   Section        0  shell.o(i.shellHandler)
    i.shellHelp                              0x080011b4   Section        0  shell.o(i.shellHelp)
    i.shellHistory                           0x080011e0   Section        0  shell.o(i.shellHistory)
    shellHistory                             0x080011e1   Thumb Code   194  shell.o(i.shellHistory)
    i.shellHistoryAdd                        0x080012a2   Section        0  shell.o(i.shellHistoryAdd)
    shellHistoryAdd                          0x080012a3   Thumb Code   122  shell.o(i.shellHistoryAdd)
    i.shellInit                              0x0800131c   Section        0  shell.o(i.shellInit)
    i.shellInsertByte                        0x080013bc   Section        0  shell.o(i.shellInsertByte)
    i.shellKeys                              0x08001494   Section        0  shell.o(i.shellKeys)
    i.shellLeft                              0x080014a6   Section        0  shell.o(i.shellLeft)
    i.shellListAll                           0x080014c0   Section        0  shell.o(i.shellListAll)
    i.shellListCommand                       0x080014cc   Section        0  shell.o(i.shellListCommand)
    i.shellListItem                          0x08001518   Section        0  shell.o(i.shellListItem)
    i.shellListKey                           0x08001614   Section        0  shell.o(i.shellListKey)
    i.shellListUser                          0x0800166c   Section        0  shell.o(i.shellListUser)
    i.shellListVar                           0x080016c4   Section        0  shell.o(i.shellListVar)
    i.shellNormalInput                       0x0800171c   Section        0  shell.o(i.shellNormalInput)
    i.shellParserParam                       0x08001738   Section        0  shell.o(i.shellParserParam)
    shellParserParam                         0x08001739   Thumb Code   142  shell.o(i.shellParserParam)
    i.shellRemoveParamQuotes                 0x080017c6   Section        0  shell.o(i.shellRemoveParamQuotes)
    shellRemoveParamQuotes                   0x080017c7   Thumb Code   104  shell.o(i.shellRemoveParamQuotes)
    i.shellRight                             0x0800182e   Section        0  shell.o(i.shellRight)
    i.shellRunCommand                        0x0800184c   Section        0  shell.o(i.shellRunCommand)
    i.shellSeekCommand                       0x080018fa   Section        0  shell.o(i.shellSeekCommand)
    i.shellSetUser                           0x08001974   Section        0  shell.o(i.shellSetUser)
    shellSetUser                             0x08001975   Thumb Code    86  shell.o(i.shellSetUser)
    i.shellSetVar                            0x080019d0   Section        0  shell.o(i.shellSetVar)
    i.shellSetVarValue                       0x08001a40   Section        0  shell.o(i.shellSetVarValue)
    i.shellShowVar                           0x08001ad0   Section        0  shell.o(i.shellShowVar)
    shellShowVar                             0x08001ad1   Thumb Code   158  shell.o(i.shellShowVar)
    i.shellStringCompare                     0x08001b90   Section        0  shell.o(i.shellStringCompare)
    shellStringCompare                       0x08001b91   Thumb Code    44  shell.o(i.shellStringCompare)
    i.shellStringCopy                        0x08001bbc   Section        0  shell.o(i.shellStringCopy)
    shellStringCopy                          0x08001bbd   Thumb Code    24  shell.o(i.shellStringCopy)
    i.shellTab                               0x08001bd4   Section        0  shell.o(i.shellTab)
    i.shellTask                              0x08001ce4   Section        0  shell.o(i.shellTask)
    i.shellToDec                             0x08001d06   Section        0  shell.o(i.shellToDec)
    i.shellToHex                             0x08001d5c   Section        0  shell.o(i.shellToHex)
    i.shellUp                                0x08001d94   Section        0  shell.o(i.shellUp)
    i.shellUsers                             0x08001da2   Section        0  shell.o(i.shellUsers)
    i.shellVars                              0x08001db4   Section        0  shell.o(i.shellVars)
    i.shellWriteByte                         0x08001dc6   Section        0  shell.o(i.shellWriteByte)
    shellWriteByte                           0x08001dc7   Thumb Code    14  shell.o(i.shellWriteByte)
    i.shellWriteCommandDesc                  0x08001dd4   Section        0  shell.o(i.shellWriteCommandDesc)
    shellWriteCommandDesc                    0x08001dd5   Thumb Code    88  shell.o(i.shellWriteCommandDesc)
    i.shellWriteCommandHelp                  0x08001e30   Section        0  shell.o(i.shellWriteCommandHelp)
    shellWriteCommandHelp                    0x08001e31   Thumb Code    98  shell.o(i.shellWriteCommandHelp)
    i.shellWritePrompt                       0x08001e9c   Section        0  shell.o(i.shellWritePrompt)
    shellWritePrompt                         0x08001e9d   Thumb Code    84  shell.o(i.shellWritePrompt)
    i.shellWriteReturnValue                  0x08001f04   Section        0  shell.o(i.shellWriteReturnValue)
    shellWriteReturnValue                    0x08001f05   Thumb Code   104  shell.o(i.shellWriteReturnValue)
    i.shellWriteString                       0x08001f90   Section        0  shell.o(i.shellWriteString)
    i.usart_init                             0x08001fc0   Section        0  usart.o(i.usart_init)
    i.usart_send                             0x08001fd4   Section        0  usart.o(i.usart_send)
    .constdata                               0x08001ff4   Section      227  shell.o(.constdata)
    .conststring                             0x080020d8   Section      677  shell.o(.conststring)
    shellCommand                             0x080023a0   Section      288  shell.o(shellCommand)
    __tagsym$$used                           0x080023a0   Number         0  shell.o(shellCommand)
    __tagsym$$used                           0x080023b0   Number         0  shell.o(shellCommand)
    __tagsym$$used                           0x080023c0   Number         0  shell.o(shellCommand)
    __tagsym$$used                           0x080023d0   Number         0  shell.o(shellCommand)
    __tagsym$$used                           0x080023e0   Number         0  shell.o(shellCommand)
    __tagsym$$used                           0x080023f0   Number         0  shell.o(shellCommand)
    __tagsym$$used                           0x08002400   Number         0  shell.o(shellCommand)
    __tagsym$$used                           0x08002410   Number         0  shell.o(shellCommand)
    __tagsym$$used                           0x08002420   Number         0  shell.o(shellCommand)
    __tagsym$$used                           0x08002430   Number         0  shell.o(shellCommand)
    __tagsym$$used                           0x08002440   Number         0  shell.o(shellCommand)
    __tagsym$$used                           0x08002450   Number         0  shell.o(shellCommand)
    __tagsym$$used                           0x08002460   Number         0  shell.o(shellCommand)
    __tagsym$$used                           0x08002470   Number         0  shell.o(shellCommand)
    __tagsym$$used                           0x08002480   Number         0  shell.o(shellCommand)
    __tagsym$$used                           0x08002490   Number         0  shell.o(shellCommand)
    __tagsym$$used                           0x080024a0   Number         0  shell.o(shellCommand)
    __tagsym$$used                           0x080024b0   Number         0  shell.o(shellCommand)
    .data                                    0x20000000   Section        1  usart.o(.data)
    .data                                    0x20000001   Section       16  stm32f4xx_rcc.o(.data)
    APBAHBPrescTable                         0x20000001   Data          16  stm32f4xx_rcc.o(.data)
    .data                                    0x20000014   Section       84  shell.o(.data)
    shellText                                0x20000014   Data          84  shell.o(.data)
    .bss                                     0x20000068   Section      620  myshell.o(.bss)
    .bss                                     0x200002d4   Section       29  shell.o(.bss)
    shellList                                0x200002d4   Data          20  shell.o(.bss)
    buffer                                   0x200002e8   Data           9  shell.o(.bss)
    STACK                                    0x200002f8   Section     1024  startup_stm32f40xx.o(STACK)

    Global Symbols

    Symbol Name                              Value     Ov Type        Size  Object(Section)

    BuildAttributes$$THM_ISAv4$E$P$D$K$B$S$7EM$VFPi3$EXTD16$VFPS$VFMA$PE$A:L22UL41UL21$X:L11$S22US41US21$IEEE1$IW$USESV6$~STKCKD$USESV7$~SHL$OSPACE$ROPI$EBA8$MICROLIB$REQ8$PRES8$EABIv2 0x00000000   Number         0  anon$$obj.o ABSOLUTE
    __ARM_use_no_argv                        0x00000000   Number         0  main.o ABSOLUTE
    __arm_fini_                               - Undefined Weak Reference
    __cpp_initialize__aeabi_                  - Undefined Weak Reference
    __cxa_finalize                            - Undefined Weak Reference
    __decompress                              - Undefined Weak Reference
    _clock_init                               - Undefined Weak Reference
    _microlib_exit                            - Undefined Weak Reference
    __Vectors_Size                           0x00000188   Number         0  startup_stm32f40xx.o ABSOLUTE
    __Vectors                                0x08000000   Data           4  startup_stm32f40xx.o(RESET)
    __Vectors_End                            0x08000188   Data           0  startup_stm32f40xx.o(RESET)
    __main                                   0x08000189   Thumb Code     0  entry.o(.ARM.Collect$$$$00000000)
    _main_stk                                0x08000189   Thumb Code     0  entry2.o(.ARM.Collect$$$$00000001)
    _main_scatterload                        0x0800018d   Thumb Code     0  entry5.o(.ARM.Collect$$$$00000004)
    __main_after_scatterload                 0x08000191   Thumb Code     0  entry5.o(.ARM.Collect$$$$00000004)
    _main_clock                              0x08000191   Thumb Code     0  entry7b.o(.ARM.Collect$$$$00000008)
    _main_cpp_init                           0x08000191   Thumb Code     0  entry8b.o(.ARM.Collect$$$$0000000A)
    _main_init                               0x08000191   Thumb Code     0  entry9a.o(.ARM.Collect$$$$0000000B)
    __rt_lib_shutdown_fini                   0x08000199   Thumb Code     0  entry12b.o(.ARM.Collect$$$$0000000E)
    __rt_final_cpp                           0x0800019d   Thumb Code     0  entry10a.o(.ARM.Collect$$$$0000000F)
    __rt_final_exit                          0x0800019d   Thumb Code     0  entry11a.o(.ARM.Collect$$$$00000011)
    Reset_Handler                            0x080001a1   Thumb Code     8  startup_stm32f40xx.o(.text)
    ADC_IRQHandler                           0x080001bb   Thumb Code     0  startup_stm32f40xx.o(.text)
    CAN1_RX0_IRQHandler                      0x080001bb   Thumb Code     0  startup_stm32f40xx.o(.text)
    CAN1_RX1_IRQHandler                      0x080001bb   Thumb Code     0  startup_stm32f40xx.o(.text)
    CAN1_SCE_IRQHandler                      0x080001bb   Thumb Code     0  startup_stm32f40xx.o(.text)
    CAN1_TX_IRQHandler                       0x080001bb   Thumb Code     0  startup_stm32f40xx.o(.text)
    CAN2_RX0_IRQHandler                      0x080001bb   Thumb Code     0  startup_stm32f40xx.o(.text)
    CAN2_RX1_IRQHandler                      0x080001bb   Thumb Code     0  startup_stm32f40xx.o(.text)
    CAN2_SCE_IRQHandler                      0x080001bb   Thumb Code     0  startup_stm32f40xx.o(.text)
    CAN2_TX_IRQHandler                       0x080001bb   Thumb Code     0  startup_stm32f40xx.o(.text)
    CRYP_IRQHandler                          0x080001bb   Thumb Code     0  startup_stm32f40xx.o(.text)
    DCMI_IRQHandler                          0x080001bb   Thumb Code     0  startup_stm32f40xx.o(.text)
    DMA1_Stream0_IRQHandler                  0x080001bb   Thumb Code     0  startup_stm32f40xx.o(.text)
    DMA1_Stream1_IRQHandler                  0x080001bb   Thumb Code     0  startup_stm32f40xx.o(.text)
    DMA1_Stream2_IRQHandler                  0x080001bb   Thumb Code     0  startup_stm32f40xx.o(.text)
    DMA1_Stream3_IRQHandler                  0x080001bb   Thumb Code     0  startup_stm32f40xx.o(.text)
    DMA1_Stream4_IRQHandler                  0x080001bb   Thumb Code     0  startup_stm32f40xx.o(.text)
    DMA1_Stream5_IRQHandler                  0x080001bb   Thumb Code     0  startup_stm32f40xx.o(.text)
    DMA1_Stream6_IRQHandler                  0x080001bb   Thumb Code     0  startup_stm32f40xx.o(.text)
    DMA1_Stream7_IRQHandler                  0x080001bb   Thumb Code     0  startup_stm32f40xx.o(.text)
    DMA2_Stream0_IRQHandler                  0x080001bb   Thumb Code     0  startup_stm32f40xx.o(.text)
    DMA2_Stream1_IRQHandler                  0x080001bb   Thumb Code     0  startup_stm32f40xx.o(.text)
    DMA2_Stream2_IRQHandler                  0x080001bb   Thumb Code     0  startup_stm32f40xx.o(.text)
    DMA2_Stream3_IRQHandler                  0x080001bb   Thumb Code     0  startup_stm32f40xx.o(.text)
    DMA2_Stream4_IRQHandler                  0x080001bb   Thumb Code     0  startup_stm32f40xx.o(.text)
    DMA2_Stream5_IRQHandler                  0x080001bb   Thumb Code     0  startup_stm32f40xx.o(.text)
    DMA2_Stream6_IRQHandler                  0x080001bb   Thumb Code     0  startup_stm32f40xx.o(.text)
    DMA2_Stream7_IRQHandler                  0x080001bb   Thumb Code     0  startup_stm32f40xx.o(.text)
    ETH_IRQHandler                           0x080001bb   Thumb Code     0  startup_stm32f40xx.o(.text)
    ETH_WKUP_IRQHandler                      0x080001bb   Thumb Code     0  startup_stm32f40xx.o(.text)
    EXTI0_IRQHandler                         0x080001bb   Thumb Code     0  startup_stm32f40xx.o(.text)
    EXTI15_10_IRQHandler                     0x080001bb   Thumb Code     0  startup_stm32f40xx.o(.text)
    EXTI1_IRQHandler                         0x080001bb   Thumb Code     0  startup_stm32f40xx.o(.text)
    EXTI2_IRQHandler                         0x080001bb   Thumb Code     0  startup_stm32f40xx.o(.text)
    EXTI3_IRQHandler                         0x080001bb   Thumb Code     0  startup_stm32f40xx.o(.text)
    EXTI4_IRQHandler                         0x080001bb   Thumb Code     0  startup_stm32f40xx.o(.text)
    EXTI9_5_IRQHandler                       0x080001bb   Thumb Code     0  startup_stm32f40xx.o(.text)
    FLASH_IRQHandler                         0x080001bb   Thumb Code     0  startup_stm32f40xx.o(.text)
    FPU_IRQHandler                           0x080001bb   Thumb Code     0  startup_stm32f40xx.o(.text)
    FSMC_IRQHandler                          0x080001bb   Thumb Code     0  startup_stm32f40xx.o(.text)
    HASH_RNG_IRQHandler                      0x080001bb   Thumb Code     0  startup_stm32f40xx.o(.text)
    I2C1_ER_IRQHandler                       0x080001bb   Thumb Code     0  startup_stm32f40xx.o(.text)
    I2C1_EV_IRQHandler                       0x080001bb   Thumb Code     0  startup_stm32f40xx.o(.text)
    I2C2_ER_IRQHandler                       0x080001bb   Thumb Code     0  startup_stm32f40xx.o(.text)
    I2C2_EV_IRQHandler                       0x080001bb   Thumb Code     0  startup_stm32f40xx.o(.text)
    I2C3_ER_IRQHandler                       0x080001bb   Thumb Code     0  startup_stm32f40xx.o(.text)
    I2C3_EV_IRQHandler                       0x080001bb   Thumb Code     0  startup_stm32f40xx.o(.text)
    OTG_FS_IRQHandler                        0x080001bb   Thumb Code     0  startup_stm32f40xx.o(.text)
    OTG_FS_WKUP_IRQHandler                   0x080001bb   Thumb Code     0  startup_stm32f40xx.o(.text)
    OTG_HS_EP1_IN_IRQHandler                 0x080001bb   Thumb Code     0  startup_stm32f40xx.o(.text)
    OTG_HS_EP1_OUT_IRQHandler                0x080001bb   Thumb Code     0  startup_stm32f40xx.o(.text)
    OTG_HS_IRQHandler                        0x080001bb   Thumb Code     0  startup_stm32f40xx.o(.text)
    OTG_HS_WKUP_IRQHandler                   0x080001bb   Thumb Code     0  startup_stm32f40xx.o(.text)
    PVD_IRQHandler                           0x080001bb   Thumb Code     0  startup_stm32f40xx.o(.text)
    RCC_IRQHandler                           0x080001bb   Thumb Code     0  startup_stm32f40xx.o(.text)
    RTC_Alarm_IRQHandler                     0x080001bb   Thumb Code     0  startup_stm32f40xx.o(.text)
    RTC_WKUP_IRQHandler                      0x080001bb   Thumb Code     0  startup_stm32f40xx.o(.text)
    SDIO_IRQHandler                          0x080001bb   Thumb Code     0  startup_stm32f40xx.o(.text)
    SPI1_IRQHandler                          0x080001bb   Thumb Code     0  startup_stm32f40xx.o(.text)
    SPI2_IRQHandler                          0x080001bb   Thumb Code     0  startup_stm32f40xx.o(.text)
    SPI3_IRQHandler                          0x080001bb   Thumb Code     0  startup_stm32f40xx.o(.text)
    TAMP_STAMP_IRQHandler                    0x080001bb   Thumb Code     0  startup_stm32f40xx.o(.text)
    TIM1_BRK_TIM9_IRQHandler                 0x080001bb   Thumb Code     0  startup_stm32f40xx.o(.text)
    TIM1_CC_IRQHandler                       0x080001bb   Thumb Code     0  startup_stm32f40xx.o(.text)
    TIM1_TRG_COM_TIM11_IRQHandler            0x080001bb   Thumb Code     0  startup_stm32f40xx.o(.text)
    TIM1_UP_TIM10_IRQHandler                 0x080001bb   Thumb Code     0  startup_stm32f40xx.o(.text)
    TIM2_IRQHandler                          0x080001bb   Thumb Code     0  startup_stm32f40xx.o(.text)
    TIM3_IRQHandler                          0x080001bb   Thumb Code     0  startup_stm32f40xx.o(.text)
    TIM4_IRQHandler                          0x080001bb   Thumb Code     0  startup_stm32f40xx.o(.text)
    TIM5_IRQHandler                          0x080001bb   Thumb Code     0  startup_stm32f40xx.o(.text)
    TIM6_DAC_IRQHandler                      0x080001bb   Thumb Code     0  startup_stm32f40xx.o(.text)
    TIM7_IRQHandler                          0x080001bb   Thumb Code     0  startup_stm32f40xx.o(.text)
    TIM8_BRK_TIM12_IRQHandler                0x080001bb   Thumb Code     0  startup_stm32f40xx.o(.text)
    TIM8_CC_IRQHandler                       0x080001bb   Thumb Code     0  startup_stm32f40xx.o(.text)
    TIM8_TRG_COM_TIM14_IRQHandler            0x080001bb   Thumb Code     0  startup_stm32f40xx.o(.text)
    TIM8_UP_TIM13_IRQHandler                 0x080001bb   Thumb Code     0  startup_stm32f40xx.o(.text)
    UART4_IRQHandler                         0x080001bb   Thumb Code     0  startup_stm32f40xx.o(.text)
    UART5_IRQHandler                         0x080001bb   Thumb Code     0  startup_stm32f40xx.o(.text)
    USART2_IRQHandler                        0x080001bb   Thumb Code     0  startup_stm32f40xx.o(.text)
    USART3_IRQHandler                        0x080001bb   Thumb Code     0  startup_stm32f40xx.o(.text)
    USART6_IRQHandler                        0x080001bb   Thumb Code     0  startup_stm32f40xx.o(.text)
    WWDG_IRQHandler                          0x080001bb   Thumb Code     0  startup_stm32f40xx.o(.text)
    __aeabi_memset                           0x080001c5   Thumb Code    14  memseta.o(.text)
    __aeabi_memset4                          0x080001c5   Thumb Code     0  memseta.o(.text)
    __aeabi_memset8                          0x080001c5   Thumb Code     0  memseta.o(.text)
    __aeabi_memclr                           0x080001d3   Thumb Code     4  memseta.o(.text)
    __aeabi_memclr4                          0x080001d3   Thumb Code     0  memseta.o(.text)
    __aeabi_memclr8                          0x080001d3   Thumb Code     0  memseta.o(.text)
    _memset$wrapper                          0x080001d7   Thumb Code    18  memseta.o(.text)
    strlen                                   0x080001e9   Thumb Code    14  strlen.o(.text)
    strcmp                                   0x080001f7   Thumb Code    28  strcmp.o(.text)
    strncmp                                  0x08000213   Thumb Code    30  strncmp.o(.text)
    __scatterload                            0x08000231   Thumb Code    28  init.o(.text)
    __scatterload_rt2                        0x08000231   Thumb Code     0  init.o(.text)
    BusFault_Handler                         0x08000255   Thumb Code     4  stm32f4xx_it.o(i.BusFault_Handler)
    DebugMon_Handler                         0x08000259   Thumb Code     2  stm32f4xx_it.o(i.DebugMon_Handler)
    GPIO_Init                                0x0800025b   Thumb Code   144  stm32f4xx_gpio.o(i.GPIO_Init)
    GPIO_PinAFConfig                         0x080002eb   Thumb Code    70  stm32f4xx_gpio.o(i.GPIO_PinAFConfig)
    HardFault_Handler                        0x08000331   Thumb Code     4  stm32f4xx_it.o(i.HardFault_Handler)
    MemManage_Handler                        0x08000335   Thumb Code     4  stm32f4xx_it.o(i.MemManage_Handler)
    NMI_Handler                              0x08000339   Thumb Code     2  stm32f4xx_it.o(i.NMI_Handler)
    NVIC_Init                                0x0800033d   Thumb Code   106  misc.o(i.NVIC_Init)
    NVIC_PriorityGroupConfig                 0x080003b5   Thumb Code    10  misc.o(i.NVIC_PriorityGroupConfig)
    PendSV_Handler                           0x080003c9   Thumb Code     2  stm32f4xx_it.o(i.PendSV_Handler)
    RCC_AHB1PeriphClockCmd                   0x080003cd   Thumb Code    26  stm32f4xx_rcc.o(i.RCC_AHB1PeriphClockCmd)
    RCC_APB2PeriphClockCmd                   0x080003ed   Thumb Code    26  stm32f4xx_rcc.o(i.RCC_APB2PeriphClockCmd)
    RCC_GetClocksFreq                        0x0800040d   Thumb Code   214  stm32f4xx_rcc.o(i.RCC_GetClocksFreq)
    SVC_Handler                              0x080004f5   Thumb Code     2  stm32f4xx_it.o(i.SVC_Handler)
    SysTick_Handler                          0x080005e5   Thumb Code     2  stm32f4xx_it.o(i.SysTick_Handler)
    SystemInit                               0x080005e9   Thumb Code    88  system_stm32f4xx.o(i.SystemInit)
    USART1_IRQHandler                        0x08000651   Thumb Code    36  usart.o(i.USART1_IRQHandler)
    USART_ClearITPendingBit                  0x0800067d   Thumb Code    30  stm32f4xx_usart.o(i.USART_ClearITPendingBit)
    USART_Cmd                                0x0800069b   Thumb Code    24  stm32f4xx_usart.o(i.USART_Cmd)
    USART_GetFlagStatus                      0x080006b3   Thumb Code    26  stm32f4xx_usart.o(i.USART_GetFlagStatus)
    USART_GetITStatus                        0x080006cd   Thumb Code    84  stm32f4xx_usart.o(i.USART_GetITStatus)
    USART_ITConfig                           0x08000721   Thumb Code    74  stm32f4xx_usart.o(i.USART_ITConfig)
    USART_Init                               0x0800076d   Thumb Code   204  stm32f4xx_usart.o(i.USART_Init)
    USART_ReceiveData                        0x08000841   Thumb Code    10  stm32f4xx_usart.o(i.USART_ReceiveData)
    USART_SendData                           0x0800084b   Thumb Code     8  stm32f4xx_usart.o(i.USART_SendData)
    UsageFault_Handler                       0x08000853   Thumb Code     4  stm32f4xx_it.o(i.UsageFault_Handler)
    __scatterload_copy                       0x08000857   Thumb Code    14  handlers.o(i.__scatterload_copy)
    __scatterload_null                       0x08000865   Thumb Code     2  handlers.o(i.__scatterload_null)
    __scatterload_zeroinit                   0x08000867   Thumb Code    14  handlers.o(i.__scatterload_zeroinit)
    _shell_read_implement                    0x08000875   Thumb Code    28  myshell.o(i._shell_read_implement)
    _shell_write_implement                   0x08000895   Thumb Code    28  myshell.o(i._shell_write_implement)
    _usart_conf_init                         0x080008b1   Thumb Code    58  usart.o(i._usart_conf_init)
    _usart_it_init                           0x080008f1   Thumb Code    44  usart.o(i._usart_it_init)
    _usart_pin_init                          0x08000921   Thumb Code    70  usart.o(i._usart_pin_init)
    board_init                               0x0800096d   Thumb Code    12  board.o(i.board_init)
    main                                     0x08000979   Thumb Code    26  main.o(i.main)
    myshell_init                             0x08000999   Thumb Code    26  myshell.o(i.myshell_init)
    shellBackspace                           0x080009ed   Thumb Code    14  shell.o(i.shellBackspace)
    shellCheckPermission                     0x08000a41   Thumb Code    54  shell.o(i.shellCheckPermission)
    shellClear                               0x08000a79   Thumb Code    22  shell.o(i.shellClear)
    shellClearCommandLine                    0x08000a95   Thumb Code    40  shell.o(i.shellClearCommandLine)
    shellCmds                                0x08000abd   Thumb Code    18  shell.o(i.shellCmds)
    shellDelete                              0x08000acf   Thumb Code    16  shell.o(i.shellDelete)
    shellDeleteByte                          0x08000adf   Thumb Code   218  shell.o(i.shellDeleteByte)
    shellDeleteCommandLine                   0x08000bb9   Thumb Code    28  shell.o(i.shellDeleteCommandLine)
    shellDown                                0x08000bd9   Thumb Code    16  shell.o(i.shellDown)
    shellEnter                               0x08000be9   Thumb Code    20  shell.o(i.shellEnter)
    shellExec                                0x08000bfd   Thumb Code   108  shell.o(i.shellExec)
    shellExtParsePara                        0x08000dfd   Thumb Code    86  shell_ext.o(i.shellExtParsePara)
    shellExtRun                              0x08000ec1   Thumb Code   202  shell_ext.o(i.shellExtRun)
    shellGetCurrent                          0x08001041   Thumb Code    48  shell.o(i.shellGetCurrent)
    shellGetVarValue                         0x08001075   Thumb Code    84  shell.o(i.shellGetVarValue)
    shellHandler                             0x080010c9   Thumb Code   232  shell.o(i.shellHandler)
    shellHelp                                0x080011b5   Thumb Code    44  shell.o(i.shellHelp)
    shellInit                                0x0800131d   Thumb Code   142  shell.o(i.shellInit)
    shellInsertByte                          0x080013bd   Thumb Code   212  shell.o(i.shellInsertByte)
    shellKeys                                0x08001495   Thumb Code    18  shell.o(i.shellKeys)
    shellLeft                                0x080014a7   Thumb Code    26  shell.o(i.shellLeft)
    shellListAll                             0x080014c1   Thumb Code    12  shell.o(i.shellListAll)
    shellListCommand                         0x080014cd   Thumb Code    70  shell.o(i.shellListCommand)
    shellListItem                            0x08001519   Thumb Code   238  shell.o(i.shellListItem)
    shellListKey                             0x08001615   Thumb Code    84  shell.o(i.shellListKey)
    shellListUser                            0x0800166d   Thumb Code    84  shell.o(i.shellListUser)
    shellListVar                             0x080016c5   Thumb Code    84  shell.o(i.shellListVar)
    shellNormalInput                         0x0800171d   Thumb Code    28  shell.o(i.shellNormalInput)
    shellRight                               0x0800182f   Thumb Code    30  shell.o(i.shellRight)
    shellRunCommand                          0x0800184d   Thumb Code   174  shell.o(i.shellRunCommand)
    shellSeekCommand                         0x080018fb   Thumb Code   122  shell.o(i.shellSeekCommand)
    shellSetVar                              0x080019d1   Thumb Code   106  shell.o(i.shellSetVar)
    shellSetVarValue                         0x08001a41   Thumb Code   140  shell.o(i.shellSetVarValue)
    shellTab                                 0x08001bd5   Thumb Code   266  shell.o(i.shellTab)
    shellTask                                0x08001ce5   Thumb Code    34  shell.o(i.shellTask)
    shellToDec                               0x08001d07   Thumb Code    86  shell.o(i.shellToDec)
    shellToHex                               0x08001d5d   Thumb Code    56  shell.o(i.shellToHex)
    shellUp                                  0x08001d95   Thumb Code    14  shell.o(i.shellUp)
    shellUsers                               0x08001da3   Thumb Code    18  shell.o(i.shellUsers)
    shellVars                                0x08001db5   Thumb Code    18  shell.o(i.shellVars)
    shellWriteString                         0x08001f91   Thumb Code    48  shell.o(i.shellWriteString)
    usart_init                               0x08001fc1   Thumb Code    20  usart.o(i.usart_init)
    usart_send                               0x08001fd5   Thumb Code    28  usart.o(i.usart_send)
    shellCmdDefaultUser                      0x08001ff4   Data           7  shell.o(.constdata)
    shellPasswordDefaultUser                 0x08001ffb   Data           1  shell.o(.constdata)
    shellDesDefaultUser                      0x08001ffc   Data          13  shell.o(.constdata)
    shellCmdsetVar                           0x08002009   Data           7  shell.o(.constdata)
    shellDescsetVar                          0x08002010   Data           8  shell.o(.constdata)
    shellDesc0x1B5B4100                      0x08002018   Data           3  shell.o(.constdata)
    shellDesc0x1B5B4200                      0x0800201b   Data           5  shell.o(.constdata)
    shellDesc0x1B5B4300                      0x08002020   Data           6  shell.o(.constdata)
    shellDesc0x1B5B4400                      0x08002026   Data           5  shell.o(.constdata)
    shellDesc0x09000000                      0x0800202b   Data           4  shell.o(.constdata)
    shellDesc0x08000000                      0x0800202f   Data          10  shell.o(.constdata)
    shellDesc0x7F000000                      0x08002039   Data          10  shell.o(.constdata)
    shellDesc0x1B5B337E                      0x08002043   Data           7  shell.o(.constdata)
    shellDesc0x0A000000                      0x0800204a   Data           6  shell.o(.constdata)
    shellDesc0x0D000000                      0x08002050   Data           6  shell.o(.constdata)
    shellCmdhelp                             0x08002056   Data           5  shell.o(.constdata)
    shellDeschelp                            0x0800205b   Data          30  shell.o(.constdata)
    shellCmdusers                            0x08002079   Data           6  shell.o(.constdata)
    shellDescusers                           0x0800207f   Data          14  shell.o(.constdata)
    shellCmdcmds                             0x0800208d   Data           5  shell.o(.constdata)
    shellDesccmds                            0x08002092   Data          13  shell.o(.constdata)
    shellCmdvars                             0x0800209f   Data           5  shell.o(.constdata)
    shellDescvars                            0x080020a4   Data          13  shell.o(.constdata)
    shellCmdkeys                             0x080020b1   Data           5  shell.o(.constdata)
    shellDesckeys                            0x080020b6   Data          13  shell.o(.constdata)
    shellCmdclear                            0x080020c3   Data           6  shell.o(.constdata)
    shellDescclear                           0x080020c9   Data          14  shell.o(.constdata)
    Region$$Table$$Base                      0x08002380   Number         0  anon$$obj.o(Region$$Table)
    Region$$Table$$Limit                     0x080023a0   Number         0  anon$$obj.o(Region$$Table)
    shellCommand$$Base                       0x080023a0   Number         0  shell.o(shellCommand)
    shellUserDefault                         0x080023a0   Data          16  shell.o(shellCommand)
    shellCommandsetVar                       0x080023b0   Data          16  shell.o(shellCommand)
    shellKey0x1B5B4100                       0x080023c0   Data          16  shell.o(shellCommand)
    shellKey0x1B5B4200                       0x080023d0   Data          16  shell.o(shellCommand)
    shellKey0x1B5B4300                       0x080023e0   Data          16  shell.o(shellCommand)
    shellKey0x1B5B4400                       0x080023f0   Data          16  shell.o(shellCommand)
    shellKey0x09000000                       0x08002400   Data          16  shell.o(shellCommand)
    shellKey0x08000000                       0x08002410   Data          16  shell.o(shellCommand)
    shellKey0x7F000000                       0x08002420   Data          16  shell.o(shellCommand)
    shellKey0x1B5B337E                       0x08002430   Data          16  shell.o(shellCommand)
    shellKey0x0A000000                       0x08002440   Data          16  shell.o(shellCommand)
    shellKey0x0D000000                       0x08002450   Data          16  shell.o(shellCommand)
    shellCommandhelp                         0x08002460   Data          16  shell.o(shellCommand)
    shellCommandusers                        0x08002470   Data          16  shell.o(shellCommand)
    shellCommandcmds                         0x08002480   Data          16  shell.o(shellCommand)
    shellCommandvars                         0x08002490   Data          16  shell.o(shellCommand)
    shellCommandkeys                         0x080024a0   Data          16  shell.o(shellCommand)
    shellCommandclear                        0x080024b0   Data          16  shell.o(shellCommand)
    shellCommand$$Limit                      0x080024c0   Number         0  shell.o(shellCommand)
    rx_data                                  0x20000000   Data           1  usart.o(.data)
    shell                                    0x20000068   Data         108  myshell.o(.bss)
    shellBuffer                              0x200000d4   Data         512  myshell.o(.bss)
    __initial_sp                             0x200006f8   Data           0  startup_stm32f40xx.o(STACK)



==============================================================================

Memory Map of the image

  Image Entry point : 0x08000189

  Load Region LR_IROM1 (Base: 0x08000000, Size: 0x00002528, Max: 0x00080000, ABSOLUTE)

    Execution Region ER_IROM1 (Exec base: 0x08000000, Load base: 0x08000000, Size: 0x000024c0, Max: 0x00080000, ABSOLUTE)

    Exec Addr    Load Addr    Size         Type   Attr      Idx    E Section Name        Object

    0x08000000   0x08000000   0x00000188   Data   RO          280    RESET               startup_stm32f40xx.o
    0x08000188   0x08000188   0x00000000   Code   RO         5856  * .ARM.Collect$$$$00000000  mc_w.l(entry.o)
    0x08000188   0x08000188   0x00000004   Code   RO         5895    .ARM.Collect$$$$00000001  mc_w.l(entry2.o)
    0x0800018c   0x0800018c   0x00000004   Code   RO         5898    .ARM.Collect$$$$00000004  mc_w.l(entry5.o)
    0x08000190   0x08000190   0x00000000   Code   RO         5900    .ARM.Collect$$$$00000008  mc_w.l(entry7b.o)
    0x08000190   0x08000190   0x00000000   Code   RO         5902    .ARM.Collect$$$$0000000A  mc_w.l(entry8b.o)
    0x08000190   0x08000190   0x00000008   Code   RO         5903    .ARM.Collect$$$$0000000B  mc_w.l(entry9a.o)
    0x08000198   0x08000198   0x00000004   Code   RO         5910    .ARM.Collect$$$$0000000E  mc_w.l(entry12b.o)
    0x0800019c   0x0800019c   0x00000000   Code   RO         5905    .ARM.Collect$$$$0000000F  mc_w.l(entry10a.o)
    0x0800019c   0x0800019c   0x00000000   Code   RO         5907    .ARM.Collect$$$$00000011  mc_w.l(entry11a.o)
    0x0800019c   0x0800019c   0x00000004   Code   RO         5896    .ARM.Collect$$$$00002712  mc_w.l(entry2.o)
    0x080001a0   0x080001a0   0x00000024   Code   RO          281    .text               startup_stm32f40xx.o
    0x080001c4   0x080001c4   0x00000024   Code   RO         5859    .text               mc_w.l(memseta.o)
    0x080001e8   0x080001e8   0x0000000e   Code   RO         5861    .text               mc_w.l(strlen.o)
    0x080001f6   0x080001f6   0x0000001c   Code   RO         5863    .text               mc_w.l(strcmp.o)
    0x08000212   0x08000212   0x0000001e   Code   RO         5865    .text               mc_w.l(strncmp.o)
    0x08000230   0x08000230   0x00000024   Code   RO         5929    .text               mc_w.l(init.o)
    0x08000254   0x08000254   0x00000004   Code   RO          288    i.BusFault_Handler  stm32f4xx_it.o
    0x08000258   0x08000258   0x00000002   Code   RO          289    i.DebugMon_Handler  stm32f4xx_it.o
    0x0800025a   0x0800025a   0x00000090   Code   RO         2305    i.GPIO_Init         stm32f4xx_gpio.o
    0x080002ea   0x080002ea   0x00000046   Code   RO         2306    i.GPIO_PinAFConfig  stm32f4xx_gpio.o
    0x08000330   0x08000330   0x00000004   Code   RO          290    i.HardFault_Handler  stm32f4xx_it.o
    0x08000334   0x08000334   0x00000004   Code   RO          291    i.MemManage_Handler  stm32f4xx_it.o
    0x08000338   0x08000338   0x00000002   Code   RO          292    i.NMI_Handler       stm32f4xx_it.o
    0x0800033a   0x0800033a   0x00000002   PAD
    0x0800033c   0x0800033c   0x00000078   Code   RO          430    i.NVIC_Init         misc.o
    0x080003b4   0x080003b4   0x00000014   Code   RO          431    i.NVIC_PriorityGroupConfig  misc.o
    0x080003c8   0x080003c8   0x00000002   Code   RO          293    i.PendSV_Handler    stm32f4xx_it.o
    0x080003ca   0x080003ca   0x00000002   PAD
    0x080003cc   0x080003cc   0x00000020   Code   RO         3231    i.RCC_AHB1PeriphClockCmd  stm32f4xx_rcc.o
    0x080003ec   0x080003ec   0x00000020   Code   RO         3243    i.RCC_APB2PeriphClockCmd  stm32f4xx_rcc.o
    0x0800040c   0x0800040c   0x000000e8   Code   RO         3252    i.RCC_GetClocksFreq  stm32f4xx_rcc.o
    0x080004f4   0x080004f4   0x00000002   Code   RO          294    i.SVC_Handler       stm32f4xx_it.o
    0x080004f6   0x080004f6   0x00000002   PAD
    0x080004f8   0x080004f8   0x000000ec   Code   RO          389    i.SetSysClock       system_stm32f4xx.o
    0x080005e4   0x080005e4   0x00000002   Code   RO          295    i.SysTick_Handler   stm32f4xx_it.o
    0x080005e6   0x080005e6   0x00000002   PAD
    0x080005e8   0x080005e8   0x00000068   Code   RO          391    i.SystemInit        system_stm32f4xx.o
    0x08000650   0x08000650   0x0000002c   Code   RO          179    i.USART1_IRQHandler  usart.o
    0x0800067c   0x0800067c   0x0000001e   Code   RO         5178    i.USART_ClearITPendingBit  stm32f4xx_usart.o
    0x0800069a   0x0800069a   0x00000018   Code   RO         5181    i.USART_Cmd         stm32f4xx_usart.o
    0x080006b2   0x080006b2   0x0000001a   Code   RO         5184    i.USART_GetFlagStatus  stm32f4xx_usart.o
    0x080006cc   0x080006cc   0x00000054   Code   RO         5185    i.USART_GetITStatus  stm32f4xx_usart.o
    0x08000720   0x08000720   0x0000004a   Code   RO         5187    i.USART_ITConfig    stm32f4xx_usart.o
    0x0800076a   0x0800076a   0x00000002   PAD
    0x0800076c   0x0800076c   0x000000d4   Code   RO         5188    i.USART_Init        stm32f4xx_usart.o
    0x08000840   0x08000840   0x0000000a   Code   RO         5195    i.USART_ReceiveData  stm32f4xx_usart.o
    0x0800084a   0x0800084a   0x00000008   Code   RO         5198    i.USART_SendData    stm32f4xx_usart.o
    0x08000852   0x08000852   0x00000004   Code   RO          296    i.UsageFault_Handler  stm32f4xx_it.o
    0x08000856   0x08000856   0x0000000e   Code   RO         5943    i.__scatterload_copy  mc_w.l(handlers.o)
    0x08000864   0x08000864   0x00000002   Code   RO         5944    i.__scatterload_null  mc_w.l(handlers.o)
    0x08000866   0x08000866   0x0000000e   Code   RO         5945    i.__scatterload_zeroinit  mc_w.l(handlers.o)
    0x08000874   0x08000874   0x00000020   Code   RO          239    i._shell_read_implement  myshell.o
    0x08000894   0x08000894   0x0000001c   Code   RO          240    i._shell_write_implement  myshell.o
    0x080008b0   0x080008b0   0x00000040   Code   RO          180    i._usart_conf_init  usart.o
    0x080008f0   0x080008f0   0x00000030   Code   RO          181    i._usart_it_init    usart.o
    0x08000920   0x08000920   0x0000004c   Code   RO          182    i._usart_pin_init   usart.o
    0x0800096c   0x0800096c   0x0000000c   Code   RO          155    i.board_init        board.o
    0x08000978   0x08000978   0x00000020   Code   RO            4    i.main              main.o
    0x08000998   0x08000998   0x0000002c   Code   RO          241    i.myshell_init      myshell.o
    0x080009c4   0x080009c4   0x00000028   Code   RO         5432    i.shellAdd          shell.o
    0x080009ec   0x080009ec   0x0000000e   Code   RO         5433    i.shellBackspace    shell.o
    0x080009fa   0x080009fa   0x00000002   PAD
    0x080009fc   0x080009fc   0x00000044   Code   RO         5434    i.shellCheckPassword  shell.o
    0x08000a40   0x08000a40   0x00000036   Code   RO         5435    i.shellCheckPermission  shell.o
    0x08000a76   0x08000a76   0x00000002   PAD
    0x08000a78   0x08000a78   0x0000001c   Code   RO         5436    i.shellClear        shell.o
    0x08000a94   0x08000a94   0x00000028   Code   RO         5437    i.shellClearCommandLine  shell.o
    0x08000abc   0x08000abc   0x00000012   Code   RO         5438    i.shellCmds         shell.o
    0x08000ace   0x08000ace   0x00000010   Code   RO         5439    i.shellDelete       shell.o
    0x08000ade   0x08000ade   0x000000da   Code   RO         5440    i.shellDeleteByte   shell.o
    0x08000bb8   0x08000bb8   0x00000020   Code   RO         5441    i.shellDeleteCommandLine  shell.o
    0x08000bd8   0x08000bd8   0x00000010   Code   RO         5442    i.shellDown         shell.o
    0x08000be8   0x08000be8   0x00000014   Code   RO         5443    i.shellEnter        shell.o
    0x08000bfc   0x08000bfc   0x00000074   Code   RO         5444    i.shellExec         shell.o
    0x08000c70   0x08000c70   0x00000058   Code   RO         5808    i.shellExtNumType   shell_ext.o
    0x08000cc8   0x08000cc8   0x00000046   Code   RO         5809    i.shellExtParseChar  shell_ext.o
    0x08000d0e   0x08000d0e   0x00000002   PAD
    0x08000d10   0x08000d10   0x000000ec   Code   RO         5810    i.shellExtParseNumber  shell_ext.o
    0x08000dfc   0x08000dfc   0x00000056   Code   RO         5811    i.shellExtParsePara  shell_ext.o
    0x08000e52   0x08000e52   0x0000004a   Code   RO         5812    i.shellExtParseString  shell_ext.o
    0x08000e9c   0x08000e9c   0x00000024   Code   RO         5813    i.shellExtParseVar  shell_ext.o
    0x08000ec0   0x08000ec0   0x000000ca   Code   RO         5814    i.shellExtRun       shell_ext.o
    0x08000f8a   0x08000f8a   0x00000036   Code   RO         5815    i.shellExtToNum     shell_ext.o
    0x08000fc0   0x08000fc0   0x00000030   Code   RO         5445    i.shellGetCommandDesc  shell.o
    0x08000ff0   0x08000ff0   0x00000050   Code   RO         5446    i.shellGetCommandName  shell.o
    0x08001040   0x08001040   0x00000034   Code   RO         5447    i.shellGetCurrent   shell.o
    0x08001074   0x08001074   0x00000054   Code   RO         5448    i.shellGetVarValue  shell.o
    0x080010c8   0x080010c8   0x000000ec   Code   RO         5449    i.shellHandler      shell.o
    0x080011b4   0x080011b4   0x0000002c   Code   RO         5450    i.shellHelp         shell.o
    0x080011e0   0x080011e0   0x000000c2   Code   RO         5451    i.shellHistory      shell.o
    0x080012a2   0x080012a2   0x0000007a   Code   RO         5452    i.shellHistoryAdd   shell.o
    0x0800131c   0x0800131c   0x000000a0   Code   RO         5453    i.shellInit         shell.o
    0x080013bc   0x080013bc   0x000000d8   Code   RO         5454    i.shellInsertByte   shell.o
    0x08001494   0x08001494   0x00000012   Code   RO         5455    i.shellKeys         shell.o
    0x080014a6   0x080014a6   0x0000001a   Code   RO         5456    i.shellLeft         shell.o
    0x080014c0   0x080014c0   0x0000000c   Code   RO         5457    i.shellListAll      shell.o
    0x080014cc   0x080014cc   0x0000004c   Code   RO         5458    i.shellListCommand  shell.o
    0x08001518   0x08001518   0x000000fc   Code   RO         5459    i.shellListItem     shell.o
    0x08001614   0x08001614   0x00000058   Code   RO         5460    i.shellListKey      shell.o
    0x0800166c   0x0800166c   0x00000058   Code   RO         5461    i.shellListUser     shell.o
    0x080016c4   0x080016c4   0x00000058   Code   RO         5462    i.shellListVar      shell.o
    0x0800171c   0x0800171c   0x0000001c   Code   RO         5463    i.shellNormalInput  shell.o
    0x08001738   0x08001738   0x0000008e   Code   RO         5464    i.shellParserParam  shell.o
    0x080017c6   0x080017c6   0x00000068   Code   RO         5467    i.shellRemoveParamQuotes  shell.o
    0x0800182e   0x0800182e   0x0000001e   Code   RO         5468    i.shellRight        shell.o
    0x0800184c   0x0800184c   0x000000ae   Code   RO         5470    i.shellRunCommand   shell.o
    0x080018fa   0x080018fa   0x0000007a   Code   RO         5471    i.shellSeekCommand  shell.o
    0x08001974   0x08001974   0x0000005c   Code   RO         5472    i.shellSetUser      shell.o
    0x080019d0   0x080019d0   0x00000070   Code   RO         5473    i.shellSetVar       shell.o
    0x08001a40   0x08001a40   0x00000090   Code   RO         5474    i.shellSetVarValue  shell.o
    0x08001ad0   0x08001ad0   0x000000c0   Code   RO         5475    i.shellShowVar      shell.o
    0x08001b90   0x08001b90   0x0000002c   Code   RO         5476    i.shellStringCompare  shell.o
    0x08001bbc   0x08001bbc   0x00000018   Code   RO         5477    i.shellStringCopy   shell.o
    0x08001bd4   0x08001bd4   0x00000110   Code   RO         5478    i.shellTab          shell.o
    0x08001ce4   0x08001ce4   0x00000022   Code   RO         5479    i.shellTask         shell.o
    0x08001d06   0x08001d06   0x00000056   Code   RO         5480    i.shellToDec        shell.o
    0x08001d5c   0x08001d5c   0x00000038   Code   RO         5481    i.shellToHex        shell.o
    0x08001d94   0x08001d94   0x0000000e   Code   RO         5482    i.shellUp           shell.o
    0x08001da2   0x08001da2   0x00000012   Code   RO         5483    i.shellUsers        shell.o
    0x08001db4   0x08001db4   0x00000012   Code   RO         5484    i.shellVars         shell.o
    0x08001dc6   0x08001dc6   0x0000000e   Code   RO         5485    i.shellWriteByte    shell.o
    0x08001dd4   0x08001dd4   0x0000005c   Code   RO         5486    i.shellWriteCommandDesc  shell.o
    0x08001e30   0x08001e30   0x0000006c   Code   RO         5487    i.shellWriteCommandHelp  shell.o
    0x08001e9c   0x08001e9c   0x00000068   Code   RO         5488    i.shellWritePrompt  shell.o
    0x08001f04   0x08001f04   0x0000008c   Code   RO         5489    i.shellWriteReturnValue  shell.o
    0x08001f90   0x08001f90   0x00000030   Code   RO         5490    i.shellWriteString  shell.o
    0x08001fc0   0x08001fc0   0x00000014   Code   RO          183    i.usart_init        usart.o
    0x08001fd4   0x08001fd4   0x00000020   Code   RO          184    i.usart_send        usart.o
    0x08001ff4   0x08001ff4   0x000000e3   Data   RO         5492    .constdata          shell.o
    0x080020d7   0x080020d7   0x00000001   PAD
    0x080020d8   0x080020d8   0x000002a5   Data   RO         5493    .conststring        shell.o
    0x0800237d   0x0800237d   0x00000003   PAD
    0x08002380   0x08002380   0x00000020   Data   RO         5941    Region$$Table       anon$$obj.o
    0x080023a0   0x080023a0   0x00000120   Data   RO         5495    shellCommand        shell.o


    Execution Region RW_IRAM1 (Exec base: 0x20000000, Load base: 0x080024c0, Size: 0x000006f8, Max: 0x00020000, ABSOLUTE)

    Exec Addr    Load Addr    Size         Type   Attr      Idx    E Section Name        Object

    0x20000000   0x080024c0   0x00000001   Data   RW          185    .data               usart.o
    0x20000001   0x080024c1   0x00000010   Data   RW         3284    .data               stm32f4xx_rcc.o
    0x20000011   0x080024d1   0x00000003   PAD
    0x20000014   0x080024d4   0x00000054   Data   RW         5494    .data               shell.o
    0x20000068        -       0x0000026c   Zero   RW          242    .bss                myshell.o
    0x200002d4        -       0x0000001d   Zero   RW         5491    .bss                shell.o
    0x200002f1   0x08002528   0x00000007   PAD
    0x200002f8        -       0x00000400   Zero   RW          278    STACK               startup_stm32f40xx.o


==============================================================================

Image component sizes


      Code (inc. data)   RO Data    RW Data    ZI Data      Debug   Object Name

        12          0          0          0          0        497   board.o
        32          6          0          0          0     276627   main.o
       140         24          0          0          0       1811   misc.o
       104         22          0          0        620       2736   myshell.o
      4776        234       1192         84         29      49209   shell.o
       846         12          0          0          0       6926   shell_ext.o
        36          8        392          0       1024        888   startup_stm32f40xx.o
       214          0          0          0          0       2051   stm32f4xx_gpio.o
        26          0          0          0          0       4782   stm32f4xx_it.o
       296         30          0         16          0       4438   stm32f4xx_rcc.o
       468          8          0          0          0       6711   stm32f4xx_usart.o
       340         32          0          0          0       1861   system_stm32f4xx.o
       284         28          0          1          0       4130   usart.o

    ----------------------------------------------------------------------
      7590        404       1620        104       1680     362667   Object Totals
         0          0         32          0          0          0   (incl. Generated)
        16          0          4          3          7          0   (incl. Padding)

    ----------------------------------------------------------------------

      Code (inc. data)   RO Data    RW Data    ZI Data      Debug   Library Member Name

         0          0          0          0          0          0   entry.o
         0          0          0          0          0          0   entry10a.o
         0          0          0          0          0          0   entry11a.o
         4          0          0          0          0          0   entry12b.o
         8          4          0          0          0          0   entry2.o
         4          0          0          0          0          0   entry5.o
         0          0          0          0          0          0   entry7b.o
         0          0          0          0          0          0   entry8b.o
         8          4          0          0          0          0   entry9a.o
        30          0          0          0          0          0   handlers.o
        36          8          0          0          0         68   init.o
        36          0          0          0          0        108   memseta.o
        28          0          0          0          0         76   strcmp.o
        14          0          0          0          0         68   strlen.o
        30          0          0          0          0         80   strncmp.o

    ----------------------------------------------------------------------
       198         16          0          0          0        400   Library Totals
         0          0          0          0          0          0   (incl. Padding)

    ----------------------------------------------------------------------

      Code (inc. data)   RO Data    RW Data    ZI Data      Debug   Library Name

       198         16          0          0          0        400   mc_w.l

    ----------------------------------------------------------------------
       198         16          0          0          0        400   Library Totals

    ----------------------------------------------------------------------

==============================================================================


      Code (inc. data)   RO Data    RW Data    ZI Data      Debug   

      7788        420       1620        104       1680     353567   Grand Totals
      7788        420       1620        104       1680     353567   ELF Image Totals
      7788        420       1620        104          0          0   ROM Totals

==============================================================================

    Total RO  Size (Code + RO Data)                 9408 (   9.19kB)
    Total RW  Size (RW Data + ZI Data)              1784 (   1.74kB)
    Total ROM Size (Code + RO Data + RW Data)       9512 (   9.29kB)

==============================================================================

